../Core/Src/stm32f4xx_it.c:78:6:NMI_Handler	4	static
../Core/Src/stm32f4xx_it.c:93:6:HardFault_Handler	4	static
../Core/Src/stm32f4xx_it.c:108:6:MemManage_Handler	4	static
../Core/Src/stm32f4xx_it.c:123:6:BusFault_Handler	4	static
../Core/Src/stm32f4xx_it.c:138:6:UsageFault_Handler	4	static
../Core/Src/stm32f4xx_it.c:153:6:SVC_Handler	4	static
../Core/Src/stm32f4xx_it.c:166:6:DebugMon_Handler	4	static
../Core/Src/stm32f4xx_it.c:179:6:PendSV_Handler	4	static
../Core/Src/stm32f4xx_it.c:192:6:SysTick_Handler	8	static
../Core/Src/stm32f4xx_it.c:213:6:EXTI4_IRQHandler	8	static
../Core/Src/stm32f4xx_it.c:233:6:ADC_IRQHandler	8	static
../Core/Src/stm32f4xx_it.c:247:6:TIM2_IRQHandler	8	static
../Core/Src/stm32f4xx_it.c:261:6:I2C1_EV_IRQHandler	8	static
../Core/Src/stm32f4xx_it.c:275:6:I2C1_ER_IRQHandler	8	static
../Core/Src/stm32f4xx_it.c:289:6:I2C2_EV_IRQHandler	8	static
../Core/Src/stm32f4xx_it.c:303:6:I2C2_ER_IRQHandler	8	static
../Core/Src/stm32f4xx_it.c:317:6:SPI1_IRQHandler	8	static
../Core/Src/stm32f4xx_it.c:331:6:SPI2_IRQHandler	8	static
../Core/Src/stm32f4xx_it.c:345:6:USART1_IRQHandler	8	static
../Core/Src/stm32f4xx_it.c:359:6:USART2_IRQHandler	8	static
../Core/Src/stm32f4xx_it.c:373:6:OTG_FS_IRQHandler	8	static
