Archive member included to satisfy reference by file (symbol)

C:/ST/STM32CubeIDE_1.13.0/STM32CubeIDE/plugins/com.st.stm32cube.ide.mcu.externaltools.gnu-tools-for-stm32.11.3.rel1.win32_1.1.100.202309141235/tools/bin/../lib/gcc/arm-none-eabi/11.3.1/../../../../arm-none-eabi/lib/thumb/v7e-m+fp/hard\libc_nano.a(libc_a-exit.o)
                              C:/ST/STM32CubeIDE_1.13.0/STM32CubeIDE/plugins/com.st.stm32cube.ide.mcu.externaltools.gnu-tools-for-stm32.11.3.rel1.win32_1.1.100.202309141235/tools/bin/../lib/gcc/arm-none-eabi/11.3.1/../../../../arm-none-eabi/lib/thumb/v7e-m+fp/hard/crt0.o (exit)
C:/ST/STM32CubeIDE_1.13.0/STM32CubeIDE/plugins/com.st.stm32cube.ide.mcu.externaltools.gnu-tools-for-stm32.11.3.rel1.win32_1.1.100.202309141235/tools/bin/../lib/gcc/arm-none-eabi/11.3.1/../../../../arm-none-eabi/lib/thumb/v7e-m+fp/hard\libc_nano.a(libc_a-findfp.o)
                              C:/ST/STM32CubeIDE_1.13.0/STM32CubeIDE/plugins/com.st.stm32cube.ide.mcu.externaltools.gnu-tools-for-stm32.11.3.rel1.win32_1.1.100.202309141235/tools/bin/../lib/gcc/arm-none-eabi/11.3.1/../../../../arm-none-eabi/lib/thumb/v7e-m+fp/hard\libc_nano.a(libc_a-exit.o) (__stdio_exit_handler)
C:/ST/STM32CubeIDE_1.13.0/STM32CubeIDE/plugins/com.st.stm32cube.ide.mcu.externaltools.gnu-tools-for-stm32.11.3.rel1.win32_1.1.100.202309141235/tools/bin/../lib/gcc/arm-none-eabi/11.3.1/../../../../arm-none-eabi/lib/thumb/v7e-m+fp/hard\libc_nano.a(libc_a-fwalk.o)
                              C:/ST/STM32CubeIDE_1.13.0/STM32CubeIDE/plugins/com.st.stm32cube.ide.mcu.externaltools.gnu-tools-for-stm32.11.3.rel1.win32_1.1.100.202309141235/tools/bin/../lib/gcc/arm-none-eabi/11.3.1/../../../../arm-none-eabi/lib/thumb/v7e-m+fp/hard\libc_nano.a(libc_a-findfp.o) (_fwalk_sglue)
C:/ST/STM32CubeIDE_1.13.0/STM32CubeIDE/plugins/com.st.stm32cube.ide.mcu.externaltools.gnu-tools-for-stm32.11.3.rel1.win32_1.1.100.202309141235/tools/bin/../lib/gcc/arm-none-eabi/11.3.1/../../../../arm-none-eabi/lib/thumb/v7e-m+fp/hard\libc_nano.a(libc_a-stdio.o)
                              C:/ST/STM32CubeIDE_1.13.0/STM32CubeIDE/plugins/com.st.stm32cube.ide.mcu.externaltools.gnu-tools-for-stm32.11.3.rel1.win32_1.1.100.202309141235/tools/bin/../lib/gcc/arm-none-eabi/11.3.1/../../../../arm-none-eabi/lib/thumb/v7e-m+fp/hard\libc_nano.a(libc_a-findfp.o) (__sread)
C:/ST/STM32CubeIDE_1.13.0/STM32CubeIDE/plugins/com.st.stm32cube.ide.mcu.externaltools.gnu-tools-for-stm32.11.3.rel1.win32_1.1.100.202309141235/tools/bin/../lib/gcc/arm-none-eabi/11.3.1/../../../../arm-none-eabi/lib/thumb/v7e-m+fp/hard\libc_nano.a(libc_a-memset.o)
                              C:/ST/STM32CubeIDE_1.13.0/STM32CubeIDE/plugins/com.st.stm32cube.ide.mcu.externaltools.gnu-tools-for-stm32.11.3.rel1.win32_1.1.100.202309141235/tools/bin/../lib/gcc/arm-none-eabi/11.3.1/../../../../arm-none-eabi/lib/thumb/v7e-m+fp/hard/crt0.o (memset)
C:/ST/STM32CubeIDE_1.13.0/STM32CubeIDE/plugins/com.st.stm32cube.ide.mcu.externaltools.gnu-tools-for-stm32.11.3.rel1.win32_1.1.100.202309141235/tools/bin/../lib/gcc/arm-none-eabi/11.3.1/../../../../arm-none-eabi/lib/thumb/v7e-m+fp/hard\libc_nano.a(libc_a-closer.o)
                              C:/ST/STM32CubeIDE_1.13.0/STM32CubeIDE/plugins/com.st.stm32cube.ide.mcu.externaltools.gnu-tools-for-stm32.11.3.rel1.win32_1.1.100.202309141235/tools/bin/../lib/gcc/arm-none-eabi/11.3.1/../../../../arm-none-eabi/lib/thumb/v7e-m+fp/hard\libc_nano.a(libc_a-stdio.o) (_close_r)
C:/ST/STM32CubeIDE_1.13.0/STM32CubeIDE/plugins/com.st.stm32cube.ide.mcu.externaltools.gnu-tools-for-stm32.11.3.rel1.win32_1.1.100.202309141235/tools/bin/../lib/gcc/arm-none-eabi/11.3.1/../../../../arm-none-eabi/lib/thumb/v7e-m+fp/hard\libc_nano.a(libc_a-reent.o)
                              C:/ST/STM32CubeIDE_1.13.0/STM32CubeIDE/plugins/com.st.stm32cube.ide.mcu.externaltools.gnu-tools-for-stm32.11.3.rel1.win32_1.1.100.202309141235/tools/bin/../lib/gcc/arm-none-eabi/11.3.1/../../../../arm-none-eabi/lib/thumb/v7e-m+fp/hard\libc_nano.a(libc_a-closer.o) (errno)
C:/ST/STM32CubeIDE_1.13.0/STM32CubeIDE/plugins/com.st.stm32cube.ide.mcu.externaltools.gnu-tools-for-stm32.11.3.rel1.win32_1.1.100.202309141235/tools/bin/../lib/gcc/arm-none-eabi/11.3.1/../../../../arm-none-eabi/lib/thumb/v7e-m+fp/hard\libc_nano.a(libc_a-impure.o)
                              C:/ST/STM32CubeIDE_1.13.0/STM32CubeIDE/plugins/com.st.stm32cube.ide.mcu.externaltools.gnu-tools-for-stm32.11.3.rel1.win32_1.1.100.202309141235/tools/bin/../lib/gcc/arm-none-eabi/11.3.1/../../../../arm-none-eabi/lib/thumb/v7e-m+fp/hard\libc_nano.a(libc_a-reent.o) (_impure_ptr)
C:/ST/STM32CubeIDE_1.13.0/STM32CubeIDE/plugins/com.st.stm32cube.ide.mcu.externaltools.gnu-tools-for-stm32.11.3.rel1.win32_1.1.100.202309141235/tools/bin/../lib/gcc/arm-none-eabi/11.3.1/../../../../arm-none-eabi/lib/thumb/v7e-m+fp/hard\libc_nano.a(libc_a-lseekr.o)
[...]
Memory Configuration

Name             Origin             Length             Attributes
RAM              0x0000000020000000 0x0000000000020000 xrw
FLASH            0x0000000008000000 0x0000000000080000 xr
*default*        0x0000000000000000 0xffffffffffffffff

Linker script and memory map

LOAD C:/ST/STM32CubeIDE_1.13.0/STM32CubeIDE/plugins/com.st.stm32cube.ide.mcu.externaltools.gnu-tools-for-stm32.11.3.rel1.win32_1.1.100.202309141235/tools/bin/../lib/gcc/arm-none-eabi/11.3.1/thumb/v7e-m+fp/hard/crti.o
LOAD C:/ST/STM32CubeIDE_1.13.0/STM32CubeIDE/plugins/com.st.stm32cube.ide.mcu.externaltools.gnu-tools-for-stm32.11.3.rel1.win32_1.1.100.202309141235/tools/bin/../lib/gcc/arm-none-eabi/11.3.1/thumb/v7e-m+fp/hard/crtbegin.o
LOAD C:/ST/STM32CubeIDE_1.13.0/STM32CubeIDE/plugins/com.st.stm32cube.ide.mcu.externaltools.gnu-tools-for-stm32.11.3.rel1.win32_1.1.100.202309141235/tools/bin/../lib/gcc/arm-none-eabi/11.3.1/../../../../arm-none-eabi/lib/thumb/v7e-m+fp/hard/crt0.o
LOAD ./Application/User/Core/RX5808.o
LOAD ./Application/User/Core/adc.o
LOAD ./Application/User/Core/crc.o
LOAD ./Application/User/Core/dma.o
LOAD ./Application/User/Core/gpio.o
LOAD ./Application/User/Core/i2c.o
LOAD ./Application/User/Core/main.o
LOAD ./Application/User/Core/spi.o
LOAD ./Application/User/Core/stm32f4xx_hal_msp.o
LOAD ./Application/User/Core/stm32f4xx_it.o
LOAD ./Application/User/Core/syscalls.o
LOAD ./Application/User/Core/sysmem.o
LOAD ./Application/User/Core/tim.o
LOAD ./Application/User/Core/usart.o
LOAD ./Application/User/FATFS/App/fatfs.o
LOAD ./Application/User/FATFS/Target/user_diskio.o
LOAD ./Application/User/Startup/startup_stm32f411ceux.o
LOAD ./Application/User/USB_DEVICE/App/usb_device.o
LOAD ./Application/User/USB_DEVICE/App/usbd_cdc_if.o
LOAD ./Application/User/USB_DEVICE/App/usbd_desc.o
LOAD ./Application/User/USB_DEVICE/Target/usbd_conf.o
LOAD ./Drivers/CMSIS/system_stm32f4xx.o
LOAD ./Drivers/STM32F4xx_HAL_Driver/stm32f4xx_hal.o
LOAD ./Drivers/STM32F4xx_HAL_Driver/stm32f4xx_hal_adc.o
LOAD ./Drivers/STM32F4xx_HAL_Driver/stm32f4xx_hal_adc_ex.o
LOAD ./Drivers/STM32F4xx_HAL_Driver/stm32f4xx_hal_cortex.o
LOAD ./Drivers/STM32F4xx_HAL_Driver/stm32f4xx_hal_crc.o
LOAD ./Drivers/STM32F4xx_HAL_Driver/stm32f4xx_hal_dma.o
LOAD ./Drivers/STM32F4xx_HAL_Driver/stm32f4xx_hal_dma_ex.o
LOAD ./Drivers/STM32F4xx_HAL_Driver/stm32f4xx_hal_exti.o
LOAD ./Drivers/STM32F4xx_HAL_Driver/stm32f4xx_hal_flash.o
LOAD ./Drivers/STM32F4xx_HAL_Driver/stm32f4xx_hal_flash_ex.o
LOAD ./Drivers/STM32F4xx_HAL_Driver/stm32f4xx_hal_flash_ramfunc.o
LOAD ./Drivers/STM32F4xx_HAL_Driver/stm32f4xx_hal_gpio.o
LOAD ./Drivers/STM32F4xx_HAL_Driver/stm32f4xx_hal_i2c.o
LOAD ./Drivers/STM32F4xx_HAL_Driver/stm32f4xx_hal_i2c_ex.o
LOAD ./Drivers/STM32F4xx_HAL_Driver/stm32f4xx_hal_pcd.o
LOAD ./Drivers/STM32F4xx_HAL_Driver/stm32f4xx_hal_pcd_ex.o
LOAD ./Drivers/STM32F4xx_HAL_Driver/stm32f4xx_hal_pwr.o
LOAD ./Drivers/STM32F4xx_HAL_Driver/stm32f4xx_hal_pwr_ex.o
LOAD ./Drivers/STM32F4xx_HAL_Driver/stm32f4xx_hal_rcc.o
LOAD ./Drivers/STM32F4xx_HAL_Driver/stm32f4xx_hal_rcc_ex.o
LOAD ./Drivers/STM32F4xx_HAL_Driver/stm32f4xx_hal_spi.o
LOAD ./Drivers/STM32F4xx_HAL_Driver/stm32f4xx_hal_tim.o
LOAD ./Drivers/STM32F4xx_HAL_Driver/stm32f4xx_hal_tim_ex.o
LOAD ./Drivers/STM32F4xx_HAL_Driver/stm32f4xx_hal_uart.o
LOAD ./Drivers/STM32F4xx_HAL_Driver/stm32f4xx_ll_adc.o
LOAD ./Drivers/STM32F4xx_HAL_Driver/stm32f4xx_ll_usb.o
LOAD ./Middlewares/FatFs/diskio.o
LOAD ./Middlewares/FatFs/ff.o
LOAD ./Middlewares/FatFs/ff_gen_drv.o
LOAD ./Middlewares/FatFs/syscall.o
LOAD ./Middlewares/USB_Device_Library/usbd_cdc.o
LOAD ./Middlewares/USB_Device_Library/usbd_core.o
LOAD ./Middlewares/USB_Device_Library/usbd_ctlreq.o
LOAD ./Middlewares/USB_Device_Library/usbd_ioreq.o
START GROUP
LOAD C:/ST/STM32CubeIDE_1.13.0/STM32CubeIDE/plugins/com.st.stm32cube.ide.mcu.externaltools.gnu-tools-for-stm32.11.3.rel1.win32_1.1.100.202309141235/tools/bin/../lib/gcc/arm-none-eabi/11.3.1/../../../../arm-none-eabi/lib/thumb/v7e-m+fp/hard\libc_nano.a
LOAD C:/ST/STM32CubeIDE_1.13.0/STM32CubeIDE/plugins/com.st.stm32cube.ide.mcu.externaltools.gnu-tools-for-stm32.11.3.rel1.win32_1.1.100.202309141235/tools/bin/../lib/gcc/arm-none-eabi/11.3.1/../../../../arm-none-eabi/lib/thumb/v7e-m+fp/hard\libm.a
END GROUP
START GROUP
LOAD C:/ST/STM32CubeIDE_1.13.0/STM32CubeIDE/plugins/com.st.stm32cube.ide.mcu.externaltools.gnu-tools-for-stm32.11.3.rel1.win32_1.1.100.202309141235/tools/bin/../lib/gcc/arm-none-eabi/11.3.1/thumb/v7e-m+fp/hard\libgcc.a
LOAD C:/ST/STM32CubeIDE_1.13.0/STM32CubeIDE/plugins/com.st.stm32cube.ide.mcu.externaltools.gnu-tools-for-stm32.11.3.rel1.win32_1.1.100.202309141235/tools/bin/../lib/gcc/arm-none-eabi/11.3.1/../../../../arm-none-eabi/lib/thumb/v7e-m+fp/hard\libc_nano.a
END GROUP
START GROUP
LOAD C:/ST/STM32CubeIDE_1.13.0/STM32CubeIDE/plugins/com.st.stm32cube.ide.mcu.externaltools.gnu-tools-for-stm32.11.3.rel1.win32_1.1.100.202309141235/tools/bin/../lib/gcc/arm-none-eabi/11.3.1/thumb/v7e-m+fp/hard\libgcc.a
LOAD C:/ST/STM32CubeIDE_1.13.0/STM32CubeIDE/plugins/com.st.stm32cube.ide.mcu.externaltools.gnu-tools-for-stm32.11.3.rel1.win32_1.1.100.202309141235/tools/bin/../lib/gcc/arm-none-eabi/11.3.1/../../../../arm-none-eabi/lib/thumb/v7e-m+fp/hard\libc_nano.a
LOAD C:/ST/STM32CubeIDE_1.13.0/STM32CubeIDE/plugins/com.st.stm32cube.ide.mcu.externaltools.gnu-tools-for-stm32.11.3.rel1.win32_1.1.100.202309141235/tools/bin/../lib/gcc/arm-none-eabi/11.3.1/../../../../arm-none-eabi/lib/thumb/v7e-m+fp/hard\libnosys.a
END GROUP
START GROUP
LOAD C:/ST/STM32CubeIDE_1.13.0/STM32CubeIDE/plugins/com.st.stm32cube.ide.mcu.externaltools.gnu-tools-for-stm32.11.3.rel1.win32_1.1.100.202309141235/tools/bin/../lib/gcc/arm-none-eabi/11.3.1/thumb/v7e-m+fp/hard\libgcc.a
LOAD C:/ST/STM32CubeIDE_1.13.0/STM32CubeIDE/plugins/com.st.stm32cube.ide.mcu.externaltools.gnu-tools-for-stm32.11.3.rel1.win32_1.1.100.202309141235/tools/bin/../lib/gcc/arm-none-eabi/11.3.1/../../../../arm-none-eabi/lib/thumb/v7e-m+fp/hard\libc_nano.a
LOAD C:/ST/STM32CubeIDE_1.13.0/STM32CubeIDE/plugins/com.st.stm32cube.ide.mcu.externaltools.gnu-tools-for-stm32.11.3.rel1.win32_1.1.100.202309141235/tools/bin/../lib/gcc/arm-none-eabi/11.3.1/../../../../arm-none-eabi/lib/thumb/v7e-m+fp/hard\libnosys.a
END GROUP
LOAD C:/ST/STM32CubeIDE_1.13.0/STM32CubeIDE/plugins/com.st.stm32cube.ide.mcu.externaltools.gnu-tools-for-stm32.11.3.rel1.win32_1.1.100.202309141235/tools/bin/../lib/gcc/arm-none-eabi/11.3.1/thumb/v7e-m+fp/hard/crtend.o
LOAD C:/ST/STM32CubeIDE_1.13.0/STM32CubeIDE/plugins/com.st.stm32cube.ide.mcu.externaltools.gnu-tools-for-stm32.11.3.rel1.win32_1.1.100.202309141235/tools/bin/../lib/gcc/arm-none-eabi/11.3.1/thumb/v7e-m+fp/hard/crtn.o
                0x0000000020020000                _estack = (ORIGIN (RAM) + LENGTH (RAM))
                0x0000000000000200                _Min_Heap_Size = 0x200
                0x0000000000000400                _Min_Stack_Size = 0x400

.isr_vector     0x0000000008000000      0x198
                0x0000000008000000                . = ALIGN (0x4)
 *(.isr_vector)
 .isr_vector    0x0000000008000000      0x198 ./Application/User/Startup/startup_stm32f411ceux.o
                0x0000000008000000                g_pfnVectors
                0x0000000008000198                . = ALIGN (0x4)

.text           0x0000000008000198     0xcbdc
                0x0000000008000198                . = ALIGN (0x4)
 *(.text)
 .text          0x0000000008000198       0x40 C:/ST/STM32CubeIDE_1.13.0/STM32CubeIDE/plugins/com.st.stm32cube.ide.mcu.externaltools.gnu-tools-for-stm32.11.3.rel1.win32_1.1.100.202309141235/tools/bin/../lib/gcc/arm-none-eabi/11.3.1/thumb/v7e-m+fp/hard/crtbegin.o
 .text          0x00000000080001d8       0x30 C:/ST/STM32CubeIDE_1.13.0/STM32CubeIDE/plugins/com.st.stm32cube.ide.mcu.externaltools.gnu-tools-for-stm32.11.3.rel1.win32_1.1.100.202309141235/tools/bin/../lib/gcc/arm-none-eabi/11.3.1/thumb/v7e-m+fp/hard\libgcc.a(_aeabi_uldivmod.o)
                0x00000000080001d8                __aeabi_uldivmod
 .text          0x0000000008000208      0x2c8 C:/ST/STM32CubeIDE_1.13.0/STM32CubeIDE/plugins/com.st.stm32cube.ide.mcu.externaltools.gnu-tools-for-stm32.11.3.rel1.win32_1.1.100.202309141235/tools/bin/../lib/gcc/arm-none-eabi/11.3.1/thumb/v7e-m+fp/hard\libgcc.a(_udivmoddi4.o)
                0x0000000008000208                __udivmoddi4
 .text          0x00000000080004d0        0x4 C:/ST/STM32CubeIDE_1.13.0/STM32CubeIDE/plugins/com.st.stm32cube.ide.mcu.externaltools.gnu-tools-for-stm32.11.3.rel1.win32_1.1.100.202309141235/tools/bin/../lib/gcc/arm-none-eabi/11.3.1/thumb/v7e-m+fp/hard\libgcc.a(_dvmd_tls.o)
                0x00000000080004d0                __aeabi_idiv0
                0x00000000080004d0                __aeabi_ldiv0
 *(.text*)
 .text.OutSPI1Pin
                0x00000000080004d4       0x40 ./Application/User/Core/RX5808.o
                0x00000000080004d4                OutSPI1Pin
 .text.RX5808_Init
                0x0000000008000514       0x2c ./Application/User/Core/RX5808.o
                0x0000000008000514                RX5808_Init
 .text.prog_freg
                0x0000000008000540       0x68 ./Application/User/Core/RX5808.o
                0x0000000008000540                prog_freg
 .text.MX_ADC1_Init
                0x00000000080005a8       0xbc ./Application/User/Core/adc.o
                0x00000000080005a8                MX_ADC1_Init
 .text.HAL_ADC_MspInit
                0x0000000008000664      0x100 ./Application/User/Core/adc.o
                0x0000000008000664                HAL_ADC_MspInit
 .text.MX_CRC_Init
                0x0000000008000764       0x28 ./Application/User/Core/crc.o
                0x0000000008000764                MX_CRC_Init
 .text.HAL_CRC_MspInit
                0x000000000800078c       0x44 ./Application/User/Core/crc.o
                0x000000000800078c                HAL_CRC_MspInit
 .text.MX_DMA_Init
                0x00000000080007d0       0x40 ./Application/User/Core/dma.o
                0x00000000080007d0                MX_DMA_Init
 .text.MX_GPIO_Init
                0x0000000008000810      0x1b4 ./Application/User/Core/gpio.o
                0x0000000008000810                MX_GPIO_Init
 .text.MX_I2C1_Init
                0x00000000080009c4       0x5c ./Application/User/Core/i2c.o
                0x00000000080009c4                MX_I2C1_Init
 .text.MX_I2C2_Init
                0x0000000008000a20       0x5c ./Application/User/Core/i2c.o
                0x0000000008000a20                MX_I2C2_Init
 .text.HAL_I2C_MspInit
                0x0000000008000a7c      0x15c ./Application/User/Core/i2c.o
                0x0000000008000a7c                HAL_I2C_MspInit
 .text.InputTx2Pin
                0x0000000008000bd8       0x40 ./Application/User/Core/main.o
                0x0000000008000bd8                InputTx2Pin
 .text.Fill_Cmd_freq
                0x0000000008000c18       0x78 ./Application/User/Core/main.o
                0x0000000008000c18                Fill_Cmd_freq
 .text.main     0x0000000008000c90      0x430 ./Application/User/Core/main.o
                0x0000000008000c90                main
 .text.SystemClock_Config
                0x00000000080010c0       0xd0 ./Application/User/Core/main.o
                0x00000000080010c0                SystemClock_Config
 .text.Error_Handler
                0x0000000008001190        0xa ./Application/User/Core/main.o
                0x0000000008001190                Error_Handler
 *fill*         0x000000000800119a        0x2 
 .text.MX_SPI1_Init
                0x000000000800119c       0x70 ./Application/User/Core/spi.o
                0x000000000800119c                MX_SPI1_Init
 .text.MX_SPI2_Init
                0x000000000800120c       0x70 ./Application/User/Core/spi.o
                0x000000000800120c                MX_SPI2_Init
 .text.HAL_SPI_MspInit
                0x000000000800127c      0x11c ./Application/User/Core/spi.o
                0x000000000800127c                HAL_SPI_MspInit
 .text.HAL_MspInit
                0x0000000008001398       0x50 ./Application/User/Core/stm32f4xx_hal_msp.o
                0x0000000008001398                HAL_MspInit
 .text.NMI_Handler
                0x00000000080013e8        0x6 ./Application/User/Core/stm32f4xx_it.o
                0x00000000080013e8                NMI_Handler
 .text.HardFault_Handler
                0x00000000080013ee        0x6 ./Application/User/Core/stm32f4xx_it.o
                0x00000000080013ee                HardFault_Handler
 .text.MemManage_Handler
                0x00000000080013f4        0x6 ./Application/User/Core/stm32f4xx_it.o
                0x00000000080013f4                MemManage_Handler
 .text.BusFault_Handler
                0x00000000080013fa        0x6 ./Application/User/Core/stm32f4xx_it.o
                0x00000000080013fa                BusFault_Handler
 .text.UsageFault_Handler
                0x0000000008001400        0x6 ./Application/User/Core/stm32f4xx_it.o
                0x0000000008001400                UsageFault_Handler
 .text.SVC_Handler
                0x0000000008001406        0xe ./Application/User/Core/stm32f4xx_it.o
                0x0000000008001406                SVC_Handler
 .text.DebugMon_Handler
                0x0000000008001414        0xe ./Application/User/Core/stm32f4xx_it.o
                0x0000000008001414                DebugMon_Handler
 .text.PendSV_Handler
                0x0000000008001422        0xe ./Application/User/Core/stm32f4xx_it.o
                0x0000000008001422                PendSV_Handler
 .text.SysTick_Handler
                0x0000000008001430        0xc ./Application/User/Core/stm32f4xx_it.o
                0x0000000008001430                SysTick_Handler
 .text.EXTI4_IRQHandler
                0x000000000800143c       0x48 ./Application/User/Core/stm32f4xx_it.o
                0x000000000800143c                EXTI4_IRQHandler
 .text.ADC_IRQHandler
                0x0000000008001484       0x24 ./Application/User/Core/stm32f4xx_it.o
                0x0000000008001484                ADC_IRQHandler
 .text.TIM2_IRQHandler
                0x00000000080014a8       0x14 ./Application/User/Core/stm32f4xx_it.o
                0x00000000080014a8                TIM2_IRQHandler
 .text.I2C1_EV_IRQHandler
                0x00000000080014bc       0x14 ./Application/User/Core/stm32f4xx_it.o
                0x00000000080014bc                I2C1_EV_IRQHandler
 .text.I2C1_ER_IRQHandler
                0x00000000080014d0       0x14 ./Application/User/Core/stm32f4xx_it.o
                0x00000000080014d0                I2C1_ER_IRQHandler
 .text.I2C2_EV_IRQHandler
                0x00000000080014e4       0x14 ./Application/User/Core/stm32f4xx_it.o
                0x00000000080014e4                I2C2_EV_IRQHandler
 .text.I2C2_ER_IRQHandler
                0x00000000080014f8       0x14 ./Application/User/Core/stm32f4xx_it.o
                0x00000000080014f8                I2C2_ER_IRQHandler
 .text.SPI1_IRQHandler
                0x000000000800150c       0x14 ./Application/User/Core/stm32f4xx_it.o
                0x000000000800150c                SPI1_IRQHandler
 .text.SPI2_IRQHandler
                0x0000000008001520       0x14 ./Application/User/Core/stm32f4xx_it.o
                0x0000000008001520                SPI2_IRQHandler
 .text.USART1_IRQHandler
                0x0000000008001534       0x14 ./Application/User/Core/stm32f4xx_it.o
                0x0000000008001534                USART1_IRQHandler
 .text.USART2_IRQHandler
                0x0000000008001548       0x14 ./Application/User/Core/stm32f4xx_it.o
                0x0000000008001548                USART2_IRQHandler
 .text.DMA2_Stream0_IRQHandler
                0x000000000800155c       0x14 ./Application/User/Core/stm32f4xx_it.o
                0x000000000800155c                DMA2_Stream0_IRQHandler
 .text.OTG_FS_IRQHandler
                0x0000000008001570       0x14 ./Application/User/Core/stm32f4xx_it.o
                0x0000000008001570                OTG_FS_IRQHandler
 .text.MX_TIM2_Init
                0x0000000008001584       0x98 ./Application/User/Core/tim.o
                0x0000000008001584                MX_TIM2_Init
 .text.HAL_TIM_Base_MspInit
                0x000000000800161c       0x4c ./Application/User/Core/tim.o
                0x000000000800161c                HAL_TIM_Base_MspInit
 .text.MX_USART1_UART_Init
                0x0000000008001668       0x54 ./Application/User/Core/usart.o
                0x0000000008001668                MX_USART1_UART_Init
 .text.MX_USART2_UART_Init
                0x00000000080016bc       0x54 ./Application/User/Core/usart.o
                0x00000000080016bc                MX_USART2_UART_Init
 .text.HAL_UART_MspInit
                0x0000000008001710      0x11c ./Application/User/Core/usart.o
                0x0000000008001710                HAL_UART_MspInit
 .text.MX_FATFS_Init
                0x000000000800182c       0x24 ./Application/User/FATFS/App/fatfs.o
                0x000000000800182c                MX_FATFS_Init
 .text.USER_initialize
                0x0000000008001850       0x28 ./Application/User/FATFS/Target/user_diskio.o
                0x0000000008001850                USER_initialize
 .text.USER_status
                0x0000000008001878       0x28 ./Application/User/FATFS/Target/user_diskio.o
                0x0000000008001878                USER_status
 .text.USER_read
                0x00000000080018a0       0x1e ./Application/User/FATFS/Target/user_diskio.o
                0x00000000080018a0                USER_read
 .text.USER_write
                0x00000000080018be       0x1e ./Application/User/FATFS/Target/user_diskio.o
                0x00000000080018be                USER_write
 .text.USER_ioctl
                0x00000000080018dc       0x22 ./Application/User/FATFS/Target/user_diskio.o
                0x00000000080018dc                USER_ioctl
 *fill*         0x00000000080018fe        0x2 
 .text.Reset_Handler
                0x0000000008001900       0x50 ./Application/User/Startup/startup_stm32f411ceux.o
                0x0000000008001900                Reset_Handler
 .text.Default_Handler
                0x0000000008001950        0x2 ./Application/User/Startup/startup_stm32f411ceux.o
                0x0000000008001950                RTC_Alarm_IRQHandler
                0x0000000008001950                EXTI2_IRQHandler
                0x0000000008001950                SPI4_IRQHandler
                0x0000000008001950                TIM1_CC_IRQHandler
                0x0000000008001950                DMA2_Stream5_IRQHandler
                0x0000000008001950                DMA1_Stream5_IRQHandler
                0x0000000008001950                PVD_IRQHandler
                0x0000000008001950                SDIO_IRQHandler
                0x0000000008001950                TAMP_STAMP_IRQHandler
                0x0000000008001950                EXTI3_IRQHandler
                0x0000000008001950                TIM1_UP_TIM10_IRQHandler
                0x0000000008001950                I2C3_ER_IRQHandler
                0x0000000008001950                EXTI0_IRQHandler
                0x0000000008001950                DMA1_Stream2_IRQHandler
                0x0000000008001950                FPU_IRQHandler
                0x0000000008001950                DMA2_Stream2_IRQHandler
                0x0000000008001950                TIM1_BRK_TIM9_IRQHandler
                0x0000000008001950                DMA2_Stream3_IRQHandler
                0x0000000008001950                USART6_IRQHandler
                0x0000000008001950                TIM4_IRQHandler
                0x0000000008001950                DMA1_Stream6_IRQHandler
                0x0000000008001950                DMA1_Stream1_IRQHandler
                0x0000000008001950                TIM3_IRQHandler
                0x0000000008001950                RCC_IRQHandler
                0x0000000008001950                Default_Handler
                0x0000000008001950                EXTI15_10_IRQHandler
                0x0000000008001950                DMA1_Stream7_IRQHandler
                0x0000000008001950                SPI5_IRQHandler
                0x0000000008001950                TIM5_IRQHandler
                0x0000000008001950                DMA2_Stream7_IRQHandler
                0x0000000008001950                I2C3_EV_IRQHandler
                0x0000000008001950                EXTI9_5_IRQHandler
                0x0000000008001950                RTC_WKUP_IRQHandler
                0x0000000008001950                DMA1_Stream0_IRQHandler
                0x0000000008001950                WWDG_IRQHandler
                0x0000000008001950                OTG_FS_WKUP_IRQHandler
                0x0000000008001950                TIM1_TRG_COM_TIM11_IRQHandler
                0x0000000008001950                EXTI1_IRQHandler
                0x0000000008001950                DMA2_Stream1_IRQHandler
                0x0000000008001950                FLASH_IRQHandler
                0x0000000008001950                DMA2_Stream4_IRQHandler
                0x0000000008001950                SPI3_IRQHandler
                0x0000000008001950                DMA1_Stream4_IRQHandler
                0x0000000008001950                DMA2_Stream6_IRQHandler
                0x0000000008001950                DMA1_Stream3_IRQHandler
 *fill*         0x0000000008001952        0x2 
 .text.MX_USB_DEVICE_Init
                0x0000000008001954       0x60 ./Application/User/USB_DEVICE/App/usb_device.o
                0x0000000008001954                MX_USB_DEVICE_Init
 .text.CDC_Init_FS
                0x00000000080019b4       0x28 ./Application/User/USB_DEVICE/App/usbd_cdc_if.o
 .text.CDC_DeInit_FS
                0x00000000080019dc       0x10 ./Application/User/USB_DEVICE/App/usbd_cdc_if.o
 .text.CDC_Control_FS
                0x00000000080019ec       0xbc ./Application/User/USB_DEVICE/App/usbd_cdc_if.o
 .text.CDC_Receive_FS
                0x0000000008001aa8       0x28 ./Application/User/USB_DEVICE/App/usbd_cdc_if.o
 .text.CDC_TransmitCplt_FS
                0x0000000008001ad0       0x22 ./Application/User/USB_DEVICE/App/usbd_cdc_if.o
 *fill*         0x0000000008001af2        0x2 
 .text.USBD_FS_DeviceDescriptor
                0x0000000008001af4       0x24 ./Application/User/USB_DEVICE/App/usbd_desc.o
                0x0000000008001af4                USBD_FS_DeviceDescriptor
 .text.USBD_FS_LangIDStrDescriptor
                0x0000000008001b18       0x24 ./Application/User/USB_DEVICE/App/usbd_desc.o
                0x0000000008001b18                USBD_FS_LangIDStrDescriptor
 .text.USBD_FS_ProductStrDescriptor
                0x0000000008001b3c       0x3c ./Application/User/USB_DEVICE/App/usbd_desc.o
                0x0000000008001b3c                USBD_FS_ProductStrDescriptor
 .text.USBD_FS_ManufacturerStrDescriptor
                0x0000000008001b78       0x28 ./Application/User/USB_DEVICE/App/usbd_desc.o
                0x0000000008001b78                USBD_FS_ManufacturerStrDescriptor
 .text.USBD_FS_SerialStrDescriptor
                0x0000000008001ba0       0x24 ./Application/User/USB_DEVICE/App/usbd_desc.o
                0x0000000008001ba0                USBD_FS_SerialStrDescriptor
 .text.USBD_FS_ConfigStrDescriptor
                0x0000000008001bc4       0x3c ./Application/User/USB_DEVICE/App/usbd_desc.o
                0x0000000008001bc4                USBD_FS_ConfigStrDescriptor
 .text.USBD_FS_InterfaceStrDescriptor
                0x0000000008001c00       0x3c ./Application/User/USB_DEVICE/App/usbd_desc.o
                0x0000000008001c00                USBD_FS_InterfaceStrDescriptor
 .text.Get_SerialNum
                0x0000000008001c3c       0x58 ./Application/User/USB_DEVICE/App/usbd_desc.o
 .text.IntToUnicode
                0x0000000008001c94       0x7e ./Application/User/USB_DEVICE/App/usbd_desc.o
 *fill*         0x0000000008001d12        0x2 
 .text.HAL_PCD_MspInit
                0x0000000008001d14       0xa8 ./Application/User/USB_DEVICE/Target/usbd_conf.o
                0x0000000008001d14                HAL_PCD_MspInit
 .text.HAL_PCD_SetupStageCallback
                0x0000000008001dbc       0x24 ./Application/User/USB_DEVICE/Target/usbd_conf.o
                0x0000000008001dbc                HAL_PCD_SetupStageCallback
 .text.HAL_PCD_DataOutStageCallback
                0x0000000008001de0       0x36 ./Application/User/USB_DEVICE/Target/usbd_conf.o
                0x0000000008001de0                HAL_PCD_DataOutStageCallback
 .text.HAL_PCD_DataInStageCallback
                0x0000000008001e16       0x34 ./Application/User/USB_DEVICE/Target/usbd_conf.o
                0x0000000008001e16                HAL_PCD_DataInStageCallback
 .text.HAL_PCD_SOFCallback
                0x0000000008001e4a       0x1c ./Application/User/USB_DEVICE/Target/usbd_conf.o
                0x0000000008001e4a                HAL_PCD_SOFCallback
 .text.HAL_PCD_ResetCallback
                0x0000000008001e66       0x3c ./Application/User/USB_DEVICE/Target/usbd_conf.o
                0x0000000008001e66                HAL_PCD_ResetCallback
 *fill*         0x0000000008001ea2        0x2 
 .text.HAL_PCD_SuspendCallback
                0x0000000008001ea4       0x4c ./Application/User/USB_DEVICE/Target/usbd_conf.o
                0x0000000008001ea4                HAL_PCD_SuspendCallback
 .text.HAL_PCD_ResumeCallback
                0x0000000008001ef0       0x1c ./Application/User/USB_DEVICE/Target/usbd_conf.o
                0x0000000008001ef0                HAL_PCD_ResumeCallback
 .text.HAL_PCD_ISOOUTIncompleteCallback
                0x0000000008001f0c       0x24 ./Application/User/USB_DEVICE/Target/usbd_conf.o
                0x0000000008001f0c                HAL_PCD_ISOOUTIncompleteCallback
 .text.HAL_PCD_ISOINIncompleteCallback
                0x0000000008001f30       0x24 ./Application/User/USB_DEVICE/Target/usbd_conf.o
                0x0000000008001f30                HAL_PCD_ISOINIncompleteCallback
 .text.HAL_PCD_ConnectCallback
                0x0000000008001f54       0x1c ./Application/User/USB_DEVICE/Target/usbd_conf.o
                0x0000000008001f54                HAL_PCD_ConnectCallback
 .text.HAL_PCD_DisconnectCallback
                0x0000000008001f70       0x1c ./Application/User/USB_DEVICE/Target/usbd_conf.o
                0x0000000008001f70                HAL_PCD_DisconnectCallback
 .text.USBD_LL_Init
                0x0000000008001f8c       0x98 ./Application/User/USB_DEVICE/Target/usbd_conf.o
                0x0000000008001f8c                USBD_LL_Init
 .text.USBD_LL_Start
                0x0000000008002024       0x36 ./Application/User/USB_DEVICE/Target/usbd_conf.o
                0x0000000008002024                USBD_LL_Start
 .text.USBD_LL_OpenEP
                0x000000000800205a       0x4c ./Application/User/USB_DEVICE/Target/usbd_conf.o
                0x000000000800205a                USBD_LL_OpenEP
 .text.USBD_LL_CloseEP
                0x00000000080020a6       0x3e ./Application/User/USB_DEVICE/Target/usbd_conf.o
                0x00000000080020a6                USBD_LL_CloseEP
 .text.USBD_LL_StallEP
                0x00000000080020e4       0x3e ./Application/User/USB_DEVICE/Target/usbd_conf.o
                0x00000000080020e4                USBD_LL_StallEP
 .text.USBD_LL_ClearStallEP
                0x0000000008002122       0x3e ./Application/User/USB_DEVICE/Target/usbd_conf.o
                0x0000000008002122                USBD_LL_ClearStallEP
 .text.USBD_LL_IsStallEP
                0x0000000008002160       0x58 ./Application/User/USB_DEVICE/Target/usbd_conf.o
                0x0000000008002160                USBD_LL_IsStallEP
 .text.USBD_LL_SetUSBAddress
                0x00000000080021b8       0x3e ./Application/User/USB_DEVICE/Target/usbd_conf.o
                0x00000000080021b8                USBD_LL_SetUSBAddress
 .text.USBD_LL_Transmit
                0x00000000080021f6       0x42 ./Application/User/USB_DEVICE/Target/usbd_conf.o
                0x00000000080021f6                USBD_LL_Transmit
 .text.USBD_LL_PrepareReceive
                0x0000000008002238       0x42 ./Application/User/USB_DEVICE/Target/usbd_conf.o
                0x0000000008002238                USBD_LL_PrepareReceive
 .text.USBD_LL_GetRxDataSize
                0x000000000800227a       0x26 ./Application/User/USB_DEVICE/Target/usbd_conf.o
                0x000000000800227a                USBD_LL_GetRxDataSize
 .text.USBD_static_malloc
                0x00000000080022a0       0x1c ./Application/User/USB_DEVICE/Target/usbd_conf.o
                0x00000000080022a0                USBD_static_malloc
 .text.USBD_static_free
                0x00000000080022bc       0x14 ./Application/User/USB_DEVICE/Target/usbd_conf.o
                0x00000000080022bc                USBD_static_free
 .text.USBD_Get_USB_Status
                0x00000000080022d0       0x58 ./Application/User/USB_DEVICE/Target/usbd_conf.o
                0x00000000080022d0                USBD_Get_USB_Status
 .text.SystemInit
                0x0000000008002328       0x24 ./Drivers/CMSIS/system_stm32f4xx.o
                0x0000000008002328                SystemInit
 .text.HAL_Init
                0x000000000800234c       0x44 ./Drivers/STM32F4xx_HAL_Driver/stm32f4xx_hal.o
                0x000000000800234c                HAL_Init
 .text.HAL_InitTick
                0x0000000008002390       0x60 ./Drivers/STM32F4xx_HAL_Driver/stm32f4xx_hal.o
                0x0000000008002390                HAL_InitTick
 .text.HAL_IncTick
                0x00000000080023f0       0x28 ./Drivers/STM32F4xx_HAL_Driver/stm32f4xx_hal.o
                0x00000000080023f0                HAL_IncTick
 .text.HAL_GetTick
                0x0000000008002418       0x18 ./Drivers/STM32F4xx_HAL_Driver/stm32f4xx_hal.o
                0x0000000008002418                HAL_GetTick
 .text.HAL_Delay
                0x0000000008002430       0x48 ./Drivers/STM32F4xx_HAL_Driver/stm32f4xx_hal.o
                0x0000000008002430                HAL_Delay
 .text.HAL_ADC_Init
                0x0000000008002478       0x86 ./Drivers/STM32F4xx_HAL_Driver/stm32f4xx_hal_adc.o
                0x0000000008002478                HAL_ADC_Init
 *fill*         0x00000000080024fe        0x2 
 .text.HAL_ADC_Start_IT
                0x0000000008002500      0x17c ./Drivers/STM32F4xx_HAL_Driver/stm32f4xx_hal_adc.o
                0x0000000008002500                HAL_ADC_Start_IT
 .text.HAL_ADC_IRQHandler
                0x000000000800267c      0x220 ./Drivers/STM32F4xx_HAL_Driver/stm32f4xx_hal_adc.o
                0x000000000800267c                HAL_ADC_IRQHandler
 .text.HAL_ADC_GetValue
                0x000000000800289c       0x1a ./Drivers/STM32F4xx_HAL_Driver/stm32f4xx_hal_adc.o
                0x000000000800289c                HAL_ADC_GetValue
 .text.HAL_ADC_ConvCpltCallback
                0x00000000080028b6       0x14 ./Drivers/STM32F4xx_HAL_Driver/stm32f4xx_hal_adc.o
                0x00000000080028b6                HAL_ADC_ConvCpltCallback
 .text.HAL_ADC_LevelOutOfWindowCallback
                0x00000000080028ca       0x14 ./Drivers/STM32F4xx_HAL_Driver/stm32f4xx_hal_adc.o
                0x00000000080028ca                HAL_ADC_LevelOutOfWindowCallback
 .text.HAL_ADC_ErrorCallback
                0x00000000080028de       0x14 ./Drivers/STM32F4xx_HAL_Driver/stm32f4xx_hal_adc.o
                0x00000000080028de                HAL_ADC_ErrorCallback
 *fill*         0x00000000080028f2        0x2 
 .text.HAL_ADC_ConfigChannel
                0x00000000080028f4      0x264 ./Drivers/STM32F4xx_HAL_Driver/stm32f4xx_hal_adc.o
                0x00000000080028f4                HAL_ADC_ConfigChannel
 .text.ADC_Init
                0x0000000008002b58      0x1f8 ./Drivers/STM32F4xx_HAL_Driver/stm32f4xx_hal_adc.o
 .text.HAL_ADCEx_InjectedConvCpltCallback
                0x0000000008002d50       0x14 ./Drivers/STM32F4xx_HAL_Driver/stm32f4xx_hal_adc_ex.o
                0x0000000008002d50                HAL_ADCEx_InjectedConvCpltCallback
 .text.__NVIC_SetPriorityGrouping
                0x0000000008002d64       0x48 ./Drivers/STM32F4xx_HAL_Driver/stm32f4xx_hal_cortex.o
 .text.__NVIC_GetPriorityGrouping
                0x0000000008002dac       0x1c ./Drivers/STM32F4xx_HAL_Driver/stm32f4xx_hal_cortex.o
 .text.__NVIC_EnableIRQ
                0x0000000008002dc8       0x3c ./Drivers/STM32F4xx_HAL_Driver/stm32f4xx_hal_cortex.o
 .text.__NVIC_SetPriority
                0x0000000008002e04       0x54 ./Drivers/STM32F4xx_HAL_Driver/stm32f4xx_hal_cortex.o
 .text.NVIC_EncodePriority
                0x0000000008002e58       0x66 ./Drivers/STM32F4xx_HAL_Driver/stm32f4xx_hal_cortex.o
 *fill*         0x0000000008002ebe        0x2 
 .text.SysTick_Config
                0x0000000008002ec0       0x44 ./Drivers/STM32F4xx_HAL_Driver/stm32f4xx_hal_cortex.o
 .text.HAL_NVIC_SetPriorityGrouping
                0x0000000008002f04       0x16 ./Drivers/STM32F4xx_HAL_Driver/stm32f4xx_hal_cortex.o
                0x0000000008002f04                HAL_NVIC_SetPriorityGrouping
 .text.HAL_NVIC_SetPriority
                0x0000000008002f1a       0x38 ./Drivers/STM32F4xx_HAL_Driver/stm32f4xx_hal_cortex.o
                0x0000000008002f1a                HAL_NVIC_SetPriority
 .text.HAL_NVIC_EnableIRQ
                0x0000000008002f52       0x1c ./Drivers/STM32F4xx_HAL_Driver/stm32f4xx_hal_cortex.o
                0x0000000008002f52                HAL_NVIC_EnableIRQ
 .text.HAL_SYSTICK_Config
                0x0000000008002f6e       0x18 ./Drivers/STM32F4xx_HAL_Driver/stm32f4xx_hal_cortex.o
                0x0000000008002f6e                HAL_SYSTICK_Config
 .text.HAL_CRC_Init
                0x0000000008002f86       0x38 ./Drivers/STM32F4xx_HAL_Driver/stm32f4xx_hal_crc.o
                0x0000000008002f86                HAL_CRC_Init
 *fill*         0x0000000008002fbe        0x2 
 .text.HAL_DMA_Init
                0x0000000008002fc0      0x15c ./Drivers/STM32F4xx_HAL_Driver/stm32f4xx_hal_dma.o
                0x0000000008002fc0                HAL_DMA_Init
 .text.HAL_DMA_Abort
                0x000000000800311c       0xe0 ./Drivers/STM32F4xx_HAL_Driver/stm32f4xx_hal_dma.o
                0x000000000800311c                HAL_DMA_Abort
 .text.HAL_DMA_Abort_IT
                0x00000000080031fc       0x44 ./Drivers/STM32F4xx_HAL_Driver/stm32f4xx_hal_dma.o
                0x00000000080031fc                HAL_DMA_Abort_IT
 .text.HAL_DMA_IRQHandler
                0x0000000008003240      0x314 ./Drivers/STM32F4xx_HAL_Driver/stm32f4xx_hal_dma.o
                0x0000000008003240                HAL_DMA_IRQHandler
 .text.HAL_DMA_GetState
                0x0000000008003554       0x1c ./Drivers/STM32F4xx_HAL_Driver/stm32f4xx_hal_dma.o
                0x0000000008003554                HAL_DMA_GetState
 .text.DMA_CalcBaseAndBitshift
                0x0000000008003570       0x6c ./Drivers/STM32F4xx_HAL_Driver/stm32f4xx_hal_dma.o
 .text.DMA_CheckFifoParam
                0x00000000080035dc       0xf8 ./Drivers/STM32F4xx_HAL_Driver/stm32f4xx_hal_dma.o
 .text.HAL_GPIO_Init
                0x00000000080036d4      0x308 ./Drivers/STM32F4xx_HAL_Driver/stm32f4xx_hal_gpio.o
                0x00000000080036d4                HAL_GPIO_Init
 .text.HAL_GPIO_WritePin
                0x00000000080039dc       0x32 ./Drivers/STM32F4xx_HAL_Driver/stm32f4xx_hal_gpio.o
                0x00000000080039dc                HAL_GPIO_WritePin
 .text.HAL_GPIO_TogglePin
                0x0000000008003a0e       0x34 ./Drivers/STM32F4xx_HAL_Driver/stm32f4xx_hal_gpio.o
                0x0000000008003a0e                HAL_GPIO_TogglePin
 *fill*         0x0000000008003a42        0x2 
 .text.HAL_GPIO_EXTI_IRQHandler
                0x0000000008003a44       0x30 ./Drivers/STM32F4xx_HAL_Driver/stm32f4xx_hal_gpio.o
                0x0000000008003a44                HAL_GPIO_EXTI_IRQHandler
 .text.HAL_GPIO_EXTI_Callback
                0x0000000008003a74       0x16 ./Drivers/STM32F4xx_HAL_Driver/stm32f4xx_hal_gpio.o
                0x0000000008003a74                HAL_GPIO_EXTI_Callback
 *fill*         0x0000000008003a8a        0x2 
 .text.HAL_I2C_Init
                0x0000000008003a8c      0x288 ./Drivers/STM32F4xx_HAL_Driver/stm32f4xx_hal_i2c.o
                0x0000000008003a8c                HAL_I2C_Init
 .text.HAL_I2C_EV_IRQHandler
                0x0000000008003d14      0x2a6 ./Drivers/STM32F4xx_HAL_Driver/stm32f4xx_hal_i2c.o
                0x0000000008003d14                HAL_I2C_EV_IRQHandler
 .text.HAL_I2C_ER_IRQHandler
                0x0000000008003fba      0x13e ./Drivers/STM32F4xx_HAL_Driver/stm32f4xx_hal_i2c.o
                0x0000000008003fba                HAL_I2C_ER_IRQHandler
 .text.HAL_I2C_MasterTxCpltCallback
                0x00000000080040f8       0x14 ./Drivers/STM32F4xx_HAL_Driver/stm32f4xx_hal_i2c.o
                0x00000000080040f8                HAL_I2C_MasterTxCpltCallback
 .text.HAL_I2C_MasterRxCpltCallback
                0x000000000800410c       0x14 ./Drivers/STM32F4xx_HAL_Driver/stm32f4xx_hal_i2c.o
                0x000000000800410c                HAL_I2C_MasterRxCpltCallback
 .text.HAL_I2C_SlaveTxCpltCallback
                0x0000000008004120       0x14 ./Drivers/STM32F4xx_HAL_Driver/stm32f4xx_hal_i2c.o
                0x0000000008004120                HAL_I2C_SlaveTxCpltCallback
 .text.HAL_I2C_SlaveRxCpltCallback
                0x0000000008004134       0x14 ./Drivers/STM32F4xx_HAL_Driver/stm32f4xx_hal_i2c.o
                0x0000000008004134                HAL_I2C_SlaveRxCpltCallback
 .text.HAL_I2C_AddrCallback
                0x0000000008004148       0x1c ./Drivers/STM32F4xx_HAL_Driver/stm32f4xx_hal_i2c.o
                0x0000000008004148                HAL_I2C_AddrCallback
 .text.HAL_I2C_ListenCpltCallback
                0x0000000008004164       0x14 ./Drivers/STM32F4xx_HAL_Driver/stm32f4xx_hal_i2c.o
                0x0000000008004164                HAL_I2C_ListenCpltCallback
 .text.HAL_I2C_MemTxCpltCallback
                0x0000000008004178       0x14 ./Drivers/STM32F4xx_HAL_Driver/stm32f4xx_hal_i2c.o
                0x0000000008004178                HAL_I2C_MemTxCpltCallback
 .text.HAL_I2C_MemRxCpltCallback
                0x000000000800418c       0x14 ./Drivers/STM32F4xx_HAL_Driver/stm32f4xx_hal_i2c.o
                0x000000000800418c                HAL_I2C_MemRxCpltCallback
 .text.HAL_I2C_ErrorCallback
                0x00000000080041a0       0x14 ./Drivers/STM32F4xx_HAL_Driver/stm32f4xx_hal_i2c.o
                0x00000000080041a0                HAL_I2C_ErrorCallback
 .text.HAL_I2C_AbortCpltCallback
                0x00000000080041b4       0x14 ./Drivers/STM32F4xx_HAL_Driver/stm32f4xx_hal_i2c.o
                0x00000000080041b4                HAL_I2C_AbortCpltCallback
 .text.I2C_MasterTransmit_TXE
                0x00000000080041c8      0x138 ./Drivers/STM32F4xx_HAL_Driver/stm32f4xx_hal_i2c.o
 .text.I2C_MasterTransmit_BTF
                0x0000000008004300       0xec ./Drivers/STM32F4xx_HAL_Driver/stm32f4xx_hal_i2c.o
 .text.I2C_MemoryTransmit_TXE_BTF
                0x00000000080043ec      0x128 ./Drivers/STM32F4xx_HAL_Driver/stm32f4xx_hal_i2c.o
 .text.I2C_MasterReceive_RXNE
                0x0000000008004514      0x176 ./Drivers/STM32F4xx_HAL_Driver/stm32f4xx_hal_i2c.o
 .text.I2C_MasterReceive_BTF
                0x000000000800468a      0x1d4 ./Drivers/STM32F4xx_HAL_Driver/stm32f4xx_hal_i2c.o
 .text.I2C_Master_SB
                0x000000000800485e      0x10c ./Drivers/STM32F4xx_HAL_Driver/stm32f4xx_hal_i2c.o
 .text.I2C_Master_ADD10
                0x000000000800496a       0x54 ./Drivers/STM32F4xx_HAL_Driver/stm32f4xx_hal_i2c.o
 .text.I2C_Master_ADDR
                0x00000000080049be      0x322 ./Drivers/STM32F4xx_HAL_Driver/stm32f4xx_hal_i2c.o
 .text.I2C_SlaveTransmit_TXE
                0x0000000008004ce0       0x7a ./Drivers/STM32F4xx_HAL_Driver/stm32f4xx_hal_i2c.o
 .text.I2C_SlaveTransmit_BTF
                0x0000000008004d5a       0x42 ./Drivers/STM32F4xx_HAL_Driver/stm32f4xx_hal_i2c.o
 .text.I2C_SlaveReceive_RXNE
                0x0000000008004d9c       0x7c ./Drivers/STM32F4xx_HAL_Driver/stm32f4xx_hal_i2c.o
 .text.I2C_SlaveReceive_BTF
                0x0000000008004e18       0x44 ./Drivers/STM32F4xx_HAL_Driver/stm32f4xx_hal_i2c.o
 .text.I2C_Slave_ADDR
                0x0000000008004e5c       0x90 ./Drivers/STM32F4xx_HAL_Driver/stm32f4xx_hal_i2c.o
 .text.I2C_Slave_STOPF
                0x0000000008004eec      0x260 ./Drivers/STM32F4xx_HAL_Driver/stm32f4xx_hal_i2c.o
 .text.I2C_Slave_AF
                0x000000000800514c       0xe0 ./Drivers/STM32F4xx_HAL_Driver/stm32f4xx_hal_i2c.o
 .text.I2C_ITError
                0x000000000800522c      0x264 ./Drivers/STM32F4xx_HAL_Driver/stm32f4xx_hal_i2c.o
 .text.I2C_DMAAbort
                0x0000000008005490      0x150 ./Drivers/STM32F4xx_HAL_Driver/stm32f4xx_hal_i2c.o
 .text.I2C_WaitOnSTOPRequestThroughIT
                0x00000000080055e0       0x64 ./Drivers/STM32F4xx_HAL_Driver/stm32f4xx_hal_i2c.o
 .text.I2C_ConvertOtherXferOptions
                0x0000000008005644       0x36 ./Drivers/STM32F4xx_HAL_Driver/stm32f4xx_hal_i2c.o
 .text.HAL_PCD_Init
                0x000000000800567a      0x23a ./Drivers/STM32F4xx_HAL_Driver/stm32f4xx_hal_pcd.o
                0x000000000800567a                HAL_PCD_Init
 .text.HAL_PCD_Start
                0x00000000080058b4       0x66 ./Drivers/STM32F4xx_HAL_Driver/stm32f4xx_hal_pcd.o
                0x00000000080058b4                HAL_PCD_Start
 .text.HAL_PCD_IRQHandler
                0x000000000800591a      0x93e ./Drivers/STM32F4xx_HAL_Driver/stm32f4xx_hal_pcd.o
                0x000000000800591a                HAL_PCD_IRQHandler
 .text.HAL_PCD_SetAddress
                0x0000000008006258       0x4a ./Drivers/STM32F4xx_HAL_Driver/stm32f4xx_hal_pcd.o
                0x0000000008006258                HAL_PCD_SetAddress
 .text.HAL_PCD_EP_Open
                0x00000000080062a2       0xd0 ./Drivers/STM32F4xx_HAL_Driver/stm32f4xx_hal_pcd.o
                0x00000000080062a2                HAL_PCD_EP_Open
 .text.HAL_PCD_EP_Close
                0x0000000008006372       0x94 ./Drivers/STM32F4xx_HAL_Driver/stm32f4xx_hal_pcd.o
                0x0000000008006372                HAL_PCD_EP_Close
 .text.HAL_PCD_EP_Receive
                0x0000000008006406       0x96 ./Drivers/STM32F4xx_HAL_Driver/stm32f4xx_hal_pcd.o
                0x0000000008006406                HAL_PCD_EP_Receive
 .text.HAL_PCD_EP_GetRxCount
                0x000000000800649c       0x30 ./Drivers/STM32F4xx_HAL_Driver/stm32f4xx_hal_pcd.o
                0x000000000800649c                HAL_PCD_EP_GetRxCount
 .text.HAL_PCD_EP_Transmit
                0x00000000080064cc       0x94 ./Drivers/STM32F4xx_HAL_Driver/stm32f4xx_hal_pcd.o
                0x00000000080064cc                HAL_PCD_EP_Transmit
 .text.HAL_PCD_EP_SetStall
                0x0000000008006560       0xc8 ./Drivers/STM32F4xx_HAL_Driver/stm32f4xx_hal_pcd.o
                0x0000000008006560                HAL_PCD_EP_SetStall
 .text.HAL_PCD_EP_ClrStall
                0x0000000008006628       0xac ./Drivers/STM32F4xx_HAL_Driver/stm32f4xx_hal_pcd.o
                0x0000000008006628                HAL_PCD_EP_ClrStall
 .text.HAL_PCD_EP_Abort
                0x00000000080066d4       0x62 ./Drivers/STM32F4xx_HAL_Driver/stm32f4xx_hal_pcd.o
                0x00000000080066d4                HAL_PCD_EP_Abort
 .text.PCD_WriteEmptyTxFifo
                0x0000000008006736      0x11a ./Drivers/STM32F4xx_HAL_Driver/stm32f4xx_hal_pcd.o
 .text.PCD_EP_OutXfrComplete_int
                0x0000000008006850      0x1d0 ./Drivers/STM32F4xx_HAL_Driver/stm32f4xx_hal_pcd.o
 .text.PCD_EP_OutSetupPacket_int
                0x0000000008006a20       0x8c ./Drivers/STM32F4xx_HAL_Driver/stm32f4xx_hal_pcd.o
 .text.HAL_PCDEx_SetTxFiFo
                0x0000000008006aac       0x8e ./Drivers/STM32F4xx_HAL_Driver/stm32f4xx_hal_pcd_ex.o
                0x0000000008006aac                HAL_PCDEx_SetTxFiFo
 .text.HAL_PCDEx_SetRxFiFo
                0x0000000008006b3a       0x22 ./Drivers/STM32F4xx_HAL_Driver/stm32f4xx_hal_pcd_ex.o
                0x0000000008006b3a                HAL_PCDEx_SetRxFiFo
 .text.HAL_PCDEx_LPM_Callback
                0x0000000008006b5c       0x18 ./Drivers/STM32F4xx_HAL_Driver/stm32f4xx_hal_pcd_ex.o
                0x0000000008006b5c                HAL_PCDEx_LPM_Callback
 .text.HAL_RCC_OscConfig
                0x0000000008006b74      0x4f0 ./Drivers/STM32F4xx_HAL_Driver/stm32f4xx_hal_rcc.o
                0x0000000008006b74                HAL_RCC_OscConfig
 .text.HAL_RCC_ClockConfig
                0x0000000008007064      0x1cc ./Drivers/STM32F4xx_HAL_Driver/stm32f4xx_hal_rcc.o
                0x0000000008007064                HAL_RCC_ClockConfig
 .text.HAL_RCC_GetSysClockFreq
                0x0000000008007230      0x18c ./Drivers/STM32F4xx_HAL_Driver/stm32f4xx_hal_rcc.o
                0x0000000008007230                HAL_RCC_GetSysClockFreq
 .text.HAL_RCC_GetHCLKFreq
                0x00000000080073bc       0x18 ./Drivers/STM32F4xx_HAL_Driver/stm32f4xx_hal_rcc.o
                0x00000000080073bc                HAL_RCC_GetHCLKFreq
 .text.HAL_RCC_GetPCLK1Freq
                0x00000000080073d4       0x28 ./Drivers/STM32F4xx_HAL_Driver/stm32f4xx_hal_rcc.o
                0x00000000080073d4                HAL_RCC_GetPCLK1Freq
 .text.HAL_RCC_GetPCLK2Freq
                0x00000000080073fc       0x28 ./Drivers/STM32F4xx_HAL_Driver/stm32f4xx_hal_rcc.o
                0x00000000080073fc                HAL_RCC_GetPCLK2Freq
 .text.HAL_SPI_Init
                0x0000000008007424      0x112 ./Drivers/STM32F4xx_HAL_Driver/stm32f4xx_hal_spi.o
                0x0000000008007424                HAL_SPI_Init
 .text.HAL_SPI_Transmit
                0x0000000008007536      0x278 ./Drivers/STM32F4xx_HAL_Driver/stm32f4xx_hal_spi.o
                0x0000000008007536                HAL_SPI_Transmit
 *fill*         0x00000000080077ae        0x2 
 .text.HAL_SPI_IRQHandler
                0x00000000080077b0      0x1e8 ./Drivers/STM32F4xx_HAL_Driver/stm32f4xx_hal_spi.o
                0x00000000080077b0                HAL_SPI_IRQHandler
 .text.HAL_SPI_ErrorCallback
                0x0000000008007998       0x14 ./Drivers/STM32F4xx_HAL_Driver/stm32f4xx_hal_spi.o
                0x0000000008007998                HAL_SPI_ErrorCallback
 .text.SPI_DMAAbortOnError
                0x00000000080079ac       0x28 ./Drivers/STM32F4xx_HAL_Driver/stm32f4xx_hal_spi.o
 .text.SPI_WaitFlagStateUntilTimeout
                0x00000000080079d4      0x110 ./Drivers/STM32F4xx_HAL_Driver/stm32f4xx_hal_spi.o
 .text.SPI_EndRxTxTransaction
                0x0000000008007ae4       0x84 ./Drivers/STM32F4xx_HAL_Driver/stm32f4xx_hal_spi.o
 .text.HAL_TIM_Base_Init
                0x0000000008007b68       0x9e ./Drivers/STM32F4xx_HAL_Driver/stm32f4xx_hal_tim.o
                0x0000000008007b68                HAL_TIM_Base_Init
 .text.HAL_TIM_IRQHandler
                0x0000000008007c06      0x210 ./Drivers/STM32F4xx_HAL_Driver/stm32f4xx_hal_tim.o
                0x0000000008007c06                HAL_TIM_IRQHandler
 .text.HAL_TIM_ConfigClockSource
                0x0000000008007e16      0x18e ./Drivers/STM32F4xx_HAL_Driver/stm32f4xx_hal_tim.o
                0x0000000008007e16                HAL_TIM_ConfigClockSource
 .text.HAL_TIM_PeriodElapsedCallback
                0x0000000008007fa4       0x14 ./Drivers/STM32F4xx_HAL_Driver/stm32f4xx_hal_tim.o
                0x0000000008007fa4                HAL_TIM_PeriodElapsedCallback
 .text.HAL_TIM_OC_DelayElapsedCallback
                0x0000000008007fb8       0x14 ./Drivers/STM32F4xx_HAL_Driver/stm32f4xx_hal_tim.o
                0x0000000008007fb8                HAL_TIM_OC_DelayElapsedCallback
 .text.HAL_TIM_IC_CaptureCallback
                0x0000000008007fcc       0x14 ./Drivers/STM32F4xx_HAL_Driver/stm32f4xx_hal_tim.o
                0x0000000008007fcc                HAL_TIM_IC_CaptureCallback
 .text.HAL_TIM_PWM_PulseFinishedCallback
                0x0000000008007fe0       0x14 ./Drivers/STM32F4xx_HAL_Driver/stm32f4xx_hal_tim.o
                0x0000000008007fe0                HAL_TIM_PWM_PulseFinishedCallback
 .text.HAL_TIM_TriggerCallback
                0x0000000008007ff4       0x14 ./Drivers/STM32F4xx_HAL_Driver/stm32f4xx_hal_tim.o
                0x0000000008007ff4                HAL_TIM_TriggerCallback
 .text.TIM_Base_SetConfig
                0x0000000008008008      0x100 ./Drivers/STM32F4xx_HAL_Driver/stm32f4xx_hal_tim.o
                0x0000000008008008                TIM_Base_SetConfig
 .text.TIM_TI1_ConfigInputStage
                0x0000000008008108       0x5e ./Drivers/STM32F4xx_HAL_Driver/stm32f4xx_hal_tim.o
 .text.TIM_TI2_ConfigInputStage
                0x0000000008008166       0x60 ./Drivers/STM32F4xx_HAL_Driver/stm32f4xx_hal_tim.o
 .text.TIM_ITRx_SetConfig
                0x00000000080081c6       0x36 ./Drivers/STM32F4xx_HAL_Driver/stm32f4xx_hal_tim.o
 .text.TIM_ETR_SetConfig
                0x00000000080081fc       0x40 ./Drivers/STM32F4xx_HAL_Driver/stm32f4xx_hal_tim.o
                0x00000000080081fc                TIM_ETR_SetConfig
 .text.HAL_TIMEx_MasterConfigSynchronization
                0x000000000800823c       0xdc ./Drivers/STM32F4xx_HAL_Driver/stm32f4xx_hal_tim_ex.o
                0x000000000800823c                HAL_TIMEx_MasterConfigSynchronization
 .text.HAL_TIMEx_CommutCallback
                0x0000000008008318       0x14 ./Drivers/STM32F4xx_HAL_Driver/stm32f4xx_hal_tim_ex.o
                0x0000000008008318                HAL_TIMEx_CommutCallback
 .text.HAL_TIMEx_BreakCallback
                0x000000000800832c       0x14 ./Drivers/STM32F4xx_HAL_Driver/stm32f4xx_hal_tim_ex.o
                0x000000000800832c                HAL_TIMEx_BreakCallback
 .text.HAL_UART_Init
                0x0000000008008340       0x9a ./Drivers/STM32F4xx_HAL_Driver/stm32f4xx_hal_uart.o
                0x0000000008008340                HAL_UART_Init
 .text.HAL_UART_Transmit
                0x00000000080083da      0x124 ./Drivers/STM32F4xx_HAL_Driver/stm32f4xx_hal_uart.o
                0x00000000080083da                HAL_UART_Transmit
 .text.HAL_UART_Receive
                0x00000000080084fe      0x144 ./Drivers/STM32F4xx_HAL_Driver/stm32f4xx_hal_uart.o
                0x00000000080084fe                HAL_UART_Receive
 *fill*         0x0000000008008642        0x2 
 .text.HAL_UART_IRQHandler
                0x0000000008008644      0x51c ./Drivers/STM32F4xx_HAL_Driver/stm32f4xx_hal_uart.o
                0x0000000008008644                HAL_UART_IRQHandler
 .text.HAL_UART_TxCpltCallback
                0x0000000008008b60       0x14 ./Drivers/STM32F4xx_HAL_Driver/stm32f4xx_hal_uart.o
                0x0000000008008b60                HAL_UART_TxCpltCallback
 .text.HAL_UART_RxCpltCallback
                0x0000000008008b74       0x14 ./Drivers/STM32F4xx_HAL_Driver/stm32f4xx_hal_uart.o
                0x0000000008008b74                HAL_UART_RxCpltCallback
 .text.HAL_UART_ErrorCallback
                0x0000000008008b88       0x14 ./Drivers/STM32F4xx_HAL_Driver/stm32f4xx_hal_uart.o
                0x0000000008008b88                HAL_UART_ErrorCallback
 .text.HAL_UARTEx_RxEventCallback
                0x0000000008008b9c       0x18 ./Drivers/STM32F4xx_HAL_Driver/stm32f4xx_hal_uart.o
                0x0000000008008b9c                HAL_UARTEx_RxEventCallback
 .text.UART_WaitOnFlagUntilTimeout
                0x0000000008008bb4       0xdc ./Drivers/STM32F4xx_HAL_Driver/stm32f4xx_hal_uart.o
 .text.UART_EndRxTransfer
                0x0000000008008c90       0xc6 ./Drivers/STM32F4xx_HAL_Driver/stm32f4xx_hal_uart.o
 .text.UART_DMAAbortOnError
                0x0000000008008d56       0x28 ./Drivers/STM32F4xx_HAL_Driver/stm32f4xx_hal_uart.o
 .text.UART_Transmit_IT
                0x0000000008008d7e       0xa0 ./Drivers/STM32F4xx_HAL_Driver/stm32f4xx_hal_uart.o
 .text.UART_EndTransmit_IT
                0x0000000008008e1e       0x30 ./Drivers/STM32F4xx_HAL_Driver/stm32f4xx_hal_uart.o
 .text.UART_Receive_IT
                0x0000000008008e4e      0x176 ./Drivers/STM32F4xx_HAL_Driver/stm32f4xx_hal_uart.o
 .text.UART_SetConfig
                0x0000000008008fc4      0x4e8 ./Drivers/STM32F4xx_HAL_Driver/stm32f4xx_hal_uart.o
 .text.USB_CoreInit
                0x00000000080094ac       0xc2 ./Drivers/STM32F4xx_HAL_Driver/stm32f4xx_ll_usb.o
                0x00000000080094ac                USB_CoreInit
 *fill*         0x000000000800956e        0x2 
 .text.USB_SetTurnaroundTime
                0x0000000008009570      0x144 ./Drivers/STM32F4xx_HAL_Driver/stm32f4xx_ll_usb.o
                0x0000000008009570                USB_SetTurnaroundTime
 .text.USB_EnableGlobalInt
                0x00000000080096b4       0x22 ./Drivers/STM32F4xx_HAL_Driver/stm32f4xx_ll_usb.o
                0x00000000080096b4                USB_EnableGlobalInt
 .text.USB_DisableGlobalInt
                0x00000000080096d6       0x22 ./Drivers/STM32F4xx_HAL_Driver/stm32f4xx_ll_usb.o
                0x00000000080096d6                USB_DisableGlobalInt
 .text.USB_SetCurrentMode
                0x00000000080096f8       0x98 ./Drivers/STM32F4xx_HAL_Driver/stm32f4xx_ll_usb.o
                0x00000000080096f8                USB_SetCurrentMode
 .text.USB_DevInit
                0x0000000008009790      0x2c8 ./Drivers/STM32F4xx_HAL_Driver/stm32f4xx_ll_usb.o
                0x0000000008009790                USB_DevInit
 .text.USB_FlushTxFifo
                0x0000000008009a58       0x68 ./Drivers/STM32F4xx_HAL_Driver/stm32f4xx_ll_usb.o
                0x0000000008009a58                USB_FlushTxFifo
 .text.USB_FlushRxFifo
                0x0000000008009ac0       0x60 ./Drivers/STM32F4xx_HAL_Driver/stm32f4xx_ll_usb.o
                0x0000000008009ac0                USB_FlushRxFifo
 .text.USB_SetDevSpeed
                0x0000000008009b20       0x32 ./Drivers/STM32F4xx_HAL_Driver/stm32f4xx_ll_usb.o
                0x0000000008009b20                USB_SetDevSpeed
 .text.USB_GetDevSpeed
                0x0000000008009b52       0x4a ./Drivers/STM32F4xx_HAL_Driver/stm32f4xx_ll_usb.o
                0x0000000008009b52                USB_GetDevSpeed
 .text.USB_ActivateEndpoint
                0x0000000008009b9c      0x10e ./Drivers/STM32F4xx_HAL_Driver/stm32f4xx_ll_usb.o
                0x0000000008009b9c                USB_ActivateEndpoint
 *fill*         0x0000000008009caa        0x2 
 .text.USB_DeactivateEndpoint
                0x0000000008009cac      0x1b8 ./Drivers/STM32F4xx_HAL_Driver/stm32f4xx_ll_usb.o
                0x0000000008009cac                USB_DeactivateEndpoint
 .text.USB_EPStartXfer
                0x0000000008009e64      0x490 ./Drivers/STM32F4xx_HAL_Driver/stm32f4xx_ll_usb.o
                0x0000000008009e64                USB_EPStartXfer
 .text.USB_EP0StartXfer
                0x000000000800a2f4      0x2b0 ./Drivers/STM32F4xx_HAL_Driver/stm32f4xx_ll_usb.o
                0x000000000800a2f4                USB_EP0StartXfer
 .text.USB_EPStopXfer
                0x000000000800a5a4      0x154 ./Drivers/STM32F4xx_HAL_Driver/stm32f4xx_ll_usb.o
                0x000000000800a5a4                USB_EPStopXfer
 .text.USB_WritePacket
                0x000000000800a6f8       0x7c ./Drivers/STM32F4xx_HAL_Driver/stm32f4xx_ll_usb.o
                0x000000000800a6f8                USB_WritePacket
 .text.USB_ReadPacket
                0x000000000800a774       0xb0 ./Drivers/STM32F4xx_HAL_Driver/stm32f4xx_ll_usb.o
                0x000000000800a774                USB_ReadPacket
 .text.USB_EPSetStall
                0x000000000800a824       0xdc ./Drivers/STM32F4xx_HAL_Driver/stm32f4xx_ll_usb.o
                0x000000000800a824                USB_EPSetStall
 .text.USB_EPClearStall
                0x000000000800a900       0xcc ./Drivers/STM32F4xx_HAL_Driver/stm32f4xx_ll_usb.o
                0x000000000800a900                USB_EPClearStall
 .text.USB_SetDevAddress
                0x000000000800a9cc       0x4c ./Drivers/STM32F4xx_HAL_Driver/stm32f4xx_ll_usb.o
                0x000000000800a9cc                USB_SetDevAddress
 .text.USB_DevConnect
                0x000000000800aa18       0x42 ./Drivers/STM32F4xx_HAL_Driver/stm32f4xx_ll_usb.o
                0x000000000800aa18                USB_DevConnect
 .text.USB_DevDisconnect
                0x000000000800aa5a       0x42 ./Drivers/STM32F4xx_HAL_Driver/stm32f4xx_ll_usb.o
                0x000000000800aa5a                USB_DevDisconnect
 .text.USB_ReadInterrupts
                0x000000000800aa9c       0x26 ./Drivers/STM32F4xx_HAL_Driver/stm32f4xx_ll_usb.o
                0x000000000800aa9c                USB_ReadInterrupts
 .text.USB_ReadDevAllOutEpInterrupt
                0x000000000800aac2       0x34 ./Drivers/STM32F4xx_HAL_Driver/stm32f4xx_ll_usb.o
                0x000000000800aac2                USB_ReadDevAllOutEpInterrupt
 .text.USB_ReadDevAllInEpInterrupt
                0x000000000800aaf6       0x34 ./Drivers/STM32F4xx_HAL_Driver/stm32f4xx_ll_usb.o
                0x000000000800aaf6                USB_ReadDevAllInEpInterrupt
 .text.USB_ReadDevOutEPInterrupt
                0x000000000800ab2a       0x3c ./Drivers/STM32F4xx_HAL_Driver/stm32f4xx_ll_usb.o
                0x000000000800ab2a                USB_ReadDevOutEPInterrupt
 .text.USB_ReadDevInEPInterrupt
                0x000000000800ab66       0x5c ./Drivers/STM32F4xx_HAL_Driver/stm32f4xx_ll_usb.o
                0x000000000800ab66                USB_ReadDevInEPInterrupt
 .text.USB_GetMode
                0x000000000800abc2       0x1c ./Drivers/STM32F4xx_HAL_Driver/stm32f4xx_ll_usb.o
                0x000000000800abc2                USB_GetMode
 .text.USB_ActivateSetup
                0x000000000800abde       0x46 ./Drivers/STM32F4xx_HAL_Driver/stm32f4xx_ll_usb.o
                0x000000000800abde                USB_ActivateSetup
 .text.USB_EP0_OutStart
                0x000000000800ac24       0xbc ./Drivers/STM32F4xx_HAL_Driver/stm32f4xx_ll_usb.o
                0x000000000800ac24                USB_EP0_OutStart
 .text.USB_CoreReset
                0x000000000800ace0       0x68 ./Drivers/STM32F4xx_HAL_Driver/stm32f4xx_ll_usb.o
 .text.FATFS_LinkDriverEx
                0x000000000800ad48       0x98 ./Middlewares/FatFs/ff_gen_drv.o
                0x000000000800ad48                FATFS_LinkDriverEx
 .text.FATFS_LinkDriver
                0x000000000800ade0       0x1e ./Middlewares/FatFs/ff_gen_drv.o
                0x000000000800ade0                FATFS_LinkDriver
 *fill*         0x000000000800adfe        0x2 
 .text.USBD_CDC_Init
                0x000000000800ae00      0x1f0 ./Middlewares/USB_Device_Library/usbd_cdc.o
 .text.USBD_CDC_DeInit
                0x000000000800aff0      0x104 ./Middlewares/USB_Device_Library/usbd_cdc.o
 .text.USBD_CDC_Setup
                0x000000000800b0f4      0x1b8 ./Middlewares/USB_Device_Library/usbd_cdc.o
 .text.USBD_CDC_DataIn
                0x000000000800b2ac       0xfe ./Middlewares/USB_Device_Library/usbd_cdc.o
 .text.USBD_CDC_DataOut
                0x000000000800b3aa       0x70 ./Middlewares/USB_Device_Library/usbd_cdc.o
 .text.USBD_CDC_EP0_RxReady
                0x000000000800b41a       0x76 ./Middlewares/USB_Device_Library/usbd_cdc.o
 .text.USBD_CDC_GetFSCfgDesc
                0x000000000800b490       0x70 ./Middlewares/USB_Device_Library/usbd_cdc.o
 .text.USBD_CDC_GetHSCfgDesc
                0x000000000800b500       0x70 ./Middlewares/USB_Device_Library/usbd_cdc.o
 .text.USBD_CDC_GetOtherSpeedCfgDesc
                0x000000000800b570       0x70 ./Middlewares/USB_Device_Library/usbd_cdc.o
 .text.USBD_CDC_GetDeviceQualifierDescriptor
                0x000000000800b5e0       0x20 ./Middlewares/USB_Device_Library/usbd_cdc.o
                0x000000000800b5e0                USBD_CDC_GetDeviceQualifierDescriptor
 .text.USBD_CDC_RegisterInterface
                0x000000000800b600       0x34 ./Middlewares/USB_Device_Library/usbd_cdc.o
                0x000000000800b600                USBD_CDC_RegisterInterface
 .text.USBD_CDC_SetTxBuffer
                0x000000000800b634       0x44 ./Middlewares/USB_Device_Library/usbd_cdc.o
                0x000000000800b634                USBD_CDC_SetTxBuffer
 .text.USBD_CDC_SetRxBuffer
                0x000000000800b678       0x3a ./Middlewares/USB_Device_Library/usbd_cdc.o
                0x000000000800b678                USBD_CDC_SetRxBuffer
 *fill*         0x000000000800b6b2        0x2 
 .text.USBD_CDC_ReceivePacket
                0x000000000800b6b4       0x6c ./Middlewares/USB_Device_Library/usbd_cdc.o
                0x000000000800b6b4                USBD_CDC_ReceivePacket
 .text.USBD_Init
                0x000000000800b720       0x60 ./Middlewares/USB_Device_Library/usbd_core.o
                0x000000000800b720                USBD_Init
 .text.USBD_RegisterClass
                0x000000000800b780       0x6c ./Middlewares/USB_Device_Library/usbd_core.o
                0x000000000800b780                USBD_RegisterClass
 .text.USBD_Start
                0x000000000800b7ec       0x18 ./Middlewares/USB_Device_Library/usbd_core.o
                0x000000000800b7ec                USBD_Start
 .text.USBD_RunTestMode
                0x000000000800b804       0x16 ./Middlewares/USB_Device_Library/usbd_core.o
                0x000000000800b804                USBD_RunTestMode
 .text.USBD_SetClassConfig
                0x000000000800b81a       0x38 ./Middlewares/USB_Device_Library/usbd_core.o
                0x000000000800b81a                USBD_SetClassConfig
 .text.USBD_ClrClassConfig
                0x000000000800b852       0x34 ./Middlewares/USB_Device_Library/usbd_core.o
                0x000000000800b852                USBD_ClrClassConfig
 .text.USBD_LL_SetupStage
                0x000000000800b886       0xaa ./Middlewares/USB_Device_Library/usbd_core.o
                0x000000000800b886                USBD_LL_SetupStage
 .text.USBD_LL_DataOutStage
                0x000000000800b930      0x166 ./Middlewares/USB_Device_Library/usbd_core.o
                0x000000000800b930                USBD_LL_DataOutStage
 .text.USBD_LL_DataInStage
                0x000000000800ba96      0x164 ./Middlewares/USB_Device_Library/usbd_core.o
                0x000000000800ba96                USBD_LL_DataInStage
 .text.USBD_LL_Reset
                0x000000000800bbfa       0xa4 ./Middlewares/USB_Device_Library/usbd_core.o
                0x000000000800bbfa                USBD_LL_Reset
 .text.USBD_LL_SetSpeed
                0x000000000800bc9e       0x20 ./Middlewares/USB_Device_Library/usbd_core.o
                0x000000000800bc9e                USBD_LL_SetSpeed
 .text.USBD_LL_Suspend
                0x000000000800bcbe       0x2c ./Middlewares/USB_Device_Library/usbd_core.o
                0x000000000800bcbe                USBD_LL_Suspend
 .text.USBD_LL_Resume
                0x000000000800bcea       0x30 ./Middlewares/USB_Device_Library/usbd_core.o
                0x000000000800bcea                USBD_LL_Resume
 .text.USBD_LL_SOF
                0x000000000800bd1a       0x40 ./Middlewares/USB_Device_Library/usbd_core.o
                0x000000000800bd1a                USBD_LL_SOF
 .text.USBD_LL_IsoINIncomplete
                0x000000000800bd5a       0x64 ./Middlewares/USB_Device_Library/usbd_core.o
                0x000000000800bd5a                USBD_LL_IsoINIncomplete
 .text.USBD_LL_IsoOUTIncomplete
                0x000000000800bdbe       0x64 ./Middlewares/USB_Device_Library/usbd_core.o
                0x000000000800bdbe                USBD_LL_IsoOUTIncomplete
 .text.USBD_LL_DevConnected
                0x000000000800be22       0x16 ./Middlewares/USB_Device_Library/usbd_core.o
                0x000000000800be22                USBD_LL_DevConnected
 .text.USBD_LL_DevDisconnected
                0x000000000800be38       0x46 ./Middlewares/USB_Device_Library/usbd_core.o
                0x000000000800be38                USBD_LL_DevDisconnected
 .text.USBD_CoreFindIF
                0x000000000800be7e       0x1a ./Middlewares/USB_Device_Library/usbd_core.o
                0x000000000800be7e                USBD_CoreFindIF
 .text.USBD_CoreFindEP
                0x000000000800be98       0x1a ./Middlewares/USB_Device_Library/usbd_core.o
                0x000000000800be98                USBD_CoreFindEP
 .text.USBD_GetEpDesc
                0x000000000800beb2       0x74 ./Middlewares/USB_Device_Library/usbd_core.o
                0x000000000800beb2                USBD_GetEpDesc
 .text.USBD_GetNextDesc
                0x000000000800bf26       0x3a ./Middlewares/USB_Device_Library/usbd_core.o
                0x000000000800bf26                USBD_GetNextDesc
 .text.SWAPBYTE
                0x000000000800bf60       0x3c ./Middlewares/USB_Device_Library/usbd_ctlreq.o
 .text.USBD_StdDevReq
                0x000000000800bf9c       0xe4 ./Middlewares/USB_Device_Library/usbd_ctlreq.o
                0x000000000800bf9c                USBD_StdDevReq
 .text.USBD_StdItfReq
                0x000000000800c080       0xd8 ./Middlewares/USB_Device_Library/usbd_ctlreq.o
                0x000000000800c080                USBD_StdItfReq
 .text.USBD_StdEPReq
                0x000000000800c158      0x33a ./Middlewares/USB_Device_Library/usbd_ctlreq.o
                0x000000000800c158                USBD_StdEPReq
 *fill*         0x000000000800c492        0x2 
 .text.USBD_GetDescriptor
                0x000000000800c494      0x2d4 ./Middlewares/USB_Device_Library/usbd_ctlreq.o
 .text.USBD_SetAddress
                0x000000000800c768       0x88 ./Middlewares/USB_Device_Library/usbd_ctlreq.o
 .text.USBD_SetConfig
                0x000000000800c7f0      0x154 ./Middlewares/USB_Device_Library/usbd_ctlreq.o
 .text.USBD_GetConfig
                0x000000000800c944       0x6c ./Middlewares/USB_Device_Library/usbd_ctlreq.o
 .text.USBD_GetStatus
                0x000000000800c9b0       0x68 ./Middlewares/USB_Device_Library/usbd_ctlreq.o
 .text.USBD_SetFeature
                0x000000000800ca18       0x52 ./Middlewares/USB_Device_Library/usbd_ctlreq.o
 .text.USBD_ClrFeature
                0x000000000800ca6a       0x44 ./Middlewares/USB_Device_Library/usbd_ctlreq.o
 .text.USBD_ParseSetupRequest
                0x000000000800caae       0x74 ./Middlewares/USB_Device_Library/usbd_ctlreq.o
                0x000000000800caae                USBD_ParseSetupRequest
 .text.USBD_CtlError
                0x000000000800cb22       0x22 ./Middlewares/USB_Device_Library/usbd_ctlreq.o
                0x000000000800cb22                USBD_CtlError
 .text.USBD_GetString
                0x000000000800cb44       0x8c ./Middlewares/USB_Device_Library/usbd_ctlreq.o
                0x000000000800cb44                USBD_GetString
 .text.USBD_GetLen
                0x000000000800cbd0       0x34 ./Middlewares/USB_Device_Library/usbd_ctlreq.o
 .text.USBD_CtlSendData
                0x000000000800cc04       0x36 ./Middlewares/USB_Device_Library/usbd_ioreq.o
                0x000000000800cc04                USBD_CtlSendData
 .text.USBD_CtlContinueSendData
                0x000000000800cc3a       0x22 ./Middlewares/USB_Device_Library/usbd_ioreq.o
                0x000000000800cc3a                USBD_CtlContinueSendData
 .text.USBD_CtlPrepareRx
                0x000000000800cc5c       0x3a ./Middlewares/USB_Device_Library/usbd_ioreq.o
                0x000000000800cc5c                USBD_CtlPrepareRx
 .text.USBD_CtlContinueRx
                0x000000000800cc96       0x22 ./Middlewares/USB_Device_Library/usbd_ioreq.o
                0x000000000800cc96                USBD_CtlContinueRx
 .text.USBD_CtlSendStatus
                0x000000000800ccb8       0x26 ./Middlewares/USB_Device_Library/usbd_ioreq.o
                0x000000000800ccb8                USBD_CtlSendStatus
 .text.USBD_CtlReceiveStatus
                0x000000000800ccde       0x26 ./Middlewares/USB_Device_Library/usbd_ioreq.o
                0x000000000800ccde                USBD_CtlReceiveStatus
 .text.memset   0x000000000800cd04       0x10 C:/ST/STM32CubeIDE_1.13.0/STM32CubeIDE/plugins/com.st.stm32cube.ide.mcu.externaltools.gnu-tools-for-stm32.11.3.rel1.win32_1.1.100.202309141235/tools/bin/../lib/gcc/arm-none-eabi/11.3.1/../../../../arm-none-eabi/lib/thumb/v7e-m+fp/hard\libc_nano.a(libc_a-memset.o)
                0x000000000800cd04                memset
 .text.__libc_init_array
                0x000000000800cd14       0x48 C:/ST/STM32CubeIDE_1.13.0/STM32CubeIDE/plugins/com.st.stm32cube.ide.mcu.externaltools.gnu-tools-for-stm32.11.3.rel1.win32_1.1.100.202309141235/tools/bin/../lib/gcc/arm-none-eabi/11.3.1/../../../../arm-none-eabi/lib/thumb/v7e-m+fp/hard\libc_nano.a(libc_a-init.o)
                0x000000000800cd14                __libc_init_array
 *(.glue_7)
 .glue_7        0x000000000800cd5c        0x0 linker stubs
 *(.glue_7t)
 .glue_7t       0x000000000800cd5c        0x0 linker stubs
 *(.eh_frame)
 .eh_frame      0x000000000800cd5c        0x0 C:/ST/STM32CubeIDE_1.13.0/STM32CubeIDE/plugins/com.st.stm32cube.ide.mcu.externaltools.gnu-tools-for-stm32.11.3.rel1.win32_1.1.100.202309141235/tools/bin/../lib/gcc/arm-none-eabi/11.3.1/thumb/v7e-m+fp/hard/crtbegin.o
 *(.init)
 .init          0x000000000800cd5c        0x4 C:/ST/STM32CubeIDE_1.13.0/STM32CubeIDE/plugins/com.st.stm32cube.ide.mcu.externaltools.gnu-tools-for-stm32.11.3.rel1.win32_1.1.100.202309141235/tools/bin/../lib/gcc/arm-none-eabi/11.3.1/thumb/v7e-m+fp/hard/crti.o
                0x000000000800cd5c                _init
 .init          0x000000000800cd60        0x8 C:/ST/STM32CubeIDE_1.13.0/STM32CubeIDE/plugins/com.st.stm32cube.ide.mcu.externaltools.gnu-tools-for-stm32.11.3.rel1.win32_1.1.100.202309141235/tools/bin/../lib/gcc/arm-none-eabi/11.3.1/thumb/v7e-m+fp/hard/crtn.o
 *(.fini)
 .fini          0x000000000800cd68        0x4 C:/ST/STM32CubeIDE_1.13.0/STM32CubeIDE/plugins/com.st.stm32cube.ide.mcu.externaltools.gnu-tools-for-stm32.11.3.rel1.win32_1.1.100.202309141235/tools/bin/../lib/gcc/arm-none-eabi/11.3.1/thumb/v7e-m+fp/hard/crti.o
                0x000000000800cd68                _fini
 .fini          0x000000000800cd6c        0x8 C:/ST/STM32CubeIDE_1.13.0/STM32CubeIDE/plugins/com.st.stm32cube.ide.mcu.externaltools.gnu-tools-for-stm32.11.3.rel1.win32_1.1.100.202309141235/tools/bin/../lib/gcc/arm-none-eabi/11.3.1/thumb/v7e-m+fp/hard/crtn.o
                0x000000000800cd74                . = ALIGN (0x4)
                0x000000000800cd74                _etext = .

.vfp11_veneer   0x000000000800cd74        0x0
 .vfp11_veneer  0x000000000800cd74        0x0 linker stubs

.v4_bx          0x000000000800cd74        0x0
 .v4_bx         0x000000000800cd74        0x0 linker stubs

.iplt           0x000000000800cd74        0x0
 .iplt          0x000000000800cd74        0x0 C:/ST/STM32CubeIDE_1.13.0/STM32CubeIDE/plugins/com.st.stm32cube.ide.mcu.externaltools.gnu-tools-for-stm32.11.3.rel1.win32_1.1.100.202309141235/tools/bin/../lib/gcc/arm-none-eabi/11.3.1/thumb/v7e-m+fp/hard/crtbegin.o

.rodata         0x000000000800cd74      0x1fc
                0x000000000800cd74                . = ALIGN (0x4)
 *(.rodata)
 .rodata        0x000000000800cd74       0x46 ./Application/User/USB_DEVICE/App/usbd_desc.o
 *(.rodata*)
 *fill*         0x000000000800cdba        0x2 
 .rodata.freqs  0x000000000800cdbc       0x50 ./Application/User/Core/main.o
 .rodata.Norm_freqs
                0x000000000800ce0c       0x50 ./Application/User/Core/main.o
 .rodata.Full_Freqs_Lst
                0x000000000800ce5c       0xf4 ./Application/User/Core/main.o
 .rodata.AHBPrescTable
                0x000000000800cf50       0x10 ./Drivers/CMSIS/system_stm32f4xx.o
                0x000000000800cf50                AHBPrescTable
 .rodata.APBPrescTable
                0x000000000800cf60        0x8 ./Drivers/CMSIS/system_stm32f4xx.o
                0x000000000800cf60                APBPrescTable
 .rodata.flagBitshiftOffset.0
                0x000000000800cf68        0x8 ./Drivers/STM32F4xx_HAL_Driver/stm32f4xx_hal_dma.o
                0x000000000800cf70                . = ALIGN (0x4)

.ARM.extab      0x000000000800cf70        0x0
                0x000000000800cf70                . = ALIGN (0x4)
 *(.ARM.extab* .gnu.linkonce.armextab.*)
                0x000000000800cf70                . = ALIGN (0x4)

.ARM            0x000000000800cf70        0x8
                0x000000000800cf70                . = ALIGN (0x4)
                0x000000000800cf70                __exidx_start = .
 *(.ARM.exidx*)
 .ARM.exidx     0x000000000800cf70        0x8 C:/ST/STM32CubeIDE_1.13.0/STM32CubeIDE/plugins/com.st.stm32cube.ide.mcu.externaltools.gnu-tools-for-stm32.11.3.rel1.win32_1.1.100.202309141235/tools/bin/../lib/gcc/arm-none-eabi/11.3.1/thumb/v7e-m+fp/hard\libgcc.a(_udivmoddi4.o)
                0x000000000800cf78                __exidx_end = .
                0x000000000800cf78                . = ALIGN (0x4)

.rel.dyn        0x000000000800cf78        0x0
 .rel.iplt      0x000000000800cf78        0x0 C:/ST/STM32CubeIDE_1.13.0/STM32CubeIDE/plugins/com.st.stm32cube.ide.mcu.externaltools.gnu-tools-for-stm32.11.3.rel1.win32_1.1.100.202309141235/tools/bin/../lib/gcc/arm-none-eabi/11.3.1/thumb/v7e-m+fp/hard/crtbegin.o

.preinit_array  0x000000000800cf78        0x0
                0x000000000800cf78                . = ALIGN (0x4)
                0x000000000800cf78                PROVIDE (__preinit_array_start = .)
 *(.preinit_array*)
                0x000000000800cf78                PROVIDE (__preinit_array_end = .)
                0x000000000800cf78                . = ALIGN (0x4)

.init_array     0x000000000800cf78        0x4
                0x000000000800cf78                . = ALIGN (0x4)
                0x000000000800cf78                PROVIDE (__init_array_start = .)
 *(SORT_BY_NAME(.init_array.*))
 *(.init_array*)
 .init_array    0x000000000800cf78        0x4 C:/ST/STM32CubeIDE_1.13.0/STM32CubeIDE/plugins/com.st.stm32cube.ide.mcu.externaltools.gnu-tools-for-stm32.11.3.rel1.win32_1.1.100.202309141235/tools/bin/../lib/gcc/arm-none-eabi/11.3.1/thumb/v7e-m+fp/hard/crtbegin.o
                0x000000000800cf7c                PROVIDE (__init_array_end = .)
                0x000000000800cf7c                . = ALIGN (0x4)

.fini_array     0x000000000800cf7c        0x4
                0x000000000800cf7c                . = ALIGN (0x4)
                [!provide]                        PROVIDE (__fini_array_start = .)
 *(SORT_BY_NAME(.fini_array.*))
 *(.fini_array*)
 .fini_array    0x000000000800cf7c        0x4 C:/ST/STM32CubeIDE_1.13.0/STM32CubeIDE/plugins/com.st.stm32cube.ide.mcu.externaltools.gnu-tools-for-stm32.11.3.rel1.win32_1.1.100.202309141235/tools/bin/../lib/gcc/arm-none-eabi/11.3.1/thumb/v7e-m+fp/hard/crtbegin.o
                [!provide]                        PROVIDE (__fini_array_end = .)
                0x000000000800cf80                . = ALIGN (0x4)
                0x000000000800cf80                _sidata = LOADADDR (.data)

.data           0x0000000020000000      0x140 load address 0x000000000800cf80
                0x0000000020000000                . = ALIGN (0x4)
                0x0000000020000000                _sdata = .
 *(.data)
 *(.data*)
 .data.SPI1_OUT
                0x0000000020000000        0x8 ./Application/User/Core/main.o
                0x0000000020000000                SPI1_OUT
 .data.AvgRSSI  0x0000000020000008        0x2 ./Application/User/Core/main.o
                0x0000000020000008                AvgRSSI
 .data.LvlRSSI  0x000000002000000a        0x2 ./Application/User/Core/main.o
                0x000000002000000a                LvlRSSI
 .data.command_word1
                0x000000002000000c       0x10 ./Application/User/Core/main.o
                0x000000002000000c                command_word1
 .data.command_start_freq
                0x000000002000001c       0x10 ./Application/User/Core/main.o
                0x000000002000001c                command_start_freq
 .data.Stat     0x000000002000002c        0x1 ./Application/User/FATFS/Target/user_diskio.o
 *fill*         0x000000002000002d        0x3 
 .data.USER_Driver
                0x0000000020000030       0x14 ./Application/User/FATFS/Target/user_diskio.o
                0x0000000020000030                USER_Driver
 .data.USBD_Interface_fops_FS
                0x0000000020000044       0x14 ./Application/User/USB_DEVICE/App/usbd_cdc_if.o
                0x0000000020000044                USBD_Interface_fops_FS
 .data.FS_Desc  0x0000000020000058       0x1c ./Application/User/USB_DEVICE/App/usbd_desc.o
                0x0000000020000058                FS_Desc
 .data.USBD_FS_DeviceDesc
                0x0000000020000074       0x12 ./Application/User/USB_DEVICE/App/usbd_desc.o
                0x0000000020000074                USBD_FS_DeviceDesc
 *fill*         0x0000000020000086        0x2 
 .data.USBD_LangIDDesc
                0x0000000020000088        0x4 ./Application/User/USB_DEVICE/App/usbd_desc.o
                0x0000000020000088                USBD_LangIDDesc
 .data.USBD_StringSerial
                0x000000002000008c       0x1a ./Application/User/USB_DEVICE/App/usbd_desc.o
                0x000000002000008c                USBD_StringSerial
 *fill*         0x00000000200000a6        0x2 
 .data.SystemCoreClock
                0x00000000200000a8        0x4 ./Drivers/CMSIS/system_stm32f4xx.o
                0x00000000200000a8                SystemCoreClock
 .data.uwTickPrio
                0x00000000200000ac        0x4 ./Drivers/STM32F4xx_HAL_Driver/stm32f4xx_hal.o
                0x00000000200000ac                uwTickPrio
 .data.uwTickFreq
                0x00000000200000b0        0x1 ./Drivers/STM32F4xx_HAL_Driver/stm32f4xx_hal.o
                0x00000000200000b0                uwTickFreq
 *fill*         0x00000000200000b1        0x3 
 .data.USBD_CDC_DeviceQualifierDesc
                0x00000000200000b4        0xa ./Middlewares/USB_Device_Library/usbd_cdc.o
 *fill*         0x00000000200000be        0x2 
 .data.USBD_CDC
                0x00000000200000c0       0x38 ./Middlewares/USB_Device_Library/usbd_cdc.o
                0x00000000200000c0                USBD_CDC
 .data.USBD_CDC_CfgDesc
                0x00000000200000f8       0x43 ./Middlewares/USB_Device_Library/usbd_cdc.o
 .data.CDCInEpAdd
                0x000000002000013b        0x1 ./Middlewares/USB_Device_Library/usbd_cdc.o
 .data.CDCOutEpAdd
                0x000000002000013c        0x1 ./Middlewares/USB_Device_Library/usbd_cdc.o
 .data.CDCCmdEpAdd
                0x000000002000013d        0x1 ./Middlewares/USB_Device_Library/usbd_cdc.o
 *(.RamFunc)
 *(.RamFunc*)
                0x0000000020000140                . = ALIGN (0x4)
 *fill*         0x000000002000013e        0x2 
                0x0000000020000140                _edata = .

.igot.plt       0x0000000020000140        0x0 load address 0x000000000800d0c0
 .igot.plt      0x0000000020000140        0x0 C:/ST/STM32CubeIDE_1.13.0/STM32CubeIDE/plugins/com.st.stm32cube.ide.mcu.externaltools.gnu-tools-for-stm32.11.3.rel1.win32_1.1.100.202309141235/tools/bin/../lib/gcc/arm-none-eabi/11.3.1/thumb/v7e-m+fp/hard/crtbegin.o
                0x0000000020000140                . = ALIGN (0x4)

.bss            0x0000000020000140     0x248c load address 0x000000000800d0c0
                0x0000000020000140                _sbss = .
                0x0000000020000140                __bss_start__ = _sbss
 *(.bss)
 .bss           0x0000000020000140       0x1c C:/ST/STM32CubeIDE_1.13.0/STM32CubeIDE/plugins/com.st.stm32cube.ide.mcu.externaltools.gnu-tools-for-stm32.11.3.rel1.win32_1.1.100.202309141235/tools/bin/../lib/gcc/arm-none-eabi/11.3.1/thumb/v7e-m+fp/hard/crtbegin.o
 *(.bss*)
 .bss.hadc1     0x000000002000015c       0x48 ./Application/User/Core/adc.o
                0x000000002000015c                hadc1
 .bss.hdma_adc1
                0x00000000200001a4       0x60 ./Application/User/Core/adc.o
                0x00000000200001a4                hdma_adc1
 .bss.hcrc      0x0000000020000204        0x8 ./Application/User/Core/crc.o
                0x0000000020000204                hcrc
 .bss.hi2c1     0x000000002000020c       0x54 ./Application/User/Core/i2c.o
                0x000000002000020c                hi2c1
 .bss.hi2c2     0x0000000020000260       0x54 ./Application/User/Core/i2c.o
                0x0000000020000260                hi2c2
 .bss.Packs     0x00000000200002b4      0x2dc ./Application/User/Core/main.o
                0x00000000200002b4                Packs
 .bss.CLK1_CNT  0x0000000020000590        0x1 ./Application/User/Core/main.o
                0x0000000020000590                CLK1_CNT
 *fill*         0x0000000020000591        0x1 
 .bss.i         0x0000000020000592        0x2 ./Application/User/Core/main.o
                0x0000000020000592                i
 .bss.j         0x0000000020000594        0x2 ./Application/User/Core/main.o
                0x0000000020000594                j
 .bss.k         0x0000000020000596        0x2 ./Application/User/Core/main.o
                0x0000000020000596                k
 .bss.l         0x0000000020000598        0x2 ./Application/User/Core/main.o
                0x0000000020000598                l
 *fill*         0x000000002000059a        0x2 
 .bss.adcData   0x000000002000059c       0xc8 ./Application/User/Core/main.o
                0x000000002000059c                adcData
 .bss.TmpADC    0x0000000020000664        0x4 ./Application/User/Core/main.o
                0x0000000020000664                TmpADC
 .bss.Fnd_RSSI  0x0000000020000668        0x2 ./Application/User/Core/main.o
                0x0000000020000668                Fnd_RSSI
 .bss.Fnd_Idx   0x000000002000066a        0x1 ./Application/User/Core/main.o
                0x000000002000066a                Fnd_Idx
 .bss.Fnd_Flag  0x000000002000066b        0x1 ./Application/User/Core/main.o
                0x000000002000066b                Fnd_Flag
 .bss.maxRSSI   0x000000002000066c        0x2 ./Application/User/Core/main.o
                0x000000002000066c                maxRSSI
 *fill*         0x000000002000066e        0x2 
 .bss.SummRSSI  0x0000000020000670        0x4 ./Application/User/Core/main.o
                0x0000000020000670                SummRSSI
 .bss.RX_Freq   0x0000000020000674        0x2 ./Application/User/Core/main.o
                0x0000000020000674                RX_Freq
 *fill*         0x0000000020000676        0x2 
 .bss.Fix_freqs
                0x0000000020000678       0x50 ./Application/User/Core/main.o
                0x0000000020000678                Fix_freqs
 .bss.Fix_Norm_freqs
                0x00000000200006c8       0x50 ./Application/User/Core/main.o
                0x00000000200006c8                Fix_Norm_freqs
 .bss.Full_Freqs
                0x0000000020000718       0xf4 ./Application/User/Core/main.o
                0x0000000020000718                Full_Freqs
 .bss.receiveBuffer
                0x000000002000080c       0x1b ./Application/User/Core/main.o
                0x000000002000080c                receiveBuffer
 *fill*         0x0000000020000827        0x1 
 .bss.hspi1     0x0000000020000828       0x58 ./Application/User/Core/spi.o
                0x0000000020000828                hspi1
 .bss.hspi2     0x0000000020000880       0x58 ./Application/User/Core/spi.o
                0x0000000020000880                hspi2
 .bss.htim2     0x00000000200008d8       0x48 ./Application/User/Core/tim.o
                0x00000000200008d8                htim2
 .bss.huart1    0x0000000020000920       0x44 ./Application/User/Core/usart.o
                0x0000000020000920                huart1
 .bss.huart2    0x0000000020000964       0x44 ./Application/User/Core/usart.o
                0x0000000020000964                huart2
 .bss.retUSER   0x00000000200009a8        0x1 ./Application/User/FATFS/App/fatfs.o
                0x00000000200009a8                retUSER
 *fill*         0x00000000200009a9        0x3 
 .bss.USERPath  0x00000000200009ac        0x4 ./Application/User/FATFS/App/fatfs.o
                0x00000000200009ac                USERPath
 .bss.hUsbDeviceFS
                0x00000000200009b0      0x2dc ./Application/User/USB_DEVICE/App/usb_device.o
                0x00000000200009b0                hUsbDeviceFS
 .bss.UserRxBufferFS
                0x0000000020000c8c      0x800 ./Application/User/USB_DEVICE/App/usbd_cdc_if.o
                0x0000000020000c8c                UserRxBufferFS
 .bss.UserTxBufferFS
                0x000000002000148c      0x800 ./Application/User/USB_DEVICE/App/usbd_cdc_if.o
                0x000000002000148c                UserTxBufferFS
 .bss.USBD_StrDesc
                0x0000000020001c8c      0x200 ./Application/User/USB_DEVICE/App/usbd_desc.o
                0x0000000020001c8c                USBD_StrDesc
 .bss.hpcd_USB_OTG_FS
                0x0000000020001e8c      0x50c ./Application/User/USB_DEVICE/Target/usbd_conf.o
                0x0000000020001e8c                hpcd_USB_OTG_FS
 .bss.mem.0     0x0000000020002398      0x220 ./Application/User/USB_DEVICE/Target/usbd_conf.o
 .bss.uwTick    0x00000000200025b8        0x4 ./Drivers/STM32F4xx_HAL_Driver/stm32f4xx_hal.o
                0x00000000200025b8                uwTick
 .bss.disk      0x00000000200025bc        0xc ./Middlewares/FatFs/ff_gen_drv.o
                0x00000000200025bc                disk
 .bss.cfgidx.0  0x00000000200025c8        0x1 ./Middlewares/USB_Device_Library/usbd_ctlreq.o
 *(COMMON)
                0x00000000200025cc                . = ALIGN (0x4)
 *fill*         0x00000000200025c9        0x3 
                0x00000000200025cc                _ebss = .
                0x00000000200025cc                __bss_end__ = _ebss

._user_heap_stack
                0x00000000200025cc      0x604 load address 0x000000000800d0c0
                0x00000000200025d0                . = ALIGN (0x8)
 *fill*         0x00000000200025cc        0x4 
                [!provide]                        PROVIDE (end = .)
                0x00000000200025d0                PROVIDE (_end = .)
                0x00000000200027d0                . = (. + _Min_Heap_Size)
 *fill*         0x00000000200025d0      0x200 
                0x0000000020002bd0                . = (. + _Min_Stack_Size)
 *fill*         0x00000000200027d0      0x400 
                0x0000000020002bd0                . = ALIGN (0x8)

/DISCARD/
 libc.a(*)
 libm.a(*)
 libgcc.a(*)

.ARM.attributes
                0x0000000000000000       0x30
 *(.ARM.attributes)
 .ARM.attributes
                0x0000000000000000       0x1e C:/ST/STM32CubeIDE_1.13.0/STM32CubeIDE/plugins/com.st.stm32cube.ide.mcu.externaltools.gnu-tools-for-stm32.11.3.rel1.win32_1.1.100.202309141235/tools/bin/../lib/gcc/arm-none-eabi/11.3.1/thumb/v7e-m+fp/hard/crti.o
 .ARM.attributes
                0x000000000000001e       0x34 C:/ST/STM32CubeIDE_1.13.0/STM32CubeIDE/plugins/com.st.stm32cube.ide.mcu.externaltools.gnu-tools-for-stm32.11.3.rel1.win32_1.1.100.202309141235/tools/bin/../lib/gcc/arm-none-eabi/11.3.1/thumb/v7e-m+fp/hard/crtbegin.o
 .ARM.attributes
                0x0000000000000052       0x34 ./Application/User/Core/RX5808.o
 .ARM.attributes
                0x0000000000000086       0x34 ./Application/User/Core/adc.o
 .ARM.attributes
                0x00000000000000ba       0x34 ./Application/User/Core/crc.o
 .ARM.attributes
                0x00000000000000ee       0x34 ./Application/User/Core/dma.o
 .ARM.attributes
                0x0000000000000122       0x34 ./Application/User/Core/gpio.o
 .ARM.attributes
                0x0000000000000156       0x34 ./Application/User/Core/i2c.o
 .ARM.attributes
                0x000000000000018a       0x34 ./Application/User/Core/main.o
 .ARM.attributes
                0x00000000000001be       0x34 ./Application/User/Core/spi.o
 .ARM.attributes
                0x00000000000001f2       0x34 ./Application/User/Core/stm32f4xx_hal_msp.o
 .ARM.attributes
                0x0000000000000226       0x34 ./Application/User/Core/stm32f4xx_it.o
 .ARM.attributes
                0x000000000000025a       0x34 ./Application/User/Core/tim.o
 .ARM.attributes
                0x000000000000028e       0x34 ./Application/User/Core/usart.o
 .ARM.attributes
                0x00000000000002c2       0x34 ./Application/User/FATFS/App/fatfs.o
 .ARM.attributes
                0x00000000000002f6       0x34 ./Application/User/FATFS/Target/user_diskio.o
 .ARM.attributes
                0x000000000000032a       0x21 ./Application/User/Startup/startup_stm32f411ceux.o
 .ARM.attributes
                0x000000000000034b       0x34 ./Application/User/USB_DEVICE/App/usb_device.o
 .ARM.attributes
                0x000000000000037f       0x34 ./Application/User/USB_DEVICE/App/usbd_cdc_if.o
 .ARM.attributes
                0x00000000000003b3       0x34 ./Application/User/USB_DEVICE/App/usbd_desc.o
 .ARM.attributes
                0x00000000000003e7       0x34 ./Application/User/USB_DEVICE/Target/usbd_conf.o
 .ARM.attributes
                0x000000000000041b       0x34 ./Drivers/CMSIS/system_stm32f4xx.o
 .ARM.attributes
                0x000000000000044f       0x34 ./Drivers/STM32F4xx_HAL_Driver/stm32f4xx_hal.o
 .ARM.attributes
                0x0000000000000483       0x34 ./Drivers/STM32F4xx_HAL_Driver/stm32f4xx_hal_adc.o
 .ARM.attributes
                0x00000000000004b7       0x34 ./Drivers/STM32F4xx_HAL_Driver/stm32f4xx_hal_adc_ex.o
 .ARM.attributes
                0x00000000000004eb       0x34 ./Drivers/STM32F4xx_HAL_Driver/stm32f4xx_hal_cortex.o
 .ARM.attributes
                0x000000000000051f       0x34 ./Drivers/STM32F4xx_HAL_Driver/stm32f4xx_hal_crc.o
 .ARM.attributes
                0x0000000000000553       0x34 ./Drivers/STM32F4xx_HAL_Driver/stm32f4xx_hal_dma.o
 .ARM.attributes
                0x0000000000000587       0x34 ./Drivers/STM32F4xx_HAL_Driver/stm32f4xx_hal_gpio.o
 .ARM.attributes
                0x00000000000005bb       0x34 ./Drivers/STM32F4xx_HAL_Driver/stm32f4xx_hal_i2c.o
 .ARM.attributes
                0x00000000000005ef       0x34 ./Drivers/STM32F4xx_HAL_Driver/stm32f4xx_hal_pcd.o
 .ARM.attributes
                0x0000000000000623       0x34 ./Drivers/STM32F4xx_HAL_Driver/stm32f4xx_hal_pcd_ex.o
 .ARM.attributes
                0x0000000000000657       0x34 ./Drivers/STM32F4xx_HAL_Driver/stm32f4xx_hal_rcc.o
 .ARM.attributes
                0x000000000000068b       0x34 ./Drivers/STM32F4xx_HAL_Driver/stm32f4xx_hal_spi.o
 .ARM.attributes
                0x00000000000006bf       0x34 ./Drivers/STM32F4xx_HAL_Driver/stm32f4xx_hal_tim.o
 .ARM.attributes
                0x00000000000006f3       0x34 ./Drivers/STM32F4xx_HAL_Driver/stm32f4xx_hal_tim_ex.o
 .ARM.attributes
                0x0000000000000727       0x34 ./Drivers/STM32F4xx_HAL_Driver/stm32f4xx_hal_uart.o
 .ARM.attributes
                0x000000000000075b       0x34 ./Drivers/STM32F4xx_HAL_Driver/stm32f4xx_ll_usb.o
 .ARM.attributes
                0x000000000000078f       0x34 ./Middlewares/FatFs/ff_gen_drv.o
 .ARM.attributes
                0x00000000000007c3       0x34 ./Middlewares/USB_Device_Library/usbd_cdc.o
 .ARM.attributes
                0x00000000000007f7       0x34 ./Middlewares/USB_Device_Library/usbd_core.o
 .ARM.attributes
                0x000000000000082b       0x34 ./Middlewares/USB_Device_Library/usbd_ctlreq.o
 .ARM.attributes
                0x000000000000085f       0x34 ./Middlewares/USB_Device_Library/usbd_ioreq.o
 .ARM.attributes
                0x0000000000000893       0x34 C:/ST/STM32CubeIDE_1.13.0/STM32CubeIDE/plugins/com.st.stm32cube.ide.mcu.externaltools.gnu-tools-for-stm32.11.3.rel1.win32_1.1.100.202309141235/tools/bin/../lib/gcc/arm-none-eabi/11.3.1/../../../../arm-none-eabi/lib/thumb/v7e-m+fp/hard\libc_nano.a(libc_a-memset.o)
 .ARM.attributes
                0x00000000000008c7       0x34 C:/ST/STM32CubeIDE_1.13.0/STM32CubeIDE/plugins/com.st.stm32cube.ide.mcu.externaltools.gnu-tools-for-stm32.11.3.rel1.win32_1.1.100.202309141235/tools/bin/../lib/gcc/arm-none-eabi/11.3.1/../../../../arm-none-eabi/lib/thumb/v7e-m+fp/hard\libc_nano.a(libc_a-init.o)
 .ARM.attributes
                0x00000000000008fb       0x1e C:/ST/STM32CubeIDE_1.13.0/STM32CubeIDE/plugins/com.st.stm32cube.ide.mcu.externaltools.gnu-tools-for-stm32.11.3.rel1.win32_1.1.100.202309141235/tools/bin/../lib/gcc/arm-none-eabi/11.3.1/thumb/v7e-m+fp/hard\libgcc.a(_aeabi_uldivmod.o)
 .ARM.attributes
                0x0000000000000919       0x34 C:/ST/STM32CubeIDE_1.13.0/STM32CubeIDE/plugins/com.st.stm32cube.ide.mcu.externaltools.gnu-tools-for-stm32.11.3.rel1.win32_1.1.100.202309141235/tools/bin/../lib/gcc/arm-none-eabi/11.3.1/thumb/v7e-m+fp/hard\libgcc.a(_udivmoddi4.o)
 .ARM.attributes
                0x000000000000094d       0x1e C:/ST/STM32CubeIDE_1.13.0/STM32CubeIDE/plugins/com.st.stm32cube.ide.mcu.externaltools.gnu-tools-for-stm32.11.3.rel1.win32_1.1.100.202309141235/tools/bin/../lib/gcc/arm-none-eabi/11.3.1/thumb/v7e-m+fp/hard\libgcc.a(_dvmd_tls.o)
 .ARM.attributes
                0x000000000000096b       0x1e C:/ST/STM32CubeIDE_1.13.0/STM32CubeIDE/plugins/com.st.stm32cube.ide.mcu.externaltools.gnu-tools-for-stm32.11.3.rel1.win32_1.1.100.202309141235/tools/bin/../lib/gcc/arm-none-eabi/11.3.1/thumb/v7e-m+fp/hard/crtn.o
OUTPUT(F411_HW_SPI_UART.elf elf32-littlearm)
LOAD linker stubs
LOAD C:/ST/STM32CubeIDE_1.13.0/STM32CubeIDE/plugins/com.st.stm32cube.ide.mcu.externaltools.gnu-tools-for-stm32.11.3.rel1.win32_1.1.100.202309141235/tools/bin/../lib/gcc/arm-none-eabi/11.3.1/../../../../arm-none-eabi/lib/thumb/v7e-m+fp/hard\libc.a
LOAD C:/ST/STM32CubeIDE_1.13.0/STM32CubeIDE/plugins/com.st.stm32cube.ide.mcu.externaltools.gnu-tools-for-stm32.11.3.rel1.win32_1.1.100.202309141235/tools/bin/../lib/gcc/arm-none-eabi/11.3.1/../../../../arm-none-eabi/lib/thumb/v7e-m+fp/hard\libm.a
LOAD C:/ST/STM32CubeIDE_1.13.0/STM32CubeIDE/plugins/com.st.stm32cube.ide.mcu.externaltools.gnu-tools-for-stm32.11.3.rel1.win32_1.1.100.202309141235/tools/bin/../lib/gcc/arm-none-eabi/11.3.1/thumb/v7e-m+fp/hard\libgcc.a

.comment        0x0000000000000000       0x43
 .comment       0x0000000000000000       0x43 C:/ST/STM32CubeIDE_1.13.0/STM32CubeIDE/plugins/com.st.stm32cube.ide.mcu.externaltools.gnu-tools-for-stm32.11.3.rel1.win32_1.1.100.202309141235/tools/bin/../lib/gcc/arm-none-eabi/11.3.1/thumb/v7e-m+fp/hard/crtbegin.o
                                         0x44 (size before relaxing)
 .comment       0x0000000000000043       0x44 ./Application/User/Core/RX5808.o
 .comment       0x0000000000000043       0x44 ./Application/User/Core/adc.o
 .comment       0x0000000000000043       0x44 ./Application/User/Core/crc.o
 .comment       0x0000000000000043       0x44 ./Application/User/Core/dma.o
 .comment       0x0000000000000043       0x44 ./Application/User/Core/gpio.o
 .comment       0x0000000000000043       0x44 ./Application/User/Core/i2c.o