<html>
<body>
<pre>
<h1>µVision Build Log</h1>
<h2>Tool Versions:</h2>
IDE-Version: µVision V5.38.0.0
Copyright (C) 2022 ARM Ltd and ARM Germany GmbH. All rights reserved.
License Information: Panich Panich, Panich, LIC=SDA0P-MK7UX-X7URZ-JNU7M-X8RHF-3GFIM
 
Tool Versions:
Toolchain:       MDK-ARM Plus  Version: 5.38.0.0
Toolchain Path:  C:\Keil_v5\ARM\ARMCLANG\Bin
C Compiler:      ArmClang.exe V6.19
Assembler:       Armasm.exe V6.19
Linker/Locator:  ArmLink.exe V6.19
Library Manager: ArmAr.exe V6.19
Hex Converter:   FromElf.exe V6.19
CPU DLL:         SARMCM3.DLL V5.38.0.0
Dialog DLL:      DCM.DLL V1.17.5.0
Target DLL:      STLink\ST-LINKIII-KEIL_SWO.dll V3.1.0.0
Dialog DLL:      TCM.DLL V1.56.4.0
 
<h2>Project:</h2>
C:\Users\User\Documents\STM32CubeMX-6.11.0\Projects\mt_ssd1306_example_1\MT_SSD1306_Example_1_final\MDK-ARM\MT_SSD1306_Example_1.uvprojx
Project File Date:  07/26/2024

<h2>Output:</h2>
*** Using Compiler 'V6.19', folder: 'C:\Keil_v5\ARM\ARMCLANG\Bin'
Rebuild target 'MT_SSD1306_Example_1'
assembling startup_stm32f103xb.s...
compiling i2c.c...
compiling gpio.c...
compiling adc.c...
compiling dma.c...
compiling tim.c...
compiling usart.c...
compiling stm32f1xx_hal_msp.c...
compiling stm32f1xx_hal_gpio_ex.c...
compiling stm32f1xx_it.c...
compiling stm32f1xx_hal_adc_ex.c...
compiling stm32f1xx_hal.c...
compiling stm32f1xx_hal_adc.c...
../Core/Src/main.c(940): warning: incompatible pointer types assigning to 'volatile float *' from 'volatile uint32_t *' (aka 'volatile unsigned int *') [-Wincompatible-pointer-types]
                                                        point=&roll_temp;
                                                             ^~~~~~~~~~~
../Core/Src/main.c(944): warning: incompatible pointer types assigning to 'volatile float *' from 'volatile uint32_t *' (aka 'volatile unsigned int *') [-Wincompatible-pointer-types]
                                                        point=&pitch_temp;
                                                             ^~~~~~~~~~~~
../Core/Src/main.c(948): warning: incompatible pointer types assigning to 'volatile float *' from 'volatile uint32_t *' (aka 'volatile unsigned int *') [-Wincompatible-pointer-types]
                                                        point=&yaw_temp;
                                                             ^~~~~~~~~~
3 warnings generated.
compiling main.c...
compiling stm32f1xx_hal_rcc_ex.c...
compiling stm32f1xx_hal_gpio.c...
compiling stm32f1xx_hal_rcc.c...
compiling stm32f1xx_hal_pwr.c...
compiling stm32f1xx_hal_cortex.c...
compiling stm32f1xx_hal_dma.c...
compiling stm32f1xx_hal_flash.c...
compiling stm32f1xx_hal_exti.c...
compiling stm32f1xx_hal_flash_ex.c...
compiling system_stm32f1xx.c...
compiling ssd1306_interface.c...
compiling ssd1306.c...
compiling stm32f1xx_hal_tim_ex.c...
compiling stm32f1xx_hal_uart.c...
compiling stm32f1xx_hal_tim.c...
compiling stm32f1xx_hal_i2c.c...
linking...
Program Size: Code=37428 RO-data=2824 RW-data=48 ZI-data=4568  
FromELF: creating hex file...
"MT_SSD1306_Example_1\MT_SSD1306_Example_1.axf" - 0 Error(s), 3 Warning(s).

<h2>Software Packages used:</h2>

Package Vendor: ARM
                http://www.keil.com/pack/ARM.CMSIS.5.9.0.pack
                ARM.CMSIS.5.9.0
                CMSIS (Common Microcontroller Software Interface Standard)
   * Component: CORE Version: 5.6.0

Package Vendor: Keil
                https://www.keil.com/pack/Keil.STM32F1xx_DFP.2.4.1.pack
                Keil.STM32F1xx_DFP.2.4.1
                STMicroelectronics STM32F1 Series Device Support, Drivers and Examples

<h2>Collection of Component include folders:</h2>
  ./RTE/_MT_SSD1306_Example_1
  C:/Users/User/AppData/Local/Arm/Packs/ARM/CMSIS/5.9.0/CMSIS/Core/Include
  C:/Users/User/AppData/Local/Arm/Packs/Keil/STM32F1xx_DFP/2.4.1/Device/Include

<h2>Collection of Component Files used:</h2>

   * Component: ARM::CMSIS:CORE:5.6.0
      Include file:  CMSIS/Core/Include/tz_context.h
Build Time Elapsed:  00:00:06
</pre>
</body>
</html>
