<html>
<body>
<pre>
<h1>µVision Build Log</h1>
<h2>Tool Versions:</h2>
IDE-Version: µVision V5.38.0.0
Copyright (C) 2022 ARM Ltd and ARM Germany GmbH. All rights reserved.
License Information: Panich Panich, Panich, LIC=SDA0P-MK7UX-X7URZ-JNU7M-X8RHF-3GFIM
 
Tool Versions:
Toolchain:       MDK-ARM Plus  Version: 5.38.0.0
Toolchain Path:  C:\Keil_v5\ARM\ARMCLANG\Bin
C Compiler:      ArmClang.exe V6.19
Assembler:       Armasm.exe V6.19
Linker/Locator:  ArmLink.exe V6.19
Library Manager: ArmAr.exe V6.19
Hex Converter:   FromElf.exe V6.19
CPU DLL:         SARMCM3.DLL V5.38.0.0
Dialog DLL:      DCM.DLL V1.17.5.0
Target DLL:      STLink\ST-LINKIII-KEIL_SWO.dll V3.1.0.0
Dialog DLL:      TCM.DLL V1.56.4.0
 
<h2>Project:</h2>
C:\Users\User\Documents\STM32CubeMX-6.11.0\Projects\spi\spi.uvprojx
Project File Date:  10/24/2024

<h2>Output:</h2>
*** Using Compiler 'V6.19', folder: 'C:\Keil_v5\ARM\ARMCLANG\Bin'
Rebuild target 'Target 1'
assembling startup_stm32f401xc.s...
compiling system_stm32f4xx.c...
main.c(25): warning: // comments are not allowed in this language [-Wcomment]
//const uint16_t frequencyTable[48] = {
^
main.c(33): warning: no previous extern declaration for non-static variable 'frequencyTable' [-Wmissing-variable-declarations]
const uint16_t frequencyTable[40] = {
               ^
main.c(33): note: declare 'static' if the variable is not intended to be used outside of this translation unit
const uint16_t frequencyTable[40] = {
      ^
main.c(87): warning: implicit conversion changes signedness: 'int' to 'unsigned int' [-Wsign-conversion]
        TIM2->CR1 &= ~0x1;                                              //stop
                  ~~ ^~~~
main.c(88): warning: implicit conversion changes signedness: 'int' to 'unsigned int' [-Wsign-conversion]
        TIM2->SR &= ~0x1;
                 ~~ ^~~~
main.c(98): warning: implicit conversion changes signedness: 'int' to 'uint32_t' (aka 'unsigned int') [-Wsign-conversion]
    uint32_t data = ((((f - 479) / 2) / 32) << 7) | (((f - 479) / 2) % 32);
             ~~~~   ~~~~~~~~~~~~~~~~~~~~~~~~~~~~~~^~~~~~~~~~~~~~~~~~~~~~~~
main.c(123): warning: implicit conversion changes signedness: 'int' to 'uint32_t' (aka 'unsigned int') [-Wsign-conversion]
    uint32_t data = ((((f - 479) / 2) / 32) << 7) | (((f - 479) / 2) % 32);
             ~~~~   ~~~~~~~~~~~~~~~~~~~~~~~~~~~~~~^~~~~~~~~~~~~~~~~~~~~~~~
main.c(122): warning: mixing declarations and code is a C99 extension [-Wdeclaration-after-statement]
    uint16_t f = frequencyTable[currentIndex];
             ^
main.c(205): warning: implicit conversion changes signedness: 'int' to 'unsigned int' [-Wsign-conversion]
        GPIOA->MODER &= ~0xC;
                     ~~ ^~~~
main.c(41): warning: no previous extern declaration for non-static variable 'currentIndex' [-Wmissing-variable-declarations]
int currentIndex;
    ^
main.c(41): note: declare 'static' if the variable is not intended to be used outside of this translation unit
int currentIndex;
^
9 warnings generated.
compiling main.c...
linking...
Program Size: Code=1436 RO-data=500 RW-data=0 ZI-data=1640  
".\Objects\spi.axf" - 0 Error(s), 9 Warning(s).

<h2>Software Packages used:</h2>

Package Vendor: ARM
                http://www.keil.com/pack/ARM.CMSIS.5.9.0.pack
                ARM.CMSIS.5.9.0
                CMSIS (Common Microcontroller Software Interface Standard)
   * Component: CORE Version: 5.6.0

Package Vendor: Keil
                https://www.keil.com/pack/Keil.STM32F4xx_DFP.2.17.1.pack
                Keil.STM32F4xx_DFP.2.17.1
                STMicroelectronics STM32F4 Series Device Support, Drivers and Examples
   * Component: Startup Version: 2.6.3

<h2>Collection of Component include folders:</h2>
  ./RTE/_Target_1
  C:/Users/User/AppData/Local/Arm/Packs/ARM/CMSIS/5.9.0/CMSIS/Core/Include
  C:/Users/User/AppData/Local/Arm/Packs/Keil/STM32F4xx_DFP/2.17.1/Drivers/CMSIS/Device/ST/STM32F4xx/Include

<h2>Collection of Component Files used:</h2>

   * Component: ARM::CMSIS:CORE:5.6.0

   * Component: Keil::Device:Startup:2.6.3
      Include file:  Drivers/CMSIS/Device/ST/STM32F4xx/Include/stm32f4xx.h
      Source file:   Drivers/CMSIS/Device/ST/STM32F4xx/Source/Templates/arm/startup_stm32f401xc.s
      Source file:   MDK/Device/Source/ARM/STM32F401xx_OPT.s
      Source file:   MDK/Device/Source/ARM/STM32F4xx_OTP.s
      Source file:   Drivers/CMSIS/Device/ST/STM32F4xx/Source/Templates/system_stm32f4xx.c
Build Time Elapsed:  00:00:01
</pre>
</body>
</html>
