###############################################################################
#
# IAR ELF Linker V9.30.1.335/W64 for ARM                  10/Oct/2024  00:36:03
# Copyright 2007-2022 IAR Systems AB.
#
#    Output file  =
#        D:\STM
#        Project\Mirror5_8G\F411_HW_Mode\EWARM\F411_HW_Mode\Exe\F411_HW_Mode.out
#    Map file     =
#        D:\STM
#        Project\Mirror5_8G\F411_HW_Mode\EWARM\F411_HW_Mode\List\F411_HW_Mode.map
#    Command line =
#        -f "D:\STM
#        Project\Mirror5_8G\F411_HW_Mode\EWARM\F411_HW_Mode\Exe\F411_HW_Mode.out.rsp"
#        ("D:\STM
#        Project\Mirror5_8G\F411_HW_Mode\EWARM\F411_HW_Mode\Obj\Application\User\Core\adc.o"
#        "D:\STM
#        Project\Mirror5_8G\F411_HW_Mode\EWARM\F411_HW_Mode\Obj\Application\User\Core\crc.o"
#        "D:\STM
#        Project\Mirror5_8G\F411_HW_Mode\EWARM\F411_HW_Mode\Obj\Middlewares\FatFs\diskio.o"
#        "D:\STM
#        Project\Mirror5_8G\F411_HW_Mode\EWARM\F411_HW_Mode\Obj\Application\User\FATFS\App\fatfs.o"
#        "D:\STM
#        Project\Mirror5_8G\F411_HW_Mode\EWARM\F411_HW_Mode\Obj\Middlewares\FatFs\ff.o"
#        "D:\STM
#        Project\Mirror5_8G\F411_HW_Mode\EWARM\F411_HW_Mode\Obj\Middlewares\FatFs\ff_gen_drv.o"
#        "D:\STM
#        Project\Mirror5_8G\F411_HW_Mode\EWARM\F411_HW_Mode\Obj\Application\User\Core\gpio.o"
#        "D:\STM
#        Project\Mirror5_8G\F411_HW_Mode\EWARM\F411_HW_Mode\Obj\Application\User\Core\i2c.o"
#        "D:\STM
#        Project\Mirror5_8G\F411_HW_Mode\EWARM\F411_HW_Mode\Obj\Application\User\Core\main.o"
#        "D:\STM
#        Project\Mirror5_8G\F411_HW_Mode\EWARM\F411_HW_Mode\Obj\Application\User\Core\RX5808.o"
#        "D:\STM
#        Project\Mirror5_8G\F411_HW_Mode\EWARM\F411_HW_Mode\Obj\Application\User\Core\spi.o"
#        "D:\STM
#        Project\Mirror5_8G\F411_HW_Mode\EWARM\F411_HW_Mode\Obj\Application\EWARM\startup_stm32f411xe.o"
#        "D:\STM
#        Project\Mirror5_8G\F411_HW_Mode\EWARM\F411_HW_Mode\Obj\Drivers\STM32F4xx_HAL_Driver\stm32f4xx_hal.o"
#        "D:\STM
#        Project\Mirror5_8G\F411_HW_Mode\EWARM\F411_HW_Mode\Obj\Drivers\STM32F4xx_HAL_Driver\stm32f4xx_hal_adc.o"
#        "D:\STM
#        Project\Mirror5_8G\F411_HW_Mode\EWARM\F411_HW_Mode\Obj\Drivers\STM32F4xx_HAL_Driver\stm32f4xx_hal_adc_ex.o"
#        "D:\STM
#        Project\Mirror5_8G\F411_HW_Mode\EWARM\F411_HW_Mode\Obj\Drivers\STM32F4xx_HAL_Driver\stm32f4xx_hal_cortex.o"
#        "D:\STM
#        Project\Mirror5_8G\F411_HW_Mode\EWARM\F411_HW_Mode\Obj\Drivers\STM32F4xx_HAL_Driver\stm32f4xx_hal_crc.o"
#        "D:\STM
#        Project\Mirror5_8G\F411_HW_Mode\EWARM\F411_HW_Mode\Obj\Drivers\STM32F4xx_HAL_Driver\stm32f4xx_hal_dma.o"
#        "D:\STM
#        Project\Mirror5_8G\F411_HW_Mode\EWARM\F411_HW_Mode\Obj\Drivers\STM32F4xx_HAL_Driver\stm32f4xx_hal_dma_ex.o"
#        "D:\STM
#        Project\Mirror5_8G\F411_HW_Mode\EWARM\F411_HW_Mode\Obj\Drivers\STM32F4xx_HAL_Driver\stm32f4xx_hal_exti.o"
#        "D:\STM
#        Project\Mirror5_8G\F411_HW_Mode\EWARM\F411_HW_Mode\Obj\Drivers\STM32F4xx_HAL_Driver\stm32f4xx_hal_flash.o"
#        "D:\STM
#        Project\Mirror5_8G\F411_HW_Mode\EWARM\F411_HW_Mode\Obj\Drivers\STM32F4xx_HAL_Driver\stm32f4xx_hal_flash_ex.o"
#        "D:\STM
#        Project\Mirror5_8G\F411_HW_Mode\EWARM\F411_HW_Mode\Obj\Drivers\STM32F4xx_HAL_Driver\stm32f4xx_hal_flash_ramfunc.o"
#        "D:\STM
#        Project\Mirror5_8G\F411_HW_Mode\EWARM\F411_HW_Mode\Obj\Drivers\STM32F4xx_HAL_Driver\stm32f4xx_hal_gpio.o"
#        "D:\STM
#        Project\Mirror5_8G\F411_HW_Mode\EWARM\F411_HW_Mode\Obj\Drivers\STM32F4xx_HAL_Driver\stm32f4xx_hal_i2c.o"
#        "D:\STM
#        Project\Mirror5_8G\F411_HW_Mode\EWARM\F411_HW_Mode\Obj\Drivers\STM32F4xx_HAL_Driver\stm32f4xx_hal_i2c_ex.o"
#        "D:\STM
#        Project\Mirror5_8G\F411_HW_Mode\EWARM\F411_HW_Mode\Obj\Application\User\Core\stm32f4xx_hal_msp.o"
#        "D:\STM
#        Project\Mirror5_8G\F411_HW_Mode\EWARM\F411_HW_Mode\Obj\Drivers\STM32F4xx_HAL_Driver\stm32f4xx_hal_pcd.o"
#        "D:\STM
#        Project\Mirror5_8G\F411_HW_Mode\EWARM\F411_HW_Mode\Obj\Drivers\STM32F4xx_HAL_Driver\stm32f4xx_hal_pcd_ex.o"
#        "D:\STM
#        Project\Mirror5_8G\F411_HW_Mode\EWARM\F411_HW_Mode\Obj\Drivers\STM32F4xx_HAL_Driver\stm32f4xx_hal_pwr.o"
#        "D:\STM
#        Project\Mirror5_8G\F411_HW_Mode\EWARM\F411_HW_Mode\Obj\Drivers\STM32F4xx_HAL_Driver\stm32f4xx_hal_pwr_ex.o"
#        "D:\STM
#        Project\Mirror5_8G\F411_HW_Mode\EWARM\F411_HW_Mode\Obj\Drivers\STM32F4xx_HAL_Driver\stm32f4xx_hal_rcc.o"
#        "D:\STM
#        Project\Mirror5_8G\F411_HW_Mode\EWARM\F411_HW_Mode\Obj\Drivers\STM32F4xx_HAL_Driver\stm32f4xx_hal_rcc_ex.o"
#        "D:\STM
#        Project\Mirror5_8G\F411_HW_Mode\EWARM\F411_HW_Mode\Obj\Drivers\STM32F4xx_HAL_Driver\stm32f4xx_hal_spi.o"
#        "D:\STM
#        Project\Mirror5_8G\F411_HW_Mode\EWARM\F411_HW_Mode\Obj\Drivers\STM32F4xx_HAL_Driver\stm32f4xx_hal_tim.o"
#        "D:\STM
#        Project\Mirror5_8G\F411_HW_Mode\EWARM\F411_HW_Mode\Obj\Drivers\STM32F4xx_HAL_Driver\stm32f4xx_hal_tim_ex.o"
#        "D:\STM
#        Project\Mirror5_8G\F411_HW_Mode\EWARM\F411_HW_Mode\Obj\Drivers\STM32F4xx_HAL_Driver\stm32f4xx_hal_uart.o"
#        "D:\STM
#        Project\Mirror5_8G\F411_HW_Mode\EWARM\F411_HW_Mode\Obj\Application\User\Core\stm32f4xx_it.o"
#        "D:\STM
#        Project\Mirror5_8G\F411_HW_Mode\EWARM\F411_HW_Mode\Obj\Drivers\STM32F4xx_HAL_Driver\stm32f4xx_ll_adc.o"
#        "D:\STM
#        Project\Mirror5_8G\F411_HW_Mode\EWARM\F411_HW_Mode\Obj\Drivers\STM32F4xx_HAL_Driver\stm32f4xx_ll_usb.o"
#        "D:\STM
#        Project\Mirror5_8G\F411_HW_Mode\EWARM\F411_HW_Mode\Obj\Middlewares\FatFs\syscall.o"
#        "D:\STM
#        Project\Mirror5_8G\F411_HW_Mode\EWARM\F411_HW_Mode\Obj\Drivers\CMSIS\system_stm32f4xx.o"
#        "D:\STM
#        Project\Mirror5_8G\F411_HW_Mode\EWARM\F411_HW_Mode\Obj\Application\User\Core\tim.o"
#        "D:\STM
#        Project\Mirror5_8G\F411_HW_Mode\EWARM\F411_HW_Mode\Obj\Application\User\Core\usart.o"
#        "D:\STM
#        Project\Mirror5_8G\F411_HW_Mode\EWARM\F411_HW_Mode\Obj\Application\User\USB_DEVICE\App\usb_device.o"
#        "D:\STM
#        Project\Mirror5_8G\F411_HW_Mode\EWARM\F411_HW_Mode\Obj\Middlewares\USB_Device_Library\usbd_cdc.o"
#        "D:\STM
#        Project\Mirror5_8G\F411_HW_Mode\EWARM\F411_HW_Mode\Obj\Application\User\USB_DEVICE\App\usbd_cdc_if.o"
#        "D:\STM
#        Project\Mirror5_8G\F411_HW_Mode\EWARM\F411_HW_Mode\Obj\Application\User\USB_DEVICE\Target\usbd_conf.o"
#        "D:\STM
#        Project\Mirror5_8G\F411_HW_Mode\EWARM\F411_HW_Mode\Obj\Middlewares\USB_Device_Library\usbd_core.o"
#        "D:\STM
#        Project\Mirror5_8G\F411_HW_Mode\EWARM\F411_HW_Mode\Obj\Middlewares\USB_Device_Library\usbd_ctlreq.o"
#        "D:\STM
#        Project\Mirror5_8G\F411_HW_Mode\EWARM\F411_HW_Mode\Obj\Application\User\USB_DEVICE\App\usbd_desc.o"
#        "D:\STM
#        Project\Mirror5_8G\F411_HW_Mode\EWARM\F411_HW_Mode\Obj\Middlewares\USB_Device_Library\usbd_ioreq.o"
#        "D:\STM
#        Project\Mirror5_8G\F411_HW_Mode\EWARM\F411_HW_Mode\Obj\Application\User\FATFS\Target\user_diskio.o"
#        --no_out_extension -o "D:\STM
#        Project\Mirror5_8G\F411_HW_Mode\EWARM\F411_HW_Mode\Exe\F411_HW_Mode.out"
#        --redirect _Printf=_PrintfFullNoMb --redirect _Scanf=_ScanfFullNoMb
#        --map "D:\STM
#        Project\Mirror5_8G\F411_HW_Mode\EWARM\F411_HW_Mode\List\F411_HW_Mode.map"
#        --config "D:\STM
#        Project\Mirror5_8G\F411_HW_Mode\EWARM/stm32f411xe_flash.icf"
#        --semihosting --entry __iar_program_start --vfe --text_out locale
#        --cpu=Cortex-M4 --fpu=VFPv4_sp)
#
###############################################################################

*******************************************************************************
*** RUNTIME MODEL ATTRIBUTES
***

CppFlavor       = *
__CPP_Runtime   = 1
__SystemLibrary = DLib
__dlib_version  = 6


*******************************************************************************
*** HEAP SELECTION
***

The basic heap was selected because --advanced_heap
was not specified and the application did not appear to
be primarily optimized for speed.


*******************************************************************************
*** PLACEMENT SUMMARY
***

"A0":  place at address 0x800'0000 { ro section .intvec };
"P1":  place in [from 0x800'0000 to 0x807'ffff] { ro };
define block CSTACK with size = 1K, alignment = 8 { };
define block HEAP with size = 512, alignment = 8 { };
"P2":  place in [from 0x2000'0000 to 0x2001'ffff] {
          rw, block CSTACK, block HEAP };
initialize by copy { rw };

  Section            Kind         Address    Size  Object
  -------            ----         -------    ----  ------
"A0":                                       0x198
  .intvec            ro code   0x800'0000   0x198  startup_stm32f411xe.o [1]
                             - 0x800'0198   0x198

"P1":                                      0x62af
  .text              ro code   0x800'0198   0xd20  stm32f4xx_hal_i2c.o [8]
  .text              ro code   0x800'0eb8   0x15c  i2c.o [2]
  .text              ro code   0x800'1014   0x154  stm32f4xx_hal_rcc.o [8]
  .text              ro code   0x800'1168     0x2  stm32f4xx_hal_i2c.o [8]
  .text              ro code   0x800'116a     0x2  stm32f4xx_hal_i2c.o [8]
  .text              ro code   0x800'116c     0x2  stm32f4xx_hal_i2c.o [8]
  .text              ro code   0x800'116e     0x2  stm32f4xx_hal_i2c.o [8]
  .text              ro code   0x800'1170     0x2  stm32f4xx_hal_i2c.o [8]
  .text              ro code   0x800'1172     0x2  stm32f4xx_hal_i2c.o [8]
  .text              ro code   0x800'1174    0xc8  stm32f4xx_hal_dma.o [8]
  .text              ro code   0x800'123c     0x2  stm32f4xx_hal_i2c.o [8]
  .text              ro code   0x800'123e     0x2  stm32f4xx_hal_i2c.o [8]
  .text              ro code   0x800'1240     0x2  stm32f4xx_hal_i2c.o [8]
  .text              ro code   0x800'1242     0x2  stm32f4xx_hal_i2c.o [8]
  .text              ro code   0x800'1244   0x1d8  main.o [2]
  .text              ro code   0x800'141c    0x14  memset.o [13]
  .text              ro code   0x800'1430    0xc4  stm32f4xx_hal_cortex.o [8]
  .text              ro code   0x800'14f4   0x208  stm32f4xx_hal_gpio.o [8]
  .text              ro code   0x800'16fc     0xc  stm32f4xx_hal.o [8]
  .text              ro code   0x800'1708    0x60  stm32f4xx_hal_rcc.o [8]
  .text              ro code   0x800'1768    0x40  stm32f4xx_hal.o [8]
  .text              ro code   0x800'17a8    0x34  stm32f4xx_hal.o [8]
  .text              ro code   0x800'17dc   0x136  gpio.o [2]
  .text              ro code   0x800'1912    0x7e  lz77_init_single.o [13]
  .text              ro code   0x800'1990    0xa8  tim.o [2]
  .text              ro code   0x800'1a38   0x138  usart.o [2]
  .text              ro code   0x800'1b70    0x54  usb_device.o [5]
  .text              ro code   0x800'1bc4    0x4c  crc.o [2]
  .text              ro code   0x800'1c10    0x18  fatfs.o [3]
  .text              ro code   0x800'1c28   0x13c  spi.o [2]
  .text              ro code   0x800'1d64    0xdc  adc.o [2]
  .text              ro code   0x800'1e40    0x28  stm32f4xx_hal.o [8]
  .text              ro code   0x800'1e68    0x3c  RX5808.o [2]
  .text              ro code   0x800'1ea4   0x994  stm32f4xx_hal_spi.o [8]
  .text              ro code   0x800'2838   0x698  stm32f4xx_hal_uart.o [8]
  .text              ro code   0x800'2ed0     0x6  ABImemclr4.o [13]
  .text              ro code   0x800'2ed8   0x320  stm32f4xx_hal_rcc.o [8]
  .text              ro code   0x800'31f8    0x66  ABImemset.o [13]
  .text              ro code   0x800'325e     0x2  stm32f4xx_hal_gpio.o [8]
  .text              ro code   0x800'3260   0x106  I64DivMod_small.o [13]
  .text              ro code   0x800'3368    0x38  stm32f4xx_hal_msp.o [2]
  .text              ro code   0x800'33a0   0x360  stm32f4xx_hal_tim.o [8]
  .text              ro code   0x800'3700    0x78  stm32f4xx_hal_tim_ex.o [8]
  .text              ro code   0x800'3778   0x34e  usbd_core.o [10]
  .text              ro code   0x800'3ac8   0x3ea  usbd_cdc.o [10]
  .text              ro code   0x800'3eb2    0x20  stm32f4xx_hal_crc.o [8]
  .text              ro code   0x800'3ed4    0x40  ff_gen_drv.o [9]
  .text              ro code   0x800'3f14   0x3fc  stm32f4xx_hal_adc.o [8]
  .text              ro code   0x800'4310     0x2  stm32f4xx_hal_spi.o [8]
  .text              ro code   0x800'4312     0x2  stm32f4xx_hal_uart.o [8]
  .text              ro code   0x800'4314     0x2  stm32f4xx_hal_uart.o [8]
  .text              ro code   0x800'4316     0x2  stm32f4xx_hal_uart.o [8]
  .text              ro code   0x800'4318     0x2  stm32f4xx_hal_uart.o [8]
  .text              ro code   0x800'431c    0x32  ABImemset48.o [13]
  .text              ro code   0x800'4350     0x2  I64DivZer.o [13]
  .text              ro code   0x800'4352     0x2  stm32f4xx_hal_tim.o [8]
  .text              ro code   0x800'4354     0x2  stm32f4xx_hal_tim.o [8]
  .text              ro code   0x800'4356     0x2  stm32f4xx_hal_tim.o [8]
  .text              ro code   0x800'4358     0x2  stm32f4xx_hal_tim_ex.o [8]
  .text              ro code   0x800'435a     0x2  stm32f4xx_hal_tim.o [8]
  .text              ro code   0x800'435c     0x2  stm32f4xx_hal_tim_ex.o [8]
  .text              ro code   0x800'435e     0x2  stm32f4xx_hal_tim.o [8]
  .text              ro code   0x800'4360   0x248  usbd_conf.o [6]
  .text              ro code   0x800'45a8   0x50e  usbd_ctlreq.o [10]
  .text              ro code   0x800'4ab6    0x60  usbd_ioreq.o [10]
  .text              ro code   0x800'4b18     0x6  ABImemclr.o [13]
  .text              ro code   0x800'4b1e     0x2  stm32f4xx_hal_adc.o [8]
  .text              ro code   0x800'4b20     0x2  stm32f4xx_hal_adc_ex.o [8]
  .text              ro code   0x800'4b22     0x2  stm32f4xx_hal_adc.o [8]
  .text              ro code   0x800'4b24     0x2  stm32f4xx_hal_adc.o [8]
  .text              ro code   0x800'4b28   0x984  stm32f4xx_hal_pcd.o [8]
  .text              ro code   0x800'54ac    0x4a  stm32f4xx_hal_pcd_ex.o [8]
  .text              ro code   0x800'54f8   0xa2c  stm32f4xx_ll_usb.o [8]
  .text              ro code   0x800'5f24    0x18  ABImemcpy_small.o [13]
  .text              ro code   0x800'5f3c     0x2  stm32f4xx_hal_pcd_ex.o [8]
  .text              ro code   0x800'5f40   0x100  usbd_desc.o [5]
  .text              ro code   0x800'6040    0xb8  stm32f4xx_it.o [2]
  .text              ro code   0x800'60f8    0x10  stm32f4xx_hal.o [8]
  .text              ro code   0x800'6108    0x48  usbd_cdc_if.o [5]
  .text              ro code   0x800'6150    0x38  zero_init3.o [13]
  .text              ro code   0x800'6188    0x28  data_init.o [13]
  .text              ro code   0x800'61b0    0x22  fpinit_M.o [12]
  .iar.init_table    const     0x800'61d4    0x20  - Linker created -
  .text              ro code   0x800'61f4    0x20  system_stm32f4xx.o [7]
  .text              ro code   0x800'6214    0x20  user_diskio.o [4]
  .text              ro code   0x800'6234    0x1e  cmain.o [13]
  .text              ro code   0x800'6252     0x4  low_level_init.o [11]
  .text              ro code   0x800'6256     0x4  exit.o [11]
  .text              ro code   0x800'625c     0xa  cexit.o [13]
  .text              ro code   0x800'6268    0x14  exit.o [14]
  .text              ro code   0x800'627c    0x1c  cstartup_M.o [13]
  .text              ro code   0x800'6298    0x10  startup_stm32f411xe.o [1]
  .rodata            const     0x800'62a8     0x8  system_stm32f4xx.o [7]
  .text              ro code   0x800'62b0     0x4  startup_stm32f411xe.o [1]
  .text              ro code   0x800'62b4     0x4  startup_stm32f411xe.o [1]
  .text              ro code   0x800'62b8     0x4  startup_stm32f411xe.o [1]
  .text              ro code   0x800'62bc     0x4  startup_stm32f411xe.o [1]
  .text              ro code   0x800'62c0     0x4  startup_stm32f411xe.o [1]
  .text              ro code   0x800'62c4     0x4  startup_stm32f411xe.o [1]
  .text              ro code   0x800'62c8     0x4  startup_stm32f411xe.o [1]
  .text              ro code   0x800'62cc     0x4  startup_stm32f411xe.o [1]
  .text              ro code   0x800'62d0     0x4  startup_stm32f411xe.o [1]
  .text              ro code   0x800'62d4     0x4  startup_stm32f411xe.o [1]
  .text              ro code   0x800'62d8     0x4  startup_stm32f411xe.o [1]
  .text              ro code   0x800'62dc     0x4  startup_stm32f411xe.o [1]
  .text              ro code   0x800'62e0     0x4  startup_stm32f411xe.o [1]
  .text              ro code   0x800'62e4     0x4  startup_stm32f411xe.o [1]
  .text              ro code   0x800'62e8     0x4  startup_stm32f411xe.o [1]
  .text              ro code   0x800'62ec     0x4  startup_stm32f411xe.o [1]
  .text              ro code   0x800'62f0     0x4  startup_stm32f411xe.o [1]
  .text              ro code   0x800'62f4     0x4  startup_stm32f411xe.o [1]
  .text              ro code   0x800'62f8     0x4  startup_stm32f411xe.o [1]
  .text              ro code   0x800'62fc     0x4  startup_stm32f411xe.o [1]
  .text              ro code   0x800'6300     0x4  startup_stm32f411xe.o [1]
  .text              ro code   0x800'6304     0x4  startup_stm32f411xe.o [1]
  .text              ro code   0x800'6308     0x4  startup_stm32f411xe.o [1]
  .text              ro code   0x800'630c     0x4  startup_stm32f411xe.o [1]
  .text              ro code   0x800'6310     0x4  startup_stm32f411xe.o [1]
  .text              ro code   0x800'6314     0x4  startup_stm32f411xe.o [1]
  .text              ro code   0x800'6318     0x4  startup_stm32f411xe.o [1]
  .text              ro code   0x800'631c     0x4  startup_stm32f411xe.o [1]
  .text              ro code   0x800'6320     0x4  startup_stm32f411xe.o [1]
  .text              ro code   0x800'6324     0x4  startup_stm32f411xe.o [1]
  .text              ro code   0x800'6328     0x4  startup_stm32f411xe.o [1]
  .text              ro code   0x800'632c     0x4  startup_stm32f411xe.o [1]
  .text              ro code   0x800'6330     0x4  startup_stm32f411xe.o [1]
  .text              ro code   0x800'6334     0x4  startup_stm32f411xe.o [1]
  .text              ro code   0x800'6338     0x4  startup_stm32f411xe.o [1]
  .text              ro code   0x800'633c     0x4  startup_stm32f411xe.o [1]
  .text              ro code   0x800'6340     0x4  startup_stm32f411xe.o [1]
  .text              ro code   0x800'6344     0x4  startup_stm32f411xe.o [1]
  .text              ro code   0x800'6348     0x4  startup_stm32f411xe.o [1]
  .text              ro code   0x800'634c     0x4  startup_stm32f411xe.o [1]
  .text              ro code   0x800'6350     0x4  startup_stm32f411xe.o [1]
  .text              ro code   0x800'6354     0x4  startup_stm32f411xe.o [1]
  .text              ro code   0x800'6358     0x4  startup_stm32f411xe.o [1]
  .text              ro code   0x800'635c     0x4  startup_stm32f411xe.o [1]
  .text              ro code   0x800'6360     0x4  startup_stm32f411xe.o [1]
  .rodata            const     0x800'6364     0x0  zero_init3.o [13]
  .rodata            const     0x800'6364     0x0  lz77_init_single.o [13]
  Initializer bytes  const     0x800'6364    0xe3  <for P2-1>
                             - 0x800'6447  0x62af

"P2", part 1 of 3:                          0x13d
  P2-1                        0x2000'0000   0x13d  <Init block>
    .data            inited   0x2000'0000    0x2c  main.o [2]
    .data            inited   0x2000'002c     0xc  stm32f4xx_hal.o [8]
    .data            inited   0x2000'0038     0x4  system_stm32f4xx.o [7]
    .data            inited   0x2000'003c     0xc  usbd_cdc.o [10]
    .data            inited   0x2000'0048    0x38  usbd_cdc.o [10]
    .data            inited   0x2000'0080    0x44  usbd_cdc.o [10]
    .data            inited   0x2000'00c4    0x14  usbd_cdc_if.o [5]
    .data            inited   0x2000'00d8    0x1c  usbd_desc.o [5]
    .data            inited   0x2000'00f4    0x14  usbd_desc.o [5]
    .data            inited   0x2000'0108     0x4  usbd_desc.o [5]
    .data            inited   0x2000'010c    0x1c  usbd_desc.o [5]
    .data            inited   0x2000'0128    0x14  user_diskio.o [4]
    .data            inited   0x2000'013c     0x1  user_diskio.o [4]
                            - 0x2000'013d   0x13d

"P2", part 2 of 3:                         0x1e98
  .bss               zero     0x2000'0140  0x1000  usbd_cdc_if.o [5]
  .bss               zero     0x2000'1140   0x50c  usbd_conf.o [6]
  .bss               zero     0x2000'164c   0x2dc  usb_device.o [5]
  .bss               zero     0x2000'1928   0x220  usbd_conf.o [6]
  .bss               zero     0x2000'1b48   0x200  usbd_desc.o [5]
  .bss               zero     0x2000'1d48    0x58  spi.o [2]
  .bss               zero     0x2000'1da0    0x58  spi.o [2]
  .bss               zero     0x2000'1df8    0x54  i2c.o [2]
  .bss               zero     0x2000'1e4c    0x54  i2c.o [2]
  .bss               zero     0x2000'1ea0    0x48  adc.o [2]
  .bss               zero     0x2000'1ee8    0x48  tim.o [2]
  .bss               zero     0x2000'1f30    0x44  usart.o [2]
  .bss               zero     0x2000'1f74    0x44  usart.o [2]
  .bss               zero     0x2000'1fb8     0xc  ff_gen_drv.o [9]
  .bss               zero     0x2000'1fc4     0x8  crc.o [2]
  .bss               zero     0x2000'1fcc     0x8  fatfs.o [3]
  .bss               zero     0x2000'1fd4     0x1  usbd_ctlreq.o [10]
                            - 0x2000'1fd5  0x1e95

"P2", part 3 of 3:                          0x400
  CSTACK                      0x2000'1fd8   0x400  <Block>
    CSTACK           uninit   0x2000'1fd8   0x400  <Block tail>
                            - 0x2000'23d8   0x400

Unused ranges:

         From           To      Size
         ----           --      ----
   0x800'6447   0x807'ffff  0x7'9bb9
  0x2000'013d  0x2000'013f       0x3
  0x2000'23d8  0x2001'ffff  0x1'dc28


*******************************************************************************
*** INIT TABLE
***

          Address      Size
          -------      ----
Zero (__iar_zero_init3)
    1 destination range, total size 0x1e95:
          0x2000'0140  0x1e95

Copy/lz77 (__iar_lz77_init_single3)
    1 source range, total size 0xe3 (71% of destination):
           0x800'6364    0xe3
    1 destination range, total size 0x13d:
          0x2000'0000   0x13d



*******************************************************************************
*** MODULE SUMMARY
***

    Module                  ro code  ro data  rw data
    ------                  -------  -------  -------
command line/config:
    -------------------------------------------------
    Total:

D:\STM Project\Mirror5_8G\F411_HW_Mode\EWARM\F411_HW_Mode\Obj\Application\EWARM: [1]
    startup_stm32f411xe.o       604
    -------------------------------------------------
    Total:                      604

D:\STM Project\Mirror5_8G\F411_HW_Mode\EWARM\F411_HW_Mode\Obj\Application\User\Core: [2]
    RX5808.o                     60
    adc.o                       220                72
    crc.o                        76                 8
    gpio.o                      310
    i2c.o                       348               168
    main.o                      472       31       44
    spi.o                       316               176
    stm32f4xx_hal_msp.o          56
    stm32f4xx_it.o              184
    tim.o                       168                72
    usart.o                     312               136
    -------------------------------------------------
    Total:                    2'522       31      676

D:\STM Project\Mirror5_8G\F411_HW_Mode\EWARM\F411_HW_Mode\Obj\Application\User\FATFS\App: [3]
    fatfs.o                      24                 8
    -------------------------------------------------
    Total:                       24                 8

D:\STM Project\Mirror5_8G\F411_HW_Mode\EWARM\F411_HW_Mode\Obj\Application\User\FATFS\Target: [4]
    user_diskio.o                32       16       21
    -------------------------------------------------
    Total:                       32       16       21

D:\STM Project\Mirror5_8G\F411_HW_Mode\EWARM\F411_HW_Mode\Obj\Application\User\USB_DEVICE\App: [5]
    usb_device.o                 84               732
    usbd_cdc_if.o                72       14    4'116
    usbd_desc.o                 256       57      592
    -------------------------------------------------
    Total:                      412       71    5'440

D:\STM Project\Mirror5_8G\F411_HW_Mode\EWARM\F411_HW_Mode\Obj\Application\User\USB_DEVICE\Target: [6]
    usbd_conf.o                 584             1'836
    -------------------------------------------------
    Total:                      584             1'836

D:\STM Project\Mirror5_8G\F411_HW_Mode\EWARM\F411_HW_Mode\Obj\Drivers\CMSIS: [7]
    system_stm32f4xx.o           32       10        4
    -------------------------------------------------
    Total:                       32       10        4

D:\STM Project\Mirror5_8G\F411_HW_Mode\EWARM\F411_HW_Mode\Obj\Drivers\STM32F4xx_HAL_Driver: [8]
    stm32f4xx_hal.o             184        9       12
    stm32f4xx_hal_adc.o       1'026
    stm32f4xx_hal_adc_ex.o        2
    stm32f4xx_hal_cortex.o      196
    stm32f4xx_hal_crc.o          32
    stm32f4xx_hal_dma.o         200
    stm32f4xx_hal_gpio.o        522
    stm32f4xx_hal_i2c.o       3'380
    stm32f4xx_hal_pcd.o       2'436
    stm32f4xx_hal_pcd_ex.o       76
    stm32f4xx_hal_rcc.o       1'236
    stm32f4xx_hal_spi.o       2'454
    stm32f4xx_hal_tim.o         874
    stm32f4xx_hal_tim_ex.o      124
    stm32f4xx_hal_uart.o      1'696
    stm32f4xx_ll_usb.o        2'604
    -------------------------------------------------
    Total:                   17'042        9       12

D:\STM Project\Mirror5_8G\F411_HW_Mode\EWARM\F411_HW_Mode\Obj\Middlewares\FatFs: [9]
    ff_gen_drv.o                 64                12
    -------------------------------------------------
    Total:                       64                12

D:\STM Project\Mirror5_8G\F411_HW_Mode\EWARM\F411_HW_Mode\Obj\Middlewares\USB_Device_Library: [10]
    usbd_cdc.o                1'002       98      136
    usbd_core.o                 846
    usbd_ctlreq.o             1'294                 1
    usbd_ioreq.o                 96
    -------------------------------------------------
    Total:                    3'238       98      137

dl7M_tlf.a: [11]
    exit.o                        4
    low_level_init.o              4
    -------------------------------------------------
    Total:                        8

m7M_tls.a: [12]
    fpinit_M.o                   34
    -------------------------------------------------
    Total:                       34

rt7M_tl.a: [13]
    ABImemclr.o                   6
    ABImemclr4.o                  6
    ABImemcpy_small.o            24
    ABImemset.o                 102
    ABImemset48.o                50
    I64DivMod_small.o           262
    I64DivZer.o                   2
    cexit.o                      10
    cmain.o                      30
    cstartup_M.o                 28
    data_init.o                  40
    lz77_init_single.o          126
    memset.o                     20
    zero_init3.o                 56
    -------------------------------------------------
    Total:                      762

shb_l.a: [14]
    exit.o                       20
    -------------------------------------------------
    Total:                       20

    Gaps                         24        2
    Linker created                        32    1'024
-----------------------------------------------------
    Grand Total:             25'402      269    9'170


*******************************************************************************
*** ENTRY LIST
***

Entry                       Address   Size  Type      Object
-----                       -------   ----  ----      ------
.iar.init_table$$Base    0x800'61d4          --   Gb  - Linker created -
.iar.init_table$$Limit   0x800'61f4          --   Gb  - Linker created -
?main                    0x800'6235         Code  Gb  cmain.o [13]
ADC_IRQHandler           0x800'6087    0x6  Code  Gb  stm32f4xx_it.o [2]
AHBPrescTable            0x800'6204   0x10  Data  Gb  system_stm32f4xx.o [7]
APBPrescTable            0x800'62a8    0x8  Data  Gb  system_stm32f4xx.o [7]
BusFault_Handler         0x800'6047    0x2  Code  Gb  stm32f4xx_it.o [2]
CDC_Control_FS           0x800'612b    0x4  Code  Lc  usbd_cdc_if.o [5]
CDC_DeInit_FS            0x800'6127    0x4  Code  Lc  usbd_cdc_if.o [5]
CDC_Init_FS              0x800'6109   0x1e  Code  Lc  usbd_cdc_if.o [5]
CDC_Receive_FS           0x800'612f   0x16  Code  Lc  usbd_cdc_if.o [5]
CDC_TransmitCplt_FS      0x800'614d    0x4  Code  Lc  usbd_cdc_if.o [5]
CLK1_CNT                0x2000'0000    0x1  Data  Gb  main.o [2]
CSTACK$$Base            0x2000'1fd8          --   Gb  - Linker created -
CSTACK$$Limit           0x2000'23d8          --   Gb  - Linker created -
DMA1_Stream0_IRQHandler
                         0x800'62d9         Code  Wk  startup_stm32f411xe.o [1]
DMA1_Stream1_IRQHandler
                         0x800'62dd         Code  Wk  startup_stm32f411xe.o [1]
DMA1_Stream2_IRQHandler
                         0x800'62e1         Code  Wk  startup_stm32f411xe.o [1]
DMA1_Stream3_IRQHandler
                         0x800'62e5         Code  Wk  startup_stm32f411xe.o [1]
DMA1_Stream4_IRQHandler
                         0x800'62e9         Code  Wk  startup_stm32f411xe.o [1]
DMA1_Stream5_IRQHandler
                         0x800'62ed         Code  Wk  startup_stm32f411xe.o [1]
DMA1_Stream6_IRQHandler
                         0x800'62f1         Code  Wk  startup_stm32f411xe.o [1]
DMA1_Stream7_IRQHandler
                         0x800'631d         Code  Wk  startup_stm32f411xe.o [1]
DMA2_Stream0_IRQHandler
                         0x800'632d         Code  Wk  startup_stm32f411xe.o [1]
DMA2_Stream1_IRQHandler
                         0x800'6331         Code  Wk  startup_stm32f411xe.o [1]
DMA2_Stream2_IRQHandler
                         0x800'6335         Code  Wk  startup_stm32f411xe.o [1]
DMA2_Stream3_IRQHandler
                         0x800'6339         Code  Wk  startup_stm32f411xe.o [1]
DMA2_Stream4_IRQHandler
                         0x800'633d         Code  Wk  startup_stm32f411xe.o [1]
DMA2_Stream5_IRQHandler
                         0x800'6341         Code  Wk  startup_stm32f411xe.o [1]
DMA2_Stream6_IRQHandler
                         0x800'6345         Code  Wk  startup_stm32f411xe.o [1]
DMA2_Stream7_IRQHandler
                         0x800'6349         Code  Wk  startup_stm32f411xe.o [1]
DebugMon_Handler         0x800'604d    0x2  Code  Gb  stm32f4xx_it.o [2]
EXTI0_IRQHandler         0x800'62c9         Code  Wk  startup_stm32f411xe.o [1]
EXTI15_10_IRQHandler     0x800'6311         Code  Wk  startup_stm32f411xe.o [1]
EXTI1_IRQHandler         0x800'62cd         Code  Wk  startup_stm32f411xe.o [1]
EXTI2_IRQHandler         0x800'62d1         Code  Wk  startup_stm32f411xe.o [1]
EXTI3_IRQHandler         0x800'62d5         Code  Wk  startup_stm32f411xe.o [1]
EXTI4_IRQHandler         0x800'6055   0x32  Code  Gb  stm32f4xx_it.o [2]
EXTI9_5_IRQHandler       0x800'62f5         Code  Wk  startup_stm32f411xe.o [1]
Error_Handler            0x800'1419    0x4  Code  Gb  main.o [2]
FATFS_LinkDriver         0x800'3f0d    0x4  Code  Gb  ff_gen_drv.o [9]
FATFS_LinkDriverEx       0x800'3ed5   0x38  Code  Gb  ff_gen_drv.o [9]
FLASH_IRQHandler         0x800'62c1         Code  Wk  startup_stm32f411xe.o [1]
FPU_IRQHandler           0x800'6359         Code  Wk  startup_stm32f411xe.o [1]
FS_Desc                 0x2000'00d8   0x1c  Data  Gb  usbd_desc.o [5]
HAL_ADCEx_InjectedConvCpltCallback
                         0x800'4b21    0x2  Code  Wk  stm32f4xx_hal_adc_ex.o [8]
HAL_ADC_ConfigChannel    0x800'41af  0x122  Code  Gb  stm32f4xx_hal_adc.o [8]
HAL_ADC_ConvCpltCallback
                         0x800'4b1f    0x2  Code  Wk  stm32f4xx_hal_adc.o [8]
HAL_ADC_ErrorCallback    0x800'4b25    0x2  Code  Wk  stm32f4xx_hal_adc.o [8]
HAL_ADC_IRQHandler       0x800'407f  0x11c  Code  Gb  stm32f4xx_hal_adc.o [8]
HAL_ADC_Init             0x800'3f15  0x156  Code  Gb  stm32f4xx_hal_adc.o [8]
HAL_ADC_LevelOutOfWindowCallback
                         0x800'4b23    0x2  Code  Wk  stm32f4xx_hal_adc.o [8]
HAL_ADC_MspInit          0x800'1dc3   0x6a  Code  Gb  adc.o [2]
HAL_CRC_Init             0x800'3eb3   0x20  Code  Gb  stm32f4xx_hal_crc.o [8]
HAL_CRC_MspInit          0x800'1bdd   0x26  Code  Gb  crc.o [2]
HAL_DMA_Abort            0x800'1175   0x78  Code  Gb  stm32f4xx_hal_dma.o [8]
HAL_DMA_Abort_IT         0x800'11ed   0x24  Code  Gb  stm32f4xx_hal_dma.o [8]
HAL_DMA_GetState         0x800'1237    0x6  Code  Gb  stm32f4xx_hal_dma.o [8]
HAL_Delay                0x800'1e41   0x28  Code  Wk  stm32f4xx_hal.o [8]
HAL_GPIO_EXTI_Callback   0x800'325f    0x2  Code  Wk  stm32f4xx_hal_gpio.o [8]
HAL_GPIO_EXTI_IRQHandler
                         0x800'16c5   0x12  Code  Gb  stm32f4xx_hal_gpio.o [8]
HAL_GPIO_Init            0x800'14f5  0x1b8  Code  Gb  stm32f4xx_hal_gpio.o [8]
HAL_GPIO_TogglePin       0x800'16b5   0x10  Code  Gb  stm32f4xx_hal_gpio.o [8]
HAL_GPIO_WritePin        0x800'16ad    0x8  Code  Gb  stm32f4xx_hal_gpio.o [8]
HAL_GetTick              0x800'16fd    0xc  Code  Wk  stm32f4xx_hal.o [8]
HAL_I2C_AbortCpltCallback
                         0x800'1243    0x2  Code  Wk  stm32f4xx_hal_i2c.o [8]
HAL_I2C_AddrCallback     0x800'1173    0x2  Code  Wk  stm32f4xx_hal_i2c.o [8]
HAL_I2C_ER_IRQHandler    0x800'0ac1  0x122  Code  Gb  stm32f4xx_hal_i2c.o [8]
HAL_I2C_EV_IRQHandler    0x800'0309  0x6b0  Code  Gb  stm32f4xx_hal_i2c.o [8]
HAL_I2C_ErrorCallback    0x800'116d    0x2  Code  Wk  stm32f4xx_hal_i2c.o [8]
HAL_I2C_Init             0x800'0199  0x12e  Code  Gb  stm32f4xx_hal_i2c.o [8]
HAL_I2C_ListenCpltCallback
                         0x800'123f    0x2  Code  Wk  stm32f4xx_hal_i2c.o [8]
HAL_I2C_MasterRxCpltCallback
                         0x800'1171    0x2  Code  Wk  stm32f4xx_hal_i2c.o [8]
HAL_I2C_MasterTxCpltCallback
                         0x800'116b    0x2  Code  Wk  stm32f4xx_hal_i2c.o [8]
HAL_I2C_MemRxCpltCallback
                         0x800'116f    0x2  Code  Wk  stm32f4xx_hal_i2c.o [8]
HAL_I2C_MemTxCpltCallback
                         0x800'1169    0x2  Code  Wk  stm32f4xx_hal_i2c.o [8]
HAL_I2C_MspInit          0x800'0f01   0xc4  Code  Gb  i2c.o [2]
HAL_I2C_SlaveRxCpltCallback
                         0x800'123d    0x2  Code  Wk  stm32f4xx_hal_i2c.o [8]
HAL_I2C_SlaveTxCpltCallback
                         0x800'1241    0x2  Code  Wk  stm32f4xx_hal_i2c.o [8]
HAL_IncTick              0x800'60f9   0x10  Code  Wk  stm32f4xx_hal.o [8]
HAL_Init                 0x800'17a9   0x30  Code  Gb  stm32f4xx_hal.o [8]
HAL_InitTick             0x800'1769   0x40  Code  Wk  stm32f4xx_hal.o [8]
HAL_MspInit              0x800'3369   0x38  Code  Gb  stm32f4xx_hal_msp.o [2]
HAL_NVIC_EnableIRQ       0x800'149f   0x16  Code  Gb  stm32f4xx_hal_cortex.o [8]
HAL_NVIC_SetPriority     0x800'1465   0x3a  Code  Gb  stm32f4xx_hal_cortex.o [8]
HAL_NVIC_SetPriorityGrouping
                         0x800'144b   0x1a  Code  Gb  stm32f4xx_hal_cortex.o [8]
HAL_PCDEx_LPM_Callback   0x800'5f3d    0x2  Code  Wk  stm32f4xx_hal_pcd_ex.o [8]
HAL_PCDEx_SetRxFiFo      0x800'54ef    0x8  Code  Gb  stm32f4xx_hal_pcd_ex.o [8]
HAL_PCDEx_SetTxFiFo      0x800'54ad   0x42  Code  Gb  stm32f4xx_hal_pcd_ex.o [8]
HAL_PCD_ConnectCallback
                         0x800'447d    0x8  Code  Gb  usbd_conf.o [6]
HAL_PCD_DataInStageCallback
                         0x800'43fd   0x12  Code  Gb  usbd_conf.o [6]
HAL_PCD_DataOutStageCallback
                         0x800'43e9   0x14  Code  Gb  usbd_conf.o [6]
HAL_PCD_DisconnectCallback
                         0x800'4485    0x8  Code  Gb  usbd_conf.o [6]
HAL_PCD_EP_Abort         0x800'5491   0x1c  Code  Gb  stm32f4xx_hal_pcd.o [8]
HAL_PCD_EP_Close         0x800'532b   0x20  Code  Gb  stm32f4xx_hal_pcd.o [8]
HAL_PCD_EP_ClrStall      0x800'542d   0x2e  Code  Gb  stm32f4xx_hal_pcd.o [8]
HAL_PCD_EP_GetRxCount    0x800'5361   0x10  Code  Gb  stm32f4xx_hal_pcd.o [8]
HAL_PCD_EP_Open          0x800'52d5   0x56  Code  Gb  stm32f4xx_hal_pcd.o [8]
HAL_PCD_EP_Receive       0x800'534b   0x16  Code  Gb  stm32f4xx_hal_pcd.o [8]
HAL_PCD_EP_SetStall      0x800'53c1   0x64  Code  Gb  stm32f4xx_hal_pcd.o [8]
HAL_PCD_EP_Transmit      0x800'5371   0x12  Code  Gb  stm32f4xx_hal_pcd.o [8]
HAL_PCD_IRQHandler       0x800'4c11  0x65e  Code  Gb  stm32f4xx_hal_pcd.o [8]
HAL_PCD_ISOINIncompleteCallback
                         0x800'4475    0x8  Code  Gb  usbd_conf.o [6]
HAL_PCD_ISOOUTIncompleteCallback
                         0x800'446d    0x8  Code  Gb  usbd_conf.o [6]
HAL_PCD_Init             0x800'4b29   0xb8  Code  Gb  stm32f4xx_hal_pcd.o [8]
HAL_PCD_MspInit          0x800'4361   0x7c  Code  Gb  usbd_conf.o [6]
HAL_PCD_ResetCallback    0x800'4417   0x24  Code  Gb  usbd_conf.o [6]
HAL_PCD_ResumeCallback   0x800'4465    0x8  Code  Gb  usbd_conf.o [6]
HAL_PCD_SOFCallback      0x800'440f    0x8  Code  Gb  usbd_conf.o [6]
HAL_PCD_SetAddress       0x800'52b3   0x22  Code  Gb  stm32f4xx_hal_pcd.o [8]
HAL_PCD_SetupStageCallback
                         0x800'43dd    0xc  Code  Gb  usbd_conf.o [6]
HAL_PCD_Start            0x800'4bf9   0x18  Code  Gb  stm32f4xx_hal_pcd.o [8]
HAL_PCD_SuspendCallback
                         0x800'443b   0x2a  Code  Gb  usbd_conf.o [6]
HAL_RCC_ClockConfig      0x800'1015  0x100  Code  Gb  stm32f4xx_hal_rcc.o [8]
HAL_RCC_GetHCLKFreq      0x800'1121    0x6  Code  Gb  stm32f4xx_hal_rcc.o [8]
HAL_RCC_GetPCLK1Freq     0x800'1127   0x10  Code  Gb  stm32f4xx_hal_rcc.o [8]
HAL_RCC_GetPCLK2Freq     0x800'1137    0xe  Code  Gb  stm32f4xx_hal_rcc.o [8]
HAL_RCC_GetSysClockFreq
                         0x800'1709   0x60  Code  Wk  stm32f4xx_hal_rcc.o [8]
HAL_RCC_OscConfig        0x800'2ed9  0x320  Code  Wk  stm32f4xx_hal_rcc.o [8]
HAL_SPI_Abort            0x800'23f1   0xee  Code  Gb  stm32f4xx_hal_spi.o [8]
HAL_SPI_ErrorCallback    0x800'4311    0x2  Code  Wk  stm32f4xx_hal_spi.o [8]
HAL_SPI_IRQHandler       0x800'251d  0x104  Code  Gb  stm32f4xx_hal_spi.o [8]
HAL_SPI_Init             0x800'1ea5   0xb6  Code  Gb  stm32f4xx_hal_spi.o [8]
HAL_SPI_MspInit          0x800'1c83   0xb0  Code  Gb  spi.o [2]
HAL_SPI_Receive          0x800'209b  0x13e  Code  Gb  stm32f4xx_hal_spi.o [8]
HAL_SPI_Transmit         0x800'1f5b  0x140  Code  Gb  stm32f4xx_hal_spi.o [8]
HAL_SPI_TransmitReceive
                         0x800'21e5  0x1b0  Code  Gb  stm32f4xx_hal_spi.o [8]
HAL_SYSTICK_Config       0x800'14b5   0x22  Code  Gb  stm32f4xx_hal_cortex.o [8]
HAL_TIMEx_BreakCallback
                         0x800'4359    0x2  Code  Wk  stm32f4xx_hal_tim_ex.o [8]
HAL_TIMEx_CommutCallback
                         0x800'435d    0x2  Code  Wk  stm32f4xx_hal_tim_ex.o [8]
HAL_TIMEx_MasterConfigSynchronization
                         0x800'3701   0x62  Code  Gb  stm32f4xx_hal_tim_ex.o [8]
HAL_TIM_Base_Init        0x800'33a1   0x1a  Code  Gb  stm32f4xx_hal_tim.o [8]
HAL_TIM_Base_MspInit     0x800'19f9   0x36  Code  Gb  tim.o [2]
HAL_TIM_ConfigClockSource
                         0x800'3533   0xaa  Code  Gb  stm32f4xx_hal_tim.o [8]
HAL_TIM_IC_CaptureCallback
                         0x800'4353    0x2  Code  Wk  stm32f4xx_hal_tim.o [8]
HAL_TIM_IRQHandler       0x800'33eb  0x142  Code  Gb  stm32f4xx_hal_tim.o [8]
HAL_TIM_OC_DelayElapsedCallback
                         0x800'4355    0x2  Code  Wk  stm32f4xx_hal_tim.o [8]
HAL_TIM_PWM_PulseFinishedCallback
                         0x800'435f    0x2  Code  Wk  stm32f4xx_hal_tim.o [8]
HAL_TIM_PeriodElapsedCallback
                         0x800'4357    0x2  Code  Wk  stm32f4xx_hal_tim.o [8]
HAL_TIM_TriggerCallback
                         0x800'435b    0x2  Code  Wk  stm32f4xx_hal_tim.o [8]
HAL_UARTEx_RxEventCallback
                         0x800'4315    0x2  Code  Wk  stm32f4xx_hal_uart.o [8]
HAL_UART_ErrorCallback   0x800'4313    0x2  Code  Wk  stm32f4xx_hal_uart.o [8]
HAL_UART_IRQHandler      0x800'2987  0x286  Code  Gb  stm32f4xx_hal_uart.o [8]
HAL_UART_Init            0x800'2839   0x1e  Code  Gb  stm32f4xx_hal_uart.o [8]
HAL_UART_MspInit         0x800'1a91   0xae  Code  Gb  usart.o [2]
HAL_UART_RxCpltCallback
                         0x800'4319    0x2  Code  Wk  stm32f4xx_hal_uart.o [8]
HAL_UART_Transmit        0x800'28b3   0xb0  Code  Gb  stm32f4xx_hal_uart.o [8]
HAL_UART_TxCpltCallback
                         0x800'4317    0x2  Code  Wk  stm32f4xx_hal_uart.o [8]
HardFault_Handler        0x800'6043    0x2  Code  Gb  stm32f4xx_it.o [2]
I2C1_ER_IRQHandler       0x800'6099    0x6  Code  Gb  stm32f4xx_it.o [2]
I2C1_EV_IRQHandler       0x800'6093    0x6  Code  Gb  stm32f4xx_it.o [2]
I2C2_ER_IRQHandler       0x800'60a5    0x6  Code  Gb  stm32f4xx_it.o [2]
I2C2_EV_IRQHandler       0x800'609f    0x6  Code  Gb  stm32f4xx_it.o [2]
I2C3_ER_IRQHandler       0x800'6355         Code  Wk  startup_stm32f411xe.o [1]
I2C3_EV_IRQHandler       0x800'6351         Code  Wk  startup_stm32f411xe.o [1]
I2C_DMAAbort             0x800'0de5   0xce  Code  Lc  stm32f4xx_hal_i2c.o [8]
I2C_ITError              0x800'0ca3   0xf2  Code  Lc  stm32f4xx_hal_i2c.o [8]
I2C_MemoryTransmit_TXE_BTF
                         0x800'0bef   0xb4  Code  Lc  stm32f4xx_hal_i2c.o [8]
IntToUnicode             0x800'5fd1   0x26  Code  Lc  usbd_desc.o [5]
MX_ADC1_Init             0x800'1d65   0x5e  Code  Gb  adc.o [2]
MX_CRC_Init              0x800'1bc5   0x18  Code  Gb  crc.o [2]
MX_FATFS_Init            0x800'1c11   0x10  Code  Gb  fatfs.o [3]
MX_GPIO_Init             0x800'17dd  0x114  Code  Gb  gpio.o [2]
MX_I2C1_Init             0x800'0eb9   0x12  Code  Gb  i2c.o [2]
MX_I2C2_Init             0x800'0ecb   0x12  Code  Gb  i2c.o [2]
MX_SPI1_Init             0x800'1c29   0x10  Code  Gb  spi.o [2]
MX_SPI2_Init             0x800'1c39   0x10  Code  Gb  spi.o [2]
MX_TIM2_Init             0x800'1991   0x68  Code  Gb  tim.o [2]
MX_USART1_UART_Init      0x800'1a39   0x24  Code  Gb  usart.o [2]
MX_USART2_UART_Init      0x800'1a5d   0x20  Code  Gb  usart.o [2]
MX_USB_DEVICE_Init       0x800'1b71   0x54  Code  Gb  usb_device.o [5]
MemManage_Handler        0x800'6045    0x2  Code  Gb  stm32f4xx_it.o [2]
NMI_Handler              0x800'6041    0x2  Code  Gb  stm32f4xx_it.o [2]
OTG_FS_IRQHandler        0x800'60c3    0x6  Code  Gb  stm32f4xx_it.o [2]
OTG_FS_WKUP_IRQHandler   0x800'6319         Code  Wk  startup_stm32f411xe.o [1]
PVD_IRQHandler           0x800'62b5         Code  Wk  startup_stm32f411xe.o [1]
PendSV_Handler           0x800'604f    0x2  Code  Gb  stm32f4xx_it.o [2]
RCC_IRQHandler           0x800'62c5         Code  Wk  startup_stm32f411xe.o [1]
RTC_Alarm_IRQHandler     0x800'6315         Code  Wk  startup_stm32f411xe.o [1]
RTC_WKUP_IRQHandler      0x800'62bd         Code  Wk  startup_stm32f411xe.o [1]
RX5808_Init              0x800'1e69   0x12  Code  Gb  RX5808.o [2]
Region$$Table$$Base      0x800'61d4          --   Gb  - Linker created -
Region$$Table$$Limit     0x800'61f4          --   Gb  - Linker created -
Reset_Handler            0x800'6299         Code  Wk  startup_stm32f411xe.o [1]
SDIO_IRQHandler          0x800'6321         Code  Wk  startup_stm32f411xe.o [1]
SPI1_IRQHandler          0x800'60ab    0x6  Code  Gb  stm32f4xx_it.o [2]
SPI1_OUT                0x2000'0004    0x8  Data  Gb  main.o [2]
SPI2_IRQHandler          0x800'60b1    0x6  Code  Gb  stm32f4xx_it.o [2]
SPI2_OUT                0x2000'000c    0x8  Data  Gb  main.o [2]
SPI2_RSV                0x2000'0014    0x8  Data  Gb  main.o [2]
SPI3_IRQHandler          0x800'6329         Code  Wk  startup_stm32f411xe.o [1]
SPI4_IRQHandler          0x800'635d         Code  Wk  startup_stm32f411xe.o [1]
SPI5_IRQHandler          0x800'6361         Code  Wk  startup_stm32f411xe.o [1]
SPI_AbortRx_ISR          0x800'27b5   0x3e  Code  Lc  stm32f4xx_hal_spi.o [8]
SPI_AbortTx_ISR          0x800'281d   0x1c  Code  Lc  stm32f4xx_hal_spi.o [8]
SPI_DMAAbortOnError      0x800'2621    0xe  Code  Lc  stm32f4xx_hal_spi.o [8]
SPI_EndRxTransaction     0x800'2709   0x50  Code  Lc  stm32f4xx_hal_spi.o [8]
SPI_EndRxTxTransaction   0x800'2759   0x50  Code  Lc  stm32f4xx_hal_spi.o [8]
SPI_WaitFlagStateUntilTimeout
                         0x800'2649   0xb4  Code  Lc  stm32f4xx_hal_spi.o [8]
SVC_Handler              0x800'604b    0x2  Code  Gb  stm32f4xx_it.o [2]
SWAPBYTE                 0x800'45a9    0xa  Code  Lc  usbd_ctlreq.o [10]
Stat                    0x2000'013c    0x1  Data  Lc  user_diskio.o [4]
SysTick_Handler          0x800'6051    0x4  Code  Gb  stm32f4xx_it.o [2]
SystemClock_Config       0x800'1357   0x9a  Code  Gb  main.o [2]
SystemCoreClock         0x2000'0038    0x4  Data  Gb  system_stm32f4xx.o [7]
SystemInit               0x800'61f5    0xc  Code  Gb  system_stm32f4xx.o [7]
TAMP_STAMP_IRQHandler    0x800'62b9         Code  Wk  startup_stm32f411xe.o [1]
TIM1_BRK_TIM9_IRQHandler
                         0x800'62f9         Code  Wk  startup_stm32f411xe.o [1]
TIM1_CC_IRQHandler       0x800'6305         Code  Wk  startup_stm32f411xe.o [1]
TIM1_TRG_COM_TIM11_IRQHandler
                         0x800'6301         Code  Wk  startup_stm32f411xe.o [1]
TIM1_UP_TIM10_IRQHandler
                         0x800'62fd         Code  Wk  startup_stm32f411xe.o [1]
TIM2_IRQHandler          0x800'608d    0x6  Code  Gb  stm32f4xx_it.o [2]
TIM3_IRQHandler          0x800'6309         Code  Wk  startup_stm32f411xe.o [1]
TIM4_IRQHandler          0x800'630d         Code  Wk  startup_stm32f411xe.o [1]
TIM5_IRQHandler          0x800'6325         Code  Wk  startup_stm32f411xe.o [1]
TIM_Base_SetConfig       0x800'35f7   0x7a  Code  Gb  stm32f4xx_hal_tim.o [8]
TIM_ETR_SetConfig        0x800'36e7   0x14  Code  Gb  stm32f4xx_hal_tim.o [8]
TIM_ITRx_SetConfig       0x800'36d7   0x10  Code  Lc  stm32f4xx_hal_tim.o [8]
TIM_TI1_ConfigInputStage
                         0x800'3695   0x1e  Code  Lc  stm32f4xx_hal_tim.o [8]
TIM_TI2_ConfigInputStage
                         0x800'36b3   0x24  Code  Lc  stm32f4xx_hal_tim.o [8]
UART1_OUT               0x2000'001c    0x8  Data  Gb  main.o [2]
UART2_OUT               0x2000'0024    0x8  Data  Gb  main.o [2]
UART_DMAAbortOnError     0x800'2d21    0xe  Code  Lc  stm32f4xx_hal_uart.o [8]
UART_EndRxTransfer       0x800'2cd7   0x2a  Code  Lc  stm32f4xx_hal_uart.o [8]
UART_Receive_IT          0x800'2d31   0xac  Code  Lc  stm32f4xx_hal_uart.o [8]
UART_SetConfig           0x800'2e07   0xb0  Code  Lc  stm32f4xx_hal_uart.o [8]
UART_WaitOnFlagUntilTimeout
                         0x800'2c29   0x60  Code  Lc  stm32f4xx_hal_uart.o [8]
USART1_IRQHandler        0x800'60b7    0x6  Code  Gb  stm32f4xx_it.o [2]
USART2_IRQHandler        0x800'60bd    0x6  Code  Gb  stm32f4xx_it.o [2]
USART6_IRQHandler        0x800'634d         Code  Wk  startup_stm32f411xe.o [1]
USBD_CDC                0x2000'0048   0x38  Data  Gb  usbd_cdc.o [10]
USBD_CDC_CfgDesc        0x2000'0080   0x44  Data  Lc  usbd_cdc.o [10]
USBD_CDC_DataIn          0x800'3cbf   0x74  Code  Lc  usbd_cdc.o [10]
USBD_CDC_DataOut         0x800'3d33   0x3c  Code  Lc  usbd_cdc.o [10]
USBD_CDC_DeInit          0x800'3b91   0x5e  Code  Lc  usbd_cdc.o [10]
USBD_CDC_DeviceQualifierDesc
                        0x2000'003c    0xc  Data  Lc  usbd_cdc.o [10]
USBD_CDC_EP0_RxReady     0x800'3d6f   0x34  Code  Lc  usbd_cdc.o [10]
USBD_CDC_GetDeviceQualifierDescriptor
                         0x800'3e1f    0x8  Code  Gb  usbd_cdc.o [10]
USBD_CDC_GetFSCfgDesc    0x800'3da3    0x4  Code  Lc  usbd_cdc.o [10]
USBD_CDC_GetHSCfgDesc    0x800'3da7   0x3c  Code  Lc  usbd_cdc.o [10]
USBD_CDC_GetOtherSpeedCfgDesc
                         0x800'3de3    0x2  Code  Lc  usbd_cdc.o [10]
USBD_CDC_Init            0x800'3ac9   0xbe  Code  Lc  usbd_cdc.o [10]
USBD_CDC_ReceivePacket   0x800'3e7f   0x26  Code  Gb  usbd_cdc.o [10]
USBD_CDC_RegisterInterface
                         0x800'3e31   0x16  Code  Gb  usbd_cdc.o [10]
USBD_CDC_SetRxBuffer     0x800'3e65   0x1a  Code  Gb  usbd_cdc.o [10]
USBD_CDC_SetTxBuffer     0x800'3e47   0x1e  Code  Gb  usbd_cdc.o [10]
USBD_CDC_Setup           0x800'3bef   0xd0  Code  Lc  usbd_cdc.o [10]
USBD_ClrClassConfig      0x800'37e9   0x14  Code  Gb  usbd_core.o [10]
USBD_CoreFindEP          0x800'3a7b    0x4  Code  Gb  usbd_core.o [10]
USBD_CoreFindIF          0x800'3a77    0x4  Code  Gb  usbd_core.o [10]
USBD_CtlContinueRx       0x800'4aeb    0x4  Code  Gb  usbd_ioreq.o [10]
USBD_CtlContinueSendData
                         0x800'4ac7    0x4  Code  Gb  usbd_ioreq.o [10]
USBD_CtlError            0x800'4a5b   0x16  Code  Gb  usbd_ctlreq.o [10]
USBD_CtlPrepareRx        0x800'4ad7   0x14  Code  Gb  usbd_ioreq.o [10]
USBD_CtlReceiveStatus    0x800'4b09    0xe  Code  Gb  usbd_ioreq.o [10]
USBD_CtlSendData         0x800'4ab7   0x10  Code  Gb  usbd_ioreq.o [10]
USBD_CtlSendStatus       0x800'4afb    0xe  Code  Gb  usbd_ioreq.o [10]
USBD_FS_ConfigStrDescriptor
                         0x800'5f9d    0xc  Code  Gb  usbd_desc.o [5]
USBD_FS_DeviceDesc      0x2000'00f4   0x14  Data  Gb  usbd_desc.o [5]
USBD_FS_DeviceDescriptor
                         0x800'5f41    0x8  Code  Gb  usbd_desc.o [5]
USBD_FS_InterfaceStrDescriptor
                         0x800'5fc5    0xc  Code  Gb  usbd_desc.o [5]
USBD_FS_LangIDStrDescriptor
                         0x800'5f49    0x8  Code  Gb  usbd_desc.o [5]
USBD_FS_ManufacturerStrDescriptor
                         0x800'5f5d    0xa  Code  Gb  usbd_desc.o [5]
USBD_FS_ProductStrDescriptor
                         0x800'5f51    0xc  Code  Gb  usbd_desc.o [5]
USBD_FS_SerialStrDescriptor
                         0x800'5f71   0x2c  Code  Gb  usbd_desc.o [5]
USBD_GetEpDesc           0x800'3a7f   0x3a  Code  Gb  usbd_core.o [10]
USBD_GetNextDesc         0x800'3ab9    0xe  Code  Gb  usbd_core.o [10]
USBD_GetString           0x800'4a71   0x46  Code  Gb  usbd_ctlreq.o [10]
USBD_Get_USB_Status      0x800'4597   0x12  Code  Gb  usbd_conf.o [6]
USBD_Init                0x800'3779   0x26  Code  Gb  usbd_core.o [10]
USBD_Interface_fops_FS  0x2000'00c4   0x14  Data  Gb  usbd_cdc_if.o [5]
USBD_LL_ClearStallEP     0x800'4525    0xc  Code  Gb  usbd_conf.o [6]
USBD_LL_CloseEP          0x800'450d    0xc  Code  Gb  usbd_conf.o [6]
USBD_LL_DataInStage      0x800'38c9   0xa0  Code  Gb  usbd_core.o [10]
USBD_LL_DataOutStage     0x800'3859   0x70  Code  Gb  usbd_core.o [10]
USBD_LL_DevConnected     0x800'3a53    0x4  Code  Gb  usbd_core.o [10]
USBD_LL_DevDisconnected
                         0x800'3a57   0x20  Code  Gb  usbd_core.o [10]
USBD_LL_GetRxDataSize    0x800'4573    0x8  Code  Gb  usbd_conf.o [6]
USBD_LL_Init             0x800'448d   0x5a  Code  Gb  usbd_conf.o [6]
USBD_LL_IsStallEP        0x800'4531   0x1e  Code  Gb  usbd_conf.o [6]
USBD_LL_IsoINIncomplete
                         0x800'3a0b   0x1c  Code  Gb  usbd_core.o [10]
USBD_LL_IsoOUTIncomplete
                         0x800'3a27   0x1c  Code  Gb  usbd_core.o [10]
USBD_LL_OpenEP           0x800'44f7   0x16  Code  Gb  usbd_conf.o [6]
USBD_LL_PrepareReceive   0x800'4567    0xc  Code  Gb  usbd_conf.o [6]
USBD_LL_Reset            0x800'3969   0x5e  Code  Gb  usbd_core.o [10]
USBD_LL_Resume           0x800'39dd   0x12  Code  Gb  usbd_core.o [10]
USBD_LL_SOF              0x800'39ef   0x1c  Code  Gb  usbd_core.o [10]
USBD_LL_SetSpeed         0x800'39c7    0x6  Code  Gb  usbd_core.o [10]
USBD_LL_SetUSBAddress    0x800'454f    0xc  Code  Gb  usbd_conf.o [6]
USBD_LL_SetupStage       0x800'37fd   0x5c  Code  Gb  usbd_core.o [10]
USBD_LL_StallEP          0x800'4519    0xc  Code  Gb  usbd_conf.o [6]
USBD_LL_Start            0x800'44e7    0xa  Code  Gb  usbd_conf.o [6]
USBD_LL_Suspend          0x800'39cd   0x10  Code  Gb  usbd_core.o [10]
USBD_LL_Transmit         0x800'455b    0xc  Code  Gb  usbd_conf.o [6]
USBD_LangIDDesc         0x2000'0108    0x4  Data  Gb  usbd_desc.o [5]
USBD_ParseSetupRequest   0x800'4a31   0x2a  Code  Gb  usbd_ctlreq.o [10]
USBD_RegisterClass       0x800'379f   0x32  Code  Gb  usbd_core.o [10]
USBD_SetClassConfig      0x800'37d5   0x14  Code  Gb  usbd_core.o [10]
USBD_SetConfig::cfgidx  0x2000'1fd4    0x1  Data  Lc  usbd_ctlreq.o [10]
USBD_Start               0x800'37d1    0x4  Code  Gb  usbd_core.o [10]
USBD_StdDevReq           0x800'45b5  0x2a4  Code  Gb  usbd_ctlreq.o [10]
USBD_StdEPReq            0x800'48e5  0x144  Code  Gb  usbd_ctlreq.o [10]
USBD_StdItfReq           0x800'487b   0x6a  Code  Gb  usbd_ctlreq.o [10]
USBD_StrDesc            0x2000'1b48  0x200  Data  Gb  usbd_desc.o [5]
USBD_StringSerial       0x2000'010c   0x1c  Data  Gb  usbd_desc.o [5]
USBD_static_free         0x800'4595    0x2  Code  Gb  usbd_conf.o [6]
USBD_static_malloc       0x800'457b    0x4  Code  Gb  usbd_conf.o [6]
USBD_static_malloc::mem
                        0x2000'1928  0x220  Data  Lc  usbd_conf.o [6]
USB_ActivateEndpoint     0x800'58af   0x5c  Code  Gb  stm32f4xx_ll_usb.o [8]
USB_ActivateSetup        0x800'5df5   0x18  Code  Gb  stm32f4xx_ll_usb.o [8]
USB_CoreInit             0x800'54f9   0x78  Code  Gb  stm32f4xx_ll_usb.o [8]
USB_CoreReset            0x800'5e51   0x46  Code  Lc  stm32f4xx_ll_usb.o [8]
USB_DeactivateEndpoint   0x800'591d   0x4c  Code  Gb  stm32f4xx_ll_usb.o [8]
USB_DevConnect           0x800'5d57   0x18  Code  Gb  stm32f4xx_ll_usb.o [8]
USB_DevDisconnect        0x800'5d6f   0x16  Code  Gb  stm32f4xx_ll_usb.o [8]
USB_DevInit              0x800'56ab  0x158  Code  Gb  stm32f4xx_ll_usb.o [8]
USB_DisableGlobalInt     0x800'5647    0x6  Code  Gb  stm32f4xx_ll_usb.o [8]
USB_EP0StartXfer         0x800'5afd   0xca  Code  Gb  stm32f4xx_ll_usb.o [8]
USB_EP0_OutStart         0x800'5e0d   0x44  Code  Gb  stm32f4xx_ll_usb.o [8]
USB_EPClearStall         0x800'5d09   0x32  Code  Gb  stm32f4xx_ll_usb.o [8]
USB_EPSetStall           0x800'5cd9   0x30  Code  Gb  stm32f4xx_ll_usb.o [8]
USB_EPStartXfer          0x800'599f  0x15e  Code  Gb  stm32f4xx_ll_usb.o [8]
USB_EPStopXfer           0x800'5bd5   0x94  Code  Gb  stm32f4xx_ll_usb.o [8]
USB_EnableGlobalInt      0x800'563f    0x8  Code  Gb  stm32f4xx_ll_usb.o [8]
USB_FlushRxFifo          0x800'5847   0x42  Code  Gb  stm32f4xx_ll_usb.o [8]
USB_FlushTxFifo          0x800'5803   0x44  Code  Gb  stm32f4xx_ll_usb.o [8]
USB_GetDevSpeed          0x800'5893   0x1c  Code  Gb  stm32f4xx_ll_usb.o [8]
USB_GetMode              0x800'5ded    0x8  Code  Gb  stm32f4xx_ll_usb.o [8]
USB_ReadDevAllInEpInterrupt
                         0x800'5da3    0xe  Code  Gb  stm32f4xx_ll_usb.o [8]
USB_ReadDevAllOutEpInterrupt
                         0x800'5d95    0xe  Code  Gb  stm32f4xx_ll_usb.o [8]
USB_ReadDevInEPInterrupt
                         0x800'5dc7   0x26  Code  Gb  stm32f4xx_ll_usb.o [8]
USB_ReadDevOutEPInterrupt
                         0x800'5db1   0x16  Code  Gb  stm32f4xx_ll_usb.o [8]
USB_ReadInterrupts       0x800'5d8b    0xa  Code  Gb  stm32f4xx_ll_usb.o [8]
USB_ReadPacket           0x800'5c99   0x40  Code  Gb  stm32f4xx_ll_usb.o [8]
USB_SetCurrentMode       0x800'5653   0x58  Code  Gb  stm32f4xx_ll_usb.o [8]
USB_SetDevAddress        0x800'5d3b   0x16  Code  Gb  stm32f4xx_ll_usb.o [8]
USB_SetDevSpeed          0x800'5889    0xa  Code  Gb  stm32f4xx_ll_usb.o [8]
USB_SetTurnaroundTime    0x800'5571   0xce  Code  Gb  stm32f4xx_ll_usb.o [8]
USB_WritePacket          0x800'5c75   0x24  Code  Gb  stm32f4xx_ll_usb.o [8]
USERPath                0x2000'1fd0    0x4  Data  Gb  fatfs.o [3]
USER_Driver             0x2000'0128   0x14  Data  Gb  user_diskio.o [4]
USER_initialize          0x800'6215    0x2  Code  Gb  user_diskio.o [4]
USER_ioctl               0x800'6231    0x4  Code  Gb  user_diskio.o [4]
USER_read                0x800'6229    0x4  Code  Gb  user_diskio.o [4]
USER_status              0x800'6219    0x2  Code  Gb  user_diskio.o [4]
USER_write               0x800'622d    0x4  Code  Gb  user_diskio.o [4]
UsageFault_Handler       0x800'6049    0x2  Code  Gb  stm32f4xx_it.o [2]
UserRxBufferFS          0x2000'0140  0x800  Data  Gb  usbd_cdc_if.o [5]
UserTxBufferFS          0x2000'0940  0x800  Data  Gb  usbd_cdc_if.o [5]
WWDG_IRQHandler          0x800'62b1         Code  Wk  startup_stm32f411xe.o [1]
__NVIC_SetPriority       0x800'1431   0x1a  Code  Lc  stm32f4xx_hal_cortex.o [8]
__aeabi_ldiv0            0x800'4351         Code  Gb  I64DivZer.o [13]
__aeabi_memclr           0x800'4b19         Code  Gb  ABImemclr.o [13]
__aeabi_memclr4          0x800'2ed1         Code  Gb  ABImemclr4.o [13]
__aeabi_memset           0x800'31f9         Code  Gb  ABImemset.o [13]
__cmain                  0x800'6235         Code  Gb  cmain.o [13]
__exit                   0x800'6269   0x14  Code  Gb  exit.o [14]
__iar_Memset             0x800'31f9         Code  Gb  ABImemset.o [13]
__iar_Memset4_word       0x800'431d         Code  Gb  ABImemset48.o [13]
__iar_Memset8_word       0x800'431d         Code  Gb  ABImemset48.o [13]
__iar_Memset_word        0x800'3201         Code  Gb  ABImemset.o [13]
__iar_data_init3         0x800'6189   0x28  Code  Gb  data_init.o [13]
__iar_init_vfp           0x800'61b1         Code  Gb  fpinit_M.o [12]
__iar_lz77_init_single3
                         0x800'1913   0x7e  Code  Gb  lz77_init_single.o [13]
__iar_program_start      0x800'627d         Code  Gb  cstartup_M.o [13]
__iar_small_Memcpy       0x800'5f29         Code  Gb  ABImemcpy_small.o [13]
__iar_small_memcpy       0x800'5f25         Code  Gb  ABImemcpy_small.o [13]
__iar_small_memcpy4      0x800'5f25         Code  Gb  ABImemcpy_small.o [13]
__iar_small_memcpy8      0x800'5f25         Code  Gb  ABImemcpy_small.o [13]
__iar_small_uldivmod     0x800'3261         Code  Gb  I64DivMod_small.o [13]
__iar_zero_init3         0x800'6151   0x38  Code  Gb  zero_init3.o [13]
__low_level_init         0x800'6253    0x4  Code  Gb  low_level_init.o [11]
__vector_table           0x800'0000         Data  Gb  startup_stm32f411xe.o [1]
_call_main               0x800'6241         Code  Gb  cmain.o [13]
_exit                    0x800'625d         Code  Gb  cexit.o [13]
disk                    0x2000'1fb8    0xc  Data  Gb  ff_gen_drv.o [9]
exit                     0x800'6257    0x4  Code  Gb  exit.o [11]
hUsbDeviceFS            0x2000'164c  0x2dc  Data  Gb  usb_device.o [5]
hadc1                   0x2000'1ea0   0x48  Data  Gb  adc.o [2]
hcrc                    0x2000'1fc4    0x8  Data  Gb  crc.o [2]
hi2c1                   0x2000'1df8   0x54  Data  Gb  i2c.o [2]
hi2c2                   0x2000'1e4c   0x54  Data  Gb  i2c.o [2]
hpcd_USB_OTG_FS         0x2000'1140  0x50c  Data  Gb  usbd_conf.o [6]
hspi1                   0x2000'1d48   0x58  Data  Gb  spi.o [2]
hspi2                   0x2000'1da0   0x58  Data  Gb  spi.o [2]
htim2                   0x2000'1ee8   0x48  Data  Gb  tim.o [2]
huart1                  0x2000'1f30   0x44  Data  Gb  usart.o [2]
huart2                  0x2000'1f74   0x44  Data  Gb  usart.o [2]
i                       0x2000'0001    0x1  Data  Gb  main.o [2]
main                     0x800'1245   0xee  Code  Gb  main.o [2]
memset                   0x800'141d   0x14  Code  Gb  memset.o [13]
prog_freg                0x800'1e7b   0x26  Code  Gb  RX5808.o [2]
retUSER                 0x2000'1fcc    0x1  Data  Gb  fatfs.o [3]
uwTick                  0x2000'0030    0x4  Data  Gb  stm32f4xx_hal.o [8]
uwTickFreq              0x2000'002c    0x1  Data  Gb  stm32f4xx_hal.o [8]
uwTickPrio              0x2000'0034    0x4  Data  Gb  stm32f4xx_hal.o [8]


[1] = D:\STM Project\Mirror5_8G\F411_HW_Mode\EWARM\F411_HW_Mode\Obj\Application\EWARM
[2] = D:\STM Project\Mirror5_8G\F411_HW_Mode\EWARM\F411_HW_Mode\Obj\Application\User\Core
[3] = D:\STM Project\Mirror5_8G\F411_HW_Mode\EWARM\F411_HW_Mode\Obj\Application\User\FATFS\App
[4] = D:\STM Project\Mirror5_8G\F411_HW_Mode\EWARM\F411_HW_Mode\Obj\Application\User\FATFS\Target
[5] = D:\STM Project\Mirror5_8G\F411_HW_Mode\EWARM\F411_HW_Mode\Obj\Application\User\USB_DEVICE\App
[6] = D:\STM Project\Mirror5_8G\F411_HW_Mode\EWARM\F411_HW_Mode\Obj\Application\User\USB_DEVICE\Target
[7] = D:\STM Project\Mirror5_8G\F411_HW_Mode\EWARM\F411_HW_Mode\Obj\Drivers\CMSIS
[8] = D:\STM Project\Mirror5_8G\F411_HW_Mode\EWARM\F411_HW_Mode\Obj\Drivers\STM32F4xx_HAL_Driver
[9] = D:\STM Project\Mirror5_8G\F411_HW_Mode\EWARM\F411_HW_Mode\Obj\Middlewares\FatFs
[10] = D:\STM Project\Mirror5_8G\F411_HW_Mode\EWARM\F411_HW_Mode\Obj\Middlewares\USB_Device_Library
[11] = dl7M_tlf.a
[12] = m7M_tls.a
[13] = rt7M_tl.a
[14] = shb_l.a

  25'402 bytes of readonly  code memory
     269 bytes of readonly  data memory
   9'170 bytes of readwrite data memory

Errors: none
Warnings: none
