D:/STM Project/Mirror5_8G/F103_HW_SPI_UART/Core/Src/main.c:139:6:InputTx1Pin	1
D:/STM Project/Mirror5_8G/F103_HW_SPI_UART/Core/Src/main.c:151:6:UART_Tx1Pin	1
D:/STM Project/Mirror5_8G/F103_HW_SPI_UART/Core/Src/main.c:165:6:OutTx1Pin	1
D:/STM Project/Mirror5_8G/F103_HW_SPI_UART/Core/Src/main.c:178:6:InputTx2Pin	1
D:/STM Project/Mirror5_8G/F103_HW_SPI_UART/Core/Src/main.c:190:6:UART_Tx2Pin	1
D:/STM Project/Mirror5_8G/F103_HW_SPI_UART/Core/Src/main.c:204:6:OutTx2Pin	1
D:/STM Project/Mirror5_8G/F103_HW_SPI_UART/Core/Src/main.c:216:9:trampCrc	2
D:/STM Project/Mirror5_8G/F103_HW_SPI_UART/Core/Src/main.c:237:6:Fill_Cmd_freq	2
D:/STM Project/Mirror5_8G/F103_HW_SPI_UART/Core/Src/main.c:255:5:main	6
D:/STM Project/Mirror5_8G/F103_HW_SPI_UART/Core/Src/main.c:659:6:SystemClock_Config	4
D:/STM Project/Mirror5_8G/F103_HW_SPI_UART/Core/Src/main.c:708:6:Error_Handler	1
