D:/STM Project/Mirror5_8G/F411_HW_SPI_UART/Core/Src/main.c:145:6:InputTx1Pin	32	static
D:/STM Project/Mirror5_8G/F411_HW_SPI_UART/Core/Src/main.c:157:6:UART_Tx1Pin	32	static
D:/STM Project/Mirror5_8G/F411_HW_SPI_UART/Core/Src/main.c:171:6:OutTx1Pin	32	static
D:/STM Project/Mirror5_8G/F411_HW_SPI_UART/Core/Src/main.c:184:6:InputTx2Pin	32	static
D:/STM Project/Mirror5_8G/F411_HW_SPI_UART/Core/Src/main.c:196:6:UART_Tx2Pin	32	static
D:/STM Project/Mirror5_8G/F411_HW_SPI_UART/Core/Src/main.c:210:6:OutTx2Pin	32	static
D:/STM Project/Mirror5_8G/F411_HW_SPI_UART/Core/Src/main.c:222:9:trampCrc	24	static
D:/STM Project/Mirror5_8G/F411_HW_SPI_UART/Core/Src/main.c:243:6:Fill_Cmd_freq	24	static
D:/STM Project/Mirror5_8G/F411_HW_SPI_UART/Core/Src/main.c:260:5:main	8	static
D:/STM Project/Mirror5_8G/F411_HW_SPI_UART/Core/Src/main.c:664:6:SystemClock_Config	88	static
D:/STM Project/Mirror5_8G/F411_HW_SPI_UART/Core/Src/main.c:713:6:Error_Handler	4	static,ignoring_inline_asm
