Archive member included to satisfy reference by file (symbol)

C:/ST/STM32CubeIDE_1.13.0/STM32CubeIDE/plugins/com.st.stm32cube.ide.mcu.externaltools.gnu-tools-for-stm32.11.3.rel1.win32_1.1.100.202309141235/tools/bin/../lib/gcc/arm-none-eabi/11.3.1/../../../../arm-none-eabi/lib/thumb/v7-m/nofp\libc_nano.a(libc_a-exit.o)
                              C:/ST/STM32CubeIDE_1.13.0/STM32CubeIDE/plugins/com.st.stm32cube.ide.mcu.externaltools.gnu-tools-for-stm32.11.3.rel1.win32_1.1.100.202309141235/tools/bin/../lib/gcc/arm-none-eabi/11.3.1/../../../../arm-none-eabi/lib/thumb/v7-m/nofp/crt0.o (exit)
C:/ST/STM32CubeIDE_1.13.0/STM32CubeIDE/plugins/com.st.stm32cube.ide.mcu.externaltools.gnu-tools-for-stm32.11.3.rel1.win32_1.1.100.202309141235/tools/bin/../lib/gcc/arm-none-eabi/11.3.1/../../../../arm-none-eabi/lib/thumb/v7-m/nofp\libc_nano.a(libc_a-findfp.o)
                              C:/ST/STM32CubeIDE_1.13.0/STM32CubeIDE/plugins/com.st.stm32cube.ide.mcu.externaltools.gnu-tools-for-stm32.11.3.rel1.win32_1.1.100.202309141235/tools/bin/../lib/gcc/arm-none-eabi/11.3.1/../../../../arm-none-eabi/lib/thumb/v7-m/nofp\libc_nano.a(libc_a-exit.o) (__stdio_exit_handler)
C:/ST/STM32CubeIDE_1.13.0/STM32CubeIDE/plugins/com.st.stm32cube.ide.mcu.externaltools.gnu-tools-for-stm32.11.3.rel1.win32_1.1.100.202309141235/tools/bin/../lib/gcc/arm-none-eabi/11.3.1/../../../../arm-none-eabi/lib/thumb/v7-m/nofp\libc_nano.a(libc_a-fwalk.o)
                              C:/ST/STM32CubeIDE_1.13.0/STM32CubeIDE/plugins/com.st.stm32cube.ide.mcu.externaltools.gnu-tools-for-stm32.11.3.rel1.win32_1.1.100.202309141235/tools/bin/../lib/gcc/arm-none-eabi/11.3.1/../../../../arm-none-eabi/lib/thumb/v7-m/nofp\libc_nano.a(libc_a-findfp.o) (_fwalk_sglue)
C:/ST/STM32CubeIDE_1.13.0/STM32CubeIDE/plugins/com.st.stm32cube.ide.mcu.externaltools.gnu-tools-for-stm32.11.3.rel1.win32_1.1.100.202309141235/tools/bin/../lib/gcc/arm-none-eabi/11.3.1/../../../../arm-none-eabi/lib/thumb/v7-m/nofp\libc_nano.a(libc_a-stdio.o)
                              C:/ST/STM32CubeIDE_1.13.0/STM32CubeIDE/plugins/com.st.stm32cube.ide.mcu.externaltools.gnu-tools-for-stm32.11.3.rel1.win32_1.1.100.202309141235/tools/bin/../lib/gcc/arm-none-eabi/11.3.1/../../../../arm-none-eabi/lib/thumb/v7-m/nofp\libc_nano.a(libc_a-findfp.o) (__sread)
C:/ST/STM32CubeIDE_1.13.0/STM32CubeIDE/plugins/com.st.stm32cube.ide.mcu.externaltools.gnu-tools-for-stm32.11.3.rel1.win32_1.1.100.202309141235/tools/bin/../lib/gcc/arm-none-eabi/11.3.1/../../../../arm-none-eabi/lib/thumb/v7-m/nofp\libc_nano.a(libc_a-memset.o)
                              C:/ST/STM32CubeIDE_1.13.0/STM32CubeIDE/plugins/com.st.stm32cube.ide.mcu.externaltools.gnu-tools-for-stm32.11.3.rel1.win32_1.1.100.202309141235/tools/bin/../lib/gcc/arm-none-eabi/11.3.1/../../../../arm-none-eabi/lib/thumb/v7-m/nofp/crt0.o (memset)
C:/ST/STM32CubeIDE_1.13.0/STM32CubeIDE/plugins/com.st.stm32cube.ide.mcu.externaltools.gnu-tools-for-stm32.11.3.rel1.win32_1.1.100.202309141235/tools/bin/../lib/gcc/arm-none-eabi/11.3.1/../../../../arm-none-eabi/lib/thumb/v7-m/nofp\libc_nano.a(libc_a-closer.o)
                              C:/ST/STM32CubeIDE_1.13.0/STM32CubeIDE/plugins/com.st.stm32cube.ide.mcu.externaltools.gnu-tools-for-stm32.11.3.rel1.win32_1.1.100.202309141235/tools/bin/../lib/gcc/arm-none-eabi/11.3.1/../../../../arm-none-eabi/lib/thumb/v7-m/nofp\libc_nano.a(libc_a-stdio.o) (_close_r)
C:/ST/STM32CubeIDE_1.13.0/STM32CubeIDE/plugins/com.st.stm32cube.ide.mcu.externaltools.gnu-tools-for-stm32.11.3.rel1.win32_1.1.100.202309141235/tools/bin/../lib/gcc/arm-none-eabi/11.3.1/../../../../arm-none-eabi/lib/thumb/v7-m/nofp\libc_nano.a(libc_a-reent.o)
                              C:/ST/STM32CubeIDE_1.13.0/STM32CubeIDE/plugins/com.st.stm32cube.ide.mcu.externaltools.gnu-tools-for-stm32.11.3.rel1.win32_1.1.100.202309141235/tools/bin/../lib/gcc/arm-none-eabi/11.3.1/../../../../arm-none-eabi/lib/thumb/v7-m/nofp\libc_nano.a(libc_a-closer.o) (errno)
C:/ST/STM32CubeIDE_1.13.0/STM32CubeIDE/plugins/com.st.stm32cube.ide.mcu.externaltools.gnu-tools-for-stm32.11.3.rel1.win32_1.1.100.202309141235/tools/bin/../lib/gcc/arm-none-eabi/11.3.1/../../../../arm-none-eabi/lib/thumb/v7-m/nofp\libc_nano.a(libc_a-impure.o)
                              C:/ST/STM32CubeIDE_1.13.0/STM32CubeIDE/plugins/com.st.stm32cube.ide.mcu.externaltools.gnu-tools-for-stm32.11.3.rel1.win32_1.1.100.202309141235/tools/bin/../lib/gcc/arm-none-eabi/11.3.1/../../../../arm-none-eabi/lib/thumb/v7-m/nofp\libc_nano.a(libc_a-reent.o) (_impure_ptr)
C:/ST/STM32CubeIDE_1.13.0/STM32CubeIDE/plugins/com.st.stm32cube.ide.mcu.externaltools.gnu-tools-for-stm32.11.3.rel1.win32_1.1.100.202309141235/tools/bin/../lib/gcc/arm-none-eabi/11.3.1/../../../../arm-none-eabi/lib/thumb/v7-m/nofp\libc_nano.a(libc_a-lseekr.o)
[...]
Memory Configuration

Name             Origin             Length             Attributes
RAM              0x0000000020000000 0x0000000000005000 xrw
FLASH            0x0000000008000000 0x0000000000010000 xr
*default*        0x0000000000000000 0xffffffffffffffff

Linker script and memory map

LOAD C:/ST/STM32CubeIDE_1.13.0/STM32CubeIDE/plugins/com.st.stm32cube.ide.mcu.externaltools.gnu-tools-for-stm32.11.3.rel1.win32_1.1.100.202309141235/tools/bin/../lib/gcc/arm-none-eabi/11.3.1/thumb/v7-m/nofp/crti.o
LOAD C:/ST/STM32CubeIDE_1.13.0/STM32CubeIDE/plugins/com.st.stm32cube.ide.mcu.externaltools.gnu-tools-for-stm32.11.3.rel1.win32_1.1.100.202309141235/tools/bin/../lib/gcc/arm-none-eabi/11.3.1/thumb/v7-m/nofp/crtbegin.o
LOAD C:/ST/STM32CubeIDE_1.13.0/STM32CubeIDE/plugins/com.st.stm32cube.ide.mcu.externaltools.gnu-tools-for-stm32.11.3.rel1.win32_1.1.100.202309141235/tools/bin/../lib/gcc/arm-none-eabi/11.3.1/../../../../arm-none-eabi/lib/thumb/v7-m/nofp/crt0.o
LOAD ./Application/User/Core/RX5808.o
LOAD ./Application/User/Core/adc.o
LOAD ./Application/User/Core/dma.o
LOAD ./Application/User/Core/gpio.o
LOAD ./Application/User/Core/i2c.o
LOAD ./Application/User/Core/main.o
LOAD ./Application/User/Core/spi.o
LOAD ./Application/User/Core/stm32f1xx_hal_msp.o
LOAD ./Application/User/Core/stm32f1xx_it.o
LOAD ./Application/User/Core/syscalls.o
LOAD ./Application/User/Core/sysmem.o
LOAD ./Application/User/Core/usart.o
LOAD ./Application/User/Startup/startup_stm32f103c8tx.o
LOAD ./Drivers/CMSIS/system_stm32f1xx.o
LOAD ./Drivers/STM32F1xx_HAL_Driver/stm32f1xx_hal.o
LOAD ./Drivers/STM32F1xx_HAL_Driver/stm32f1xx_hal_adc.o
LOAD ./Drivers/STM32F1xx_HAL_Driver/stm32f1xx_hal_adc_ex.o
LOAD ./Drivers/STM32F1xx_HAL_Driver/stm32f1xx_hal_cortex.o
LOAD ./Drivers/STM32F1xx_HAL_Driver/stm32f1xx_hal_dma.o
LOAD ./Drivers/STM32F1xx_HAL_Driver/stm32f1xx_hal_exti.o
LOAD ./Drivers/STM32F1xx_HAL_Driver/stm32f1xx_hal_flash.o
LOAD ./Drivers/STM32F1xx_HAL_Driver/stm32f1xx_hal_flash_ex.o
LOAD ./Drivers/STM32F1xx_HAL_Driver/stm32f1xx_hal_gpio.o
LOAD ./Drivers/STM32F1xx_HAL_Driver/stm32f1xx_hal_gpio_ex.o
LOAD ./Drivers/STM32F1xx_HAL_Driver/stm32f1xx_hal_i2c.o
LOAD ./Drivers/STM32F1xx_HAL_Driver/stm32f1xx_hal_pwr.o
LOAD ./Drivers/STM32F1xx_HAL_Driver/stm32f1xx_hal_rcc.o
LOAD ./Drivers/STM32F1xx_HAL_Driver/stm32f1xx_hal_rcc_ex.o
LOAD ./Drivers/STM32F1xx_HAL_Driver/stm32f1xx_hal_spi.o
LOAD ./Drivers/STM32F1xx_HAL_Driver/stm32f1xx_hal_tim.o
LOAD ./Drivers/STM32F1xx_HAL_Driver/stm32f1xx_hal_tim_ex.o
LOAD ./Drivers/STM32F1xx_HAL_Driver/stm32f1xx_hal_uart.o
START GROUP
LOAD C:/ST/STM32CubeIDE_1.13.0/STM32CubeIDE/plugins/com.st.stm32cube.ide.mcu.externaltools.gnu-tools-for-stm32.11.3.rel1.win32_1.1.100.202309141235/tools/bin/../lib/gcc/arm-none-eabi/11.3.1/../../../../arm-none-eabi/lib/thumb/v7-m/nofp\libc_nano.a
LOAD C:/ST/STM32CubeIDE_1.13.0/STM32CubeIDE/plugins/com.st.stm32cube.ide.mcu.externaltools.gnu-tools-for-stm32.11.3.rel1.win32_1.1.100.202309141235/tools/bin/../lib/gcc/arm-none-eabi/11.3.1/../../../../arm-none-eabi/lib/thumb/v7-m/nofp\libm.a
END GROUP
START GROUP
LOAD C:/ST/STM32CubeIDE_1.13.0/STM32CubeIDE/plugins/com.st.stm32cube.ide.mcu.externaltools.gnu-tools-for-stm32.11.3.rel1.win32_1.1.100.202309141235/tools/bin/../lib/gcc/arm-none-eabi/11.3.1/thumb/v7-m/nofp\libgcc.a
LOAD C:/ST/STM32CubeIDE_1.13.0/STM32CubeIDE/plugins/com.st.stm32cube.ide.mcu.externaltools.gnu-tools-for-stm32.11.3.rel1.win32_1.1.100.202309141235/tools/bin/../lib/gcc/arm-none-eabi/11.3.1/../../../../arm-none-eabi/lib/thumb/v7-m/nofp\libc_nano.a
END GROUP
START GROUP
LOAD C:/ST/STM32CubeIDE_1.13.0/STM32CubeIDE/plugins/com.st.stm32cube.ide.mcu.externaltools.gnu-tools-for-stm32.11.3.rel1.win32_1.1.100.202309141235/tools/bin/../lib/gcc/arm-none-eabi/11.3.1/thumb/v7-m/nofp\libgcc.a
LOAD C:/ST/STM32CubeIDE_1.13.0/STM32CubeIDE/plugins/com.st.stm32cube.ide.mcu.externaltools.gnu-tools-for-stm32.11.3.rel1.win32_1.1.100.202309141235/tools/bin/../lib/gcc/arm-none-eabi/11.3.1/../../../../arm-none-eabi/lib/thumb/v7-m/nofp\libc_nano.a
LOAD C:/ST/STM32CubeIDE_1.13.0/STM32CubeIDE/plugins/com.st.stm32cube.ide.mcu.externaltools.gnu-tools-for-stm32.11.3.rel1.win32_1.1.100.202309141235/tools/bin/../lib/gcc/arm-none-eabi/11.3.1/../../../../arm-none-eabi/lib/thumb/v7-m/nofp\libnosys.a
END GROUP
START GROUP
LOAD C:/ST/STM32CubeIDE_1.13.0/STM32CubeIDE/plugins/com.st.stm32cube.ide.mcu.externaltools.gnu-tools-for-stm32.11.3.rel1.win32_1.1.100.202309141235/tools/bin/../lib/gcc/arm-none-eabi/11.3.1/thumb/v7-m/nofp\libgcc.a
LOAD C:/ST/STM32CubeIDE_1.13.0/STM32CubeIDE/plugins/com.st.stm32cube.ide.mcu.externaltools.gnu-tools-for-stm32.11.3.rel1.win32_1.1.100.202309141235/tools/bin/../lib/gcc/arm-none-eabi/11.3.1/../../../../arm-none-eabi/lib/thumb/v7-m/nofp\libc_nano.a
LOAD C:/ST/STM32CubeIDE_1.13.0/STM32CubeIDE/plugins/com.st.stm32cube.ide.mcu.externaltools.gnu-tools-for-stm32.11.3.rel1.win32_1.1.100.202309141235/tools/bin/../lib/gcc/arm-none-eabi/11.3.1/../../../../arm-none-eabi/lib/thumb/v7-m/nofp\libnosys.a
END GROUP
LOAD C:/ST/STM32CubeIDE_1.13.0/STM32CubeIDE/plugins/com.st.stm32cube.ide.mcu.externaltools.gnu-tools-for-stm32.11.3.rel1.win32_1.1.100.202309141235/tools/bin/../lib/gcc/arm-none-eabi/11.3.1/thumb/v7-m/nofp/crtend.o
LOAD C:/ST/STM32CubeIDE_1.13.0/STM32CubeIDE/plugins/com.st.stm32cube.ide.mcu.externaltools.gnu-tools-for-stm32.11.3.rel1.win32_1.1.100.202309141235/tools/bin/../lib/gcc/arm-none-eabi/11.3.1/thumb/v7-m/nofp/crtn.o
                0x0000000020005000                _estack = (ORIGIN (RAM) + LENGTH (RAM))
                0x0000000000000200                _Min_Heap_Size = 0x200
                0x0000000000000400                _Min_Stack_Size = 0x400

.isr_vector     0x0000000008000000      0x10c
                0x0000000008000000                . = ALIGN (0x4)
 *(.isr_vector)
 .isr_vector    0x0000000008000000      0x10c ./Application/User/Startup/startup_stm32f103c8tx.o
                0x0000000008000000                g_pfnVectors
                0x000000000800010c                . = ALIGN (0x4)

.text           0x0000000008000110     0x7250
                0x0000000008000110                . = ALIGN (0x4)
 *(.text)
 .text          0x0000000008000110       0x40 C:/ST/STM32CubeIDE_1.13.0/STM32CubeIDE/plugins/com.st.stm32cube.ide.mcu.externaltools.gnu-tools-for-stm32.11.3.rel1.win32_1.1.100.202309141235/tools/bin/../lib/gcc/arm-none-eabi/11.3.1/thumb/v7-m/nofp/crtbegin.o
 .text          0x0000000008000150      0x378 C:/ST/STM32CubeIDE_1.13.0/STM32CubeIDE/plugins/com.st.stm32cube.ide.mcu.externaltools.gnu-tools-for-stm32.11.3.rel1.win32_1.1.100.202309141235/tools/bin/../lib/gcc/arm-none-eabi/11.3.1/thumb/v7-m/nofp\libgcc.a(_arm_addsubdf3.o)
                0x0000000008000150                __aeabi_drsub
                0x0000000008000158                __aeabi_dsub
                0x0000000008000158                __subdf3
                0x000000000800015c                __aeabi_dadd
                0x000000000800015c                __adddf3
                0x00000000080003d4                __floatunsidf
                0x00000000080003d4                __aeabi_ui2d
                0x00000000080003f4                __floatsidf
                0x00000000080003f4                __aeabi_i2d
                0x0000000008000418                __aeabi_f2d
                0x0000000008000418                __extendsfdf2
                0x000000000800045c                __floatundidf
                0x000000000800045c                __aeabi_ul2d
                0x000000000800046c                __floatdidf
                0x000000000800046c                __aeabi_l2d
 .text          0x00000000080004c8      0x424 C:/ST/STM32CubeIDE_1.13.0/STM32CubeIDE/plugins/com.st.stm32cube.ide.mcu.externaltools.gnu-tools-for-stm32.11.3.rel1.win32_1.1.100.202309141235/tools/bin/../lib/gcc/arm-none-eabi/11.3.1/thumb/v7-m/nofp\libgcc.a(_arm_muldivdf3.o)
                0x00000000080004c8                __aeabi_dmul
                0x00000000080004c8                __muldf3
                0x000000000800071c                __divdf3
                0x000000000800071c                __aeabi_ddiv
 .text          0x00000000080008ec       0xa0 C:/ST/STM32CubeIDE_1.13.0/STM32CubeIDE/plugins/com.st.stm32cube.ide.mcu.externaltools.gnu-tools-for-stm32.11.3.rel1.win32_1.1.100.202309141235/tools/bin/../lib/gcc/arm-none-eabi/11.3.1/thumb/v7-m/nofp\libgcc.a(_arm_truncdfsf2.o)
                0x00000000080008ec                __truncdfsf2
                0x00000000080008ec                __aeabi_d2f
 .text          0x000000000800098c      0x21c C:/ST/STM32CubeIDE_1.13.0/STM32CubeIDE/plugins/com.st.stm32cube.ide.mcu.externaltools.gnu-tools-for-stm32.11.3.rel1.win32_1.1.100.202309141235/tools/bin/../lib/gcc/arm-none-eabi/11.3.1/thumb/v7-m/nofp\libgcc.a(_arm_addsubsf3.o)
                0x000000000800098c                __aeabi_frsub
                0x0000000008000994                __subsf3
                0x0000000008000994                __aeabi_fsub
                0x0000000008000998                __aeabi_fadd
                0x0000000008000998                __addsf3
                0x0000000008000af8                __aeabi_ui2f
                0x0000000008000af8                __floatunsisf
                0x0000000008000b00                __aeabi_i2f
                0x0000000008000b00                __floatsisf
                0x0000000008000b1c                __aeabi_ul2f
                0x0000000008000b1c                __floatundisf
                0x0000000008000b2c                __aeabi_l2f
                0x0000000008000b2c                __floatdisf
 .text          0x0000000008000ba8      0x2a0 C:/ST/STM32CubeIDE_1.13.0/STM32CubeIDE/plugins/com.st.stm32cube.ide.mcu.externaltools.gnu-tools-for-stm32.11.3.rel1.win32_1.1.100.202309141235/tools/bin/../lib/gcc/arm-none-eabi/11.3.1/thumb/v7-m/nofp\libgcc.a(_arm_muldivsf3.o)
                0x0000000008000ba8                __mulsf3
                0x0000000008000ba8                __aeabi_fmul
                0x0000000008000d10                __aeabi_fdiv
                0x0000000008000d10                __divsf3
 *(.text*)
 .text.OutSPI1Pin
                0x0000000008000e48       0x40 ./Application/User/Core/RX5808.o
                0x0000000008000e48                OutSPI1Pin
 .text.RX5808_Init
                0x0000000008000e88       0x28 ./Application/User/Core/RX5808.o
                0x0000000008000e88                RX5808_Init
 .text.prog_freg
                0x0000000008000eb0       0x64 ./Application/User/Core/RX5808.o
                0x0000000008000eb0                prog_freg
 .text.MX_ADC1_Init
                0x0000000008000f14       0xa0 ./Application/User/Core/adc.o
                0x0000000008000f14                MX_ADC1_Init
 .text.HAL_ADC_MspInit
                0x0000000008000fb4       0xe0 ./Application/User/Core/adc.o
                0x0000000008000fb4                HAL_ADC_MspInit
 .text.MX_DMA_Init
                0x0000000008001094       0x3c ./Application/User/Core/dma.o
                0x0000000008001094                MX_DMA_Init
 .text.MX_GPIO_Init
                0x00000000080010d0      0x1a8 ./Application/User/Core/gpio.o
                0x00000000080010d0                MX_GPIO_Init
 .text.MX_I2C1_Init
                0x0000000008001278       0x5c ./Application/User/Core/i2c.o
                0x0000000008001278                MX_I2C1_Init
 .text.MX_I2C2_Init
                0x00000000080012d4       0x5c ./Application/User/Core/i2c.o
                0x00000000080012d4                MX_I2C2_Init
 .text.HAL_I2C_MspInit
                0x0000000008001330      0x138 ./Application/User/Core/i2c.o
                0x0000000008001330                HAL_I2C_MspInit
 .text.InputTx2Pin
                0x0000000008001468       0x40 ./Application/User/Core/main.o
                0x0000000008001468                InputTx2Pin
 .text.Fill_Cmd_freq
                0x00000000080014a8       0x74 ./Application/User/Core/main.o
                0x00000000080014a8                Fill_Cmd_freq
 *fill*         0x000000000800151c        0x4 
 .text.main     0x0000000008001520      0x460 ./Application/User/Core/main.o
                0x0000000008001520                main
 .text.SystemClock_Config
                0x0000000008001980       0xae ./Application/User/Core/main.o
                0x0000000008001980                SystemClock_Config
 .text.Error_Handler
                0x0000000008001a2e        0xa ./Application/User/Core/main.o
                0x0000000008001a2e                Error_Handler
 .text.MX_SPI1_Init
                0x0000000008001a38       0x70 ./Application/User/Core/spi.o
                0x0000000008001a38                MX_SPI1_Init
 .text.HAL_SPI_MspInit
                0x0000000008001aa8       0x8c ./Application/User/Core/spi.o
                0x0000000008001aa8                HAL_SPI_MspInit
 .text.HAL_MspInit
                0x0000000008001b34       0x64 ./Application/User/Core/stm32f1xx_hal_msp.o
                0x0000000008001b34                HAL_MspInit
 .text.NMI_Handler
                0x0000000008001b98        0x6 ./Application/User/Core/stm32f1xx_it.o
                0x0000000008001b98                NMI_Handler
 .text.HardFault_Handler
                0x0000000008001b9e        0x6 ./Application/User/Core/stm32f1xx_it.o
                0x0000000008001b9e                HardFault_Handler
 .text.MemManage_Handler
                0x0000000008001ba4        0x6 ./Application/User/Core/stm32f1xx_it.o
                0x0000000008001ba4                MemManage_Handler
 .text.BusFault_Handler
                0x0000000008001baa        0x6 ./Application/User/Core/stm32f1xx_it.o
                0x0000000008001baa                BusFault_Handler
 .text.UsageFault_Handler
                0x0000000008001bb0        0x6 ./Application/User/Core/stm32f1xx_it.o
                0x0000000008001bb0                UsageFault_Handler
 .text.SVC_Handler
                0x0000000008001bb6        0xc ./Application/User/Core/stm32f1xx_it.o
                0x0000000008001bb6                SVC_Handler
 .text.DebugMon_Handler
                0x0000000008001bc2        0xc ./Application/User/Core/stm32f1xx_it.o
                0x0000000008001bc2                DebugMon_Handler
 .text.PendSV_Handler
                0x0000000008001bce        0xc ./Application/User/Core/stm32f1xx_it.o
                0x0000000008001bce                PendSV_Handler
 .text.SysTick_Handler
                0x0000000008001bda        0xc ./Application/User/Core/stm32f1xx_it.o
                0x0000000008001bda                SysTick_Handler
 *fill*         0x0000000008001be6        0x2 
 .text.EXTI4_IRQHandler
                0x0000000008001be8       0x48 ./Application/User/Core/stm32f1xx_it.o
                0x0000000008001be8                EXTI4_IRQHandler
 .text.DMA1_Channel1_IRQHandler
                0x0000000008001c30       0x14 ./Application/User/Core/stm32f1xx_it.o
                0x0000000008001c30                DMA1_Channel1_IRQHandler
 .text.ADC1_2_IRQHandler
                0x0000000008001c44       0x24 ./Application/User/Core/stm32f1xx_it.o
                0x0000000008001c44                ADC1_2_IRQHandler
 .text.I2C1_EV_IRQHandler
                0x0000000008001c68       0x14 ./Application/User/Core/stm32f1xx_it.o
                0x0000000008001c68                I2C1_EV_IRQHandler
 .text.I2C1_ER_IRQHandler
                0x0000000008001c7c       0x14 ./Application/User/Core/stm32f1xx_it.o
                0x0000000008001c7c                I2C1_ER_IRQHandler
 .text.I2C2_EV_IRQHandler
                0x0000000008001c90       0x14 ./Application/User/Core/stm32f1xx_it.o
                0x0000000008001c90                I2C2_EV_IRQHandler
 .text.I2C2_ER_IRQHandler
                0x0000000008001ca4       0x14 ./Application/User/Core/stm32f1xx_it.o
                0x0000000008001ca4                I2C2_ER_IRQHandler
 .text.SPI1_IRQHandler
                0x0000000008001cb8       0x14 ./Application/User/Core/stm32f1xx_it.o
                0x0000000008001cb8                SPI1_IRQHandler
 .text.USART1_IRQHandler
                0x0000000008001ccc       0x14 ./Application/User/Core/stm32f1xx_it.o
                0x0000000008001ccc                USART1_IRQHandler
 .text.USART2_IRQHandler
                0x0000000008001ce0       0x14 ./Application/User/Core/stm32f1xx_it.o
                0x0000000008001ce0                USART2_IRQHandler
 .text.MX_USART1_UART_Init
                0x0000000008001cf4       0x54 ./Application/User/Core/usart.o
                0x0000000008001cf4                MX_USART1_UART_Init
 .text.MX_USART2_UART_Init
                0x0000000008001d48       0x54 ./Application/User/Core/usart.o
                0x0000000008001d48                MX_USART2_UART_Init
 .text.HAL_UART_MspInit
                0x0000000008001d9c      0x148 ./Application/User/Core/usart.o
                0x0000000008001d9c                HAL_UART_MspInit
 .text.Reset_Handler
                0x0000000008001ee4       0x48 ./Application/User/Startup/startup_stm32f103c8tx.o
                0x0000000008001ee4                Reset_Handler
 .text.Default_Handler
                0x0000000008001f2c        0x2 ./Application/User/Startup/startup_stm32f103c8tx.o
                0x0000000008001f2c                RTC_Alarm_IRQHandler
                0x0000000008001f2c                EXTI2_IRQHandler
                0x0000000008001f2c                TIM1_CC_IRQHandler
                0x0000000008001f2c                PVD_IRQHandler
                0x0000000008001f2c                EXTI3_IRQHandler
                0x0000000008001f2c                EXTI0_IRQHandler
                0x0000000008001f2c                TAMPER_IRQHandler
                0x0000000008001f2c                DMA1_Channel4_IRQHandler
                0x0000000008001f2c                USART3_IRQHandler
                0x0000000008001f2c                RTC_IRQHandler
                0x0000000008001f2c                DMA1_Channel7_IRQHandler
                0x0000000008001f2c                CAN1_RX1_IRQHandler
                0x0000000008001f2c                TIM4_IRQHandler
                0x0000000008001f2c                DMA1_Channel6_IRQHandler
                0x0000000008001f2c                TIM3_IRQHandler
                0x0000000008001f2c                RCC_IRQHandler
                0x0000000008001f2c                TIM1_TRG_COM_IRQHandler
                0x0000000008001f2c                Default_Handler
                0x0000000008001f2c                EXTI15_10_IRQHandler
                0x0000000008001f2c                EXTI9_5_IRQHandler
                0x0000000008001f2c                SPI2_IRQHandler
                0x0000000008001f2c                DMA1_Channel5_IRQHandler
                0x0000000008001f2c                USB_LP_CAN1_RX0_IRQHandler
                0x0000000008001f2c                USB_HP_CAN1_TX_IRQHandler
                0x0000000008001f2c                DMA1_Channel3_IRQHandler
                0x0000000008001f2c                TIM1_UP_IRQHandler
                0x0000000008001f2c                WWDG_IRQHandler
                0x0000000008001f2c                TIM2_IRQHandler
                0x0000000008001f2c                TIM1_BRK_IRQHandler
                0x0000000008001f2c                EXTI1_IRQHandler
                0x0000000008001f2c                DMA1_Channel2_IRQHandler
                0x0000000008001f2c                CAN1_SCE_IRQHandler
                0x0000000008001f2c                FLASH_IRQHandler
                0x0000000008001f2c                USBWakeUp_IRQHandler
 .text.SystemInit
                0x0000000008001f2e        0xc ./Drivers/CMSIS/system_stm32f1xx.o
                0x0000000008001f2e                SystemInit
 *fill*         0x0000000008001f3a        0x2 
 .text.HAL_Init
                0x0000000008001f3c       0x2c ./Drivers/STM32F1xx_HAL_Driver/stm32f1xx_hal.o
                0x0000000008001f3c                HAL_Init
 .text.HAL_InitTick
                0x0000000008001f68       0x60 ./Drivers/STM32F1xx_HAL_Driver/stm32f1xx_hal.o
                0x0000000008001f68                HAL_InitTick
 .text.HAL_IncTick
                0x0000000008001fc8       0x24 ./Drivers/STM32F1xx_HAL_Driver/stm32f1xx_hal.o
                0x0000000008001fc8                HAL_IncTick
 .text.HAL_GetTick
                0x0000000008001fec       0x14 ./Drivers/STM32F1xx_HAL_Driver/stm32f1xx_hal.o
                0x0000000008001fec                HAL_GetTick
 .text.HAL_Delay
                0x0000000008002000       0x48 ./Drivers/STM32F1xx_HAL_Driver/stm32f1xx_hal.o
                0x0000000008002000                HAL_Delay
 .text.HAL_ADC_Init
                0x0000000008002048      0x1b0 ./Drivers/STM32F1xx_HAL_Driver/stm32f1xx_hal_adc.o
                0x0000000008002048                HAL_ADC_Init
 .text.HAL_ADC_Start_IT
                0x00000000080021f8      0x16c ./Drivers/STM32F1xx_HAL_Driver/stm32f1xx_hal_adc.o
                0x00000000080021f8                HAL_ADC_Start_IT
 .text.HAL_ADC_Start_DMA
                0x0000000008002364      0x1bc ./Drivers/STM32F1xx_HAL_Driver/stm32f1xx_hal_adc.o
                0x0000000008002364                HAL_ADC_Start_DMA
 .text.HAL_ADC_GetValue
                0x0000000008002520       0x18 ./Drivers/STM32F1xx_HAL_Driver/stm32f1xx_hal_adc.o
                0x0000000008002520                HAL_ADC_GetValue
 .text.HAL_ADC_IRQHandler
                0x0000000008002538      0x17e ./Drivers/STM32F1xx_HAL_Driver/stm32f1xx_hal_adc.o
                0x0000000008002538                HAL_ADC_IRQHandler
 .text.HAL_ADC_ConvCpltCallback
                0x00000000080026b6       0x12 ./Drivers/STM32F1xx_HAL_Driver/stm32f1xx_hal_adc.o
                0x00000000080026b6                HAL_ADC_ConvCpltCallback
 .text.HAL_ADC_ConvHalfCpltCallback
                0x00000000080026c8       0x12 ./Drivers/STM32F1xx_HAL_Driver/stm32f1xx_hal_adc.o
                0x00000000080026c8                HAL_ADC_ConvHalfCpltCallback
 .text.HAL_ADC_LevelOutOfWindowCallback
                0x00000000080026da       0x12 ./Drivers/STM32F1xx_HAL_Driver/stm32f1xx_hal_adc.o
                0x00000000080026da                HAL_ADC_LevelOutOfWindowCallback
 .text.HAL_ADC_ErrorCallback
                0x00000000080026ec       0x12 ./Drivers/STM32F1xx_HAL_Driver/stm32f1xx_hal_adc.o
                0x00000000080026ec                HAL_ADC_ErrorCallback
 *fill*         0x00000000080026fe        0x2 
 .text.HAL_ADC_ConfigChannel
                0x0000000008002700      0x1f0 ./Drivers/STM32F1xx_HAL_Driver/stm32f1xx_hal_adc.o
                0x0000000008002700                HAL_ADC_ConfigChannel
 .text.ADC_Enable
                0x00000000080028f0       0xb4 ./Drivers/STM32F1xx_HAL_Driver/stm32f1xx_hal_adc.o
                0x00000000080028f0                ADC_Enable
 .text.ADC_ConversionStop_Disable
                0x00000000080029a4       0x82 ./Drivers/STM32F1xx_HAL_Driver/stm32f1xx_hal_adc.o
                0x00000000080029a4                ADC_ConversionStop_Disable
 .text.ADC_DMAConvCplt
                0x0000000008002a26       0x7c ./Drivers/STM32F1xx_HAL_Driver/stm32f1xx_hal_adc.o
                0x0000000008002a26                ADC_DMAConvCplt
 .text.ADC_DMAHalfConvCplt
                0x0000000008002aa2       0x1c ./Drivers/STM32F1xx_HAL_Driver/stm32f1xx_hal_adc.o
                0x0000000008002aa2                ADC_DMAHalfConvCplt
 .text.ADC_DMAError
                0x0000000008002abe       0x34 ./Drivers/STM32F1xx_HAL_Driver/stm32f1xx_hal_adc.o
                0x0000000008002abe                ADC_DMAError
 *fill*         0x0000000008002af2        0x2 
 .text.HAL_ADCEx_Calibration_Start
                0x0000000008002af4      0x15c ./Drivers/STM32F1xx_HAL_Driver/stm32f1xx_hal_adc_ex.o
                0x0000000008002af4                HAL_ADCEx_Calibration_Start
 .text.HAL_ADCEx_InjectedConvCpltCallback
                0x0000000008002c50       0x12 ./Drivers/STM32F1xx_HAL_Driver/stm32f1xx_hal_adc_ex.o
                0x0000000008002c50                HAL_ADCEx_InjectedConvCpltCallback
 *fill*         0x0000000008002c62        0x2 
 .text.__NVIC_SetPriorityGrouping
                0x0000000008002c64       0x48 ./Drivers/STM32F1xx_HAL_Driver/stm32f1xx_hal_cortex.o
 .text.__NVIC_GetPriorityGrouping
                0x0000000008002cac       0x1c ./Drivers/STM32F1xx_HAL_Driver/stm32f1xx_hal_cortex.o
 .text.__NVIC_EnableIRQ
                0x0000000008002cc8       0x38 ./Drivers/STM32F1xx_HAL_Driver/stm32f1xx_hal_cortex.o
 .text.__NVIC_SetPriority
                0x0000000008002d00       0x54 ./Drivers/STM32F1xx_HAL_Driver/stm32f1xx_hal_cortex.o
 .text.NVIC_EncodePriority
                0x0000000008002d54       0x64 ./Drivers/STM32F1xx_HAL_Driver/stm32f1xx_hal_cortex.o
 .text.SysTick_Config
                0x0000000008002db8       0x44 ./Drivers/STM32F1xx_HAL_Driver/stm32f1xx_hal_cortex.o
 .text.HAL_NVIC_SetPriorityGrouping
                0x0000000008002dfc       0x16 ./Drivers/STM32F1xx_HAL_Driver/stm32f1xx_hal_cortex.o
                0x0000000008002dfc                HAL_NVIC_SetPriorityGrouping
 .text.HAL_NVIC_SetPriority
                0x0000000008002e12       0x38 ./Drivers/STM32F1xx_HAL_Driver/stm32f1xx_hal_cortex.o
                0x0000000008002e12                HAL_NVIC_SetPriority
 .text.HAL_NVIC_EnableIRQ
                0x0000000008002e4a       0x1c ./Drivers/STM32F1xx_HAL_Driver/stm32f1xx_hal_cortex.o
                0x0000000008002e4a                HAL_NVIC_EnableIRQ
 .text.HAL_SYSTICK_Config
                0x0000000008002e66       0x18 ./Drivers/STM32F1xx_HAL_Driver/stm32f1xx_hal_cortex.o
                0x0000000008002e66                HAL_SYSTICK_Config
 *fill*         0x0000000008002e7e        0x2 
 .text.HAL_DMA_Init
                0x0000000008002e80       0xb4 ./Drivers/STM32F1xx_HAL_Driver/stm32f1xx_hal_dma.o
                0x0000000008002e80                HAL_DMA_Init
 .text.HAL_DMA_Start_IT
                0x0000000008002f34       0xc0 ./Drivers/STM32F1xx_HAL_Driver/stm32f1xx_hal_dma.o
                0x0000000008002f34                HAL_DMA_Start_IT
 .text.HAL_DMA_Abort
                0x0000000008002ff4       0x76 ./Drivers/STM32F1xx_HAL_Driver/stm32f1xx_hal_dma.o
                0x0000000008002ff4                HAL_DMA_Abort
 *fill*         0x000000000800306a        0x2 
 .text.HAL_DMA_Abort_IT
                0x000000000800306c       0xf0 ./Drivers/STM32F1xx_HAL_Driver/stm32f1xx_hal_dma.o
                0x000000000800306c                HAL_DMA_Abort_IT
 .text.HAL_DMA_IRQHandler
                0x000000000800315c      0x20c ./Drivers/STM32F1xx_HAL_Driver/stm32f1xx_hal_dma.o
                0x000000000800315c                HAL_DMA_IRQHandler
 .text.HAL_DMA_GetState
                0x0000000008003368       0x1a ./Drivers/STM32F1xx_HAL_Driver/stm32f1xx_hal_dma.o
                0x0000000008003368                HAL_DMA_GetState
 .text.DMA_SetConfig
                0x0000000008003382       0x5a ./Drivers/STM32F1xx_HAL_Driver/stm32f1xx_hal_dma.o
 .text.HAL_GPIO_Init
                0x00000000080033dc      0x308 ./Drivers/STM32F1xx_HAL_Driver/stm32f1xx_hal_gpio.o
                0x00000000080033dc                HAL_GPIO_Init
 .text.HAL_GPIO_WritePin
                0x00000000080036e4       0x30 ./Drivers/STM32F1xx_HAL_Driver/stm32f1xx_hal_gpio.o
                0x00000000080036e4                HAL_GPIO_WritePin
 .text.HAL_GPIO_TogglePin
                0x0000000008003714       0x32 ./Drivers/STM32F1xx_HAL_Driver/stm32f1xx_hal_gpio.o
                0x0000000008003714                HAL_GPIO_TogglePin
 *fill*         0x0000000008003746        0x2 
 .text.HAL_GPIO_EXTI_IRQHandler
                0x0000000008003748       0x30 ./Drivers/STM32F1xx_HAL_Driver/stm32f1xx_hal_gpio.o
                0x0000000008003748                HAL_GPIO_EXTI_IRQHandler
 .text.HAL_GPIO_EXTI_Callback
                0x0000000008003778       0x14 ./Drivers/STM32F1xx_HAL_Driver/stm32f1xx_hal_gpio.o
                0x0000000008003778                HAL_GPIO_EXTI_Callback
 .text.HAL_I2C_Init
                0x000000000800378c      0x288 ./Drivers/STM32F1xx_HAL_Driver/stm32f1xx_hal_i2c.o
                0x000000000800378c                HAL_I2C_Init
 .text.I2C_Flush_DR
                0x0000000008003a14       0x28 ./Drivers/STM32F1xx_HAL_Driver/stm32f1xx_hal_i2c.o
 .text.HAL_I2C_EV_IRQHandler
                0x0000000008003a3c      0x2a6 ./Drivers/STM32F1xx_HAL_Driver/stm32f1xx_hal_i2c.o
                0x0000000008003a3c                HAL_I2C_EV_IRQHandler
 .text.HAL_I2C_ER_IRQHandler
                0x0000000008003ce2      0x14e ./Drivers/STM32F1xx_HAL_Driver/stm32f1xx_hal_i2c.o
                0x0000000008003ce2                HAL_I2C_ER_IRQHandler
 .text.HAL_I2C_MasterTxCpltCallback
                0x0000000008003e30       0x12 ./Drivers/STM32F1xx_HAL_Driver/stm32f1xx_hal_i2c.o
                0x0000000008003e30                HAL_I2C_MasterTxCpltCallback
 .text.HAL_I2C_MasterRxCpltCallback
                0x0000000008003e42       0x12 ./Drivers/STM32F1xx_HAL_Driver/stm32f1xx_hal_i2c.o
                0x0000000008003e42                HAL_I2C_MasterRxCpltCallback
 .text.HAL_I2C_SlaveTxCpltCallback
                0x0000000008003e54       0x12 ./Drivers/STM32F1xx_HAL_Driver/stm32f1xx_hal_i2c.o
                0x0000000008003e54                HAL_I2C_SlaveTxCpltCallback
 .text.HAL_I2C_SlaveRxCpltCallback
                0x0000000008003e66       0x12 ./Drivers/STM32F1xx_HAL_Driver/stm32f1xx_hal_i2c.o
                0x0000000008003e66                HAL_I2C_SlaveRxCpltCallback
 .text.HAL_I2C_AddrCallback
                0x0000000008003e78       0x1a ./Drivers/STM32F1xx_HAL_Driver/stm32f1xx_hal_i2c.o
                0x0000000008003e78                HAL_I2C_AddrCallback
 .text.HAL_I2C_ListenCpltCallback
                0x0000000008003e92       0x12 ./Drivers/STM32F1xx_HAL_Driver/stm32f1xx_hal_i2c.o
                0x0000000008003e92                HAL_I2C_ListenCpltCallback
 .text.HAL_I2C_MemTxCpltCallback
                0x0000000008003ea4       0x12 ./Drivers/STM32F1xx_HAL_Driver/stm32f1xx_hal_i2c.o
                0x0000000008003ea4                HAL_I2C_MemTxCpltCallback
 .text.HAL_I2C_MemRxCpltCallback
                0x0000000008003eb6       0x12 ./Drivers/STM32F1xx_HAL_Driver/stm32f1xx_hal_i2c.o
                0x0000000008003eb6                HAL_I2C_MemRxCpltCallback
 .text.HAL_I2C_ErrorCallback
                0x0000000008003ec8       0x12 ./Drivers/STM32F1xx_HAL_Driver/stm32f1xx_hal_i2c.o
                0x0000000008003ec8                HAL_I2C_ErrorCallback
 .text.HAL_I2C_AbortCpltCallback
                0x0000000008003eda       0x12 ./Drivers/STM32F1xx_HAL_Driver/stm32f1xx_hal_i2c.o
                0x0000000008003eda                HAL_I2C_AbortCpltCallback
 .text.I2C_MasterTransmit_TXE
                0x0000000008003eec      0x138 ./Drivers/STM32F1xx_HAL_Driver/stm32f1xx_hal_i2c.o
 .text.I2C_MasterTransmit_BTF
                0x0000000008004024       0xec ./Drivers/STM32F1xx_HAL_Driver/stm32f1xx_hal_i2c.o
 .text.I2C_MemoryTransmit_TXE_BTF
                0x0000000008004110      0x130 ./Drivers/STM32F1xx_HAL_Driver/stm32f1xx_hal_i2c.o
 .text.I2C_MasterReceive_RXNE
                0x0000000008004240      0x176 ./Drivers/STM32F1xx_HAL_Driver/stm32f1xx_hal_i2c.o
 .text.I2C_MasterReceive_BTF
                0x00000000080043b6      0x1d4 ./Drivers/STM32F1xx_HAL_Driver/stm32f1xx_hal_i2c.o
 .text.I2C_Master_SB
                0x000000000800458a      0x10a ./Drivers/STM32F1xx_HAL_Driver/stm32f1xx_hal_i2c.o
 .text.I2C_Master_ADD10
                0x0000000008004694       0x52 ./Drivers/STM32F1xx_HAL_Driver/stm32f1xx_hal_i2c.o
 .text.I2C_Master_ADDR
                0x00000000080046e6      0x336 ./Drivers/STM32F1xx_HAL_Driver/stm32f1xx_hal_i2c.o
 .text.I2C_SlaveTransmit_TXE
                0x0000000008004a1c       0x7a ./Drivers/STM32F1xx_HAL_Driver/stm32f1xx_hal_i2c.o
 .text.I2C_SlaveTransmit_BTF
                0x0000000008004a96       0x40 ./Drivers/STM32F1xx_HAL_Driver/stm32f1xx_hal_i2c.o
 .text.I2C_SlaveReceive_RXNE
                0x0000000008004ad6       0x7c ./Drivers/STM32F1xx_HAL_Driver/stm32f1xx_hal_i2c.o
 .text.I2C_SlaveReceive_BTF
                0x0000000008004b52       0x42 ./Drivers/STM32F1xx_HAL_Driver/stm32f1xx_hal_i2c.o
 .text.I2C_Slave_ADDR
                0x0000000008004b94       0x90 ./Drivers/STM32F1xx_HAL_Driver/stm32f1xx_hal_i2c.o
 .text.I2C_Slave_STOPF
                0x0000000008004c24      0x260 ./Drivers/STM32F1xx_HAL_Driver/stm32f1xx_hal_i2c.o
 .text.I2C_Slave_AF
                0x0000000008004e84       0xe8 ./Drivers/STM32F1xx_HAL_Driver/stm32f1xx_hal_i2c.o
 .text.I2C_ITError
                0x0000000008004f6c      0x264 ./Drivers/STM32F1xx_HAL_Driver/stm32f1xx_hal_i2c.o
 .text.I2C_DMAAbort
                0x00000000080051d0      0x150 ./Drivers/STM32F1xx_HAL_Driver/stm32f1xx_hal_i2c.o
 .text.I2C_WaitOnSTOPRequestThroughIT
                0x0000000008005320       0x64 ./Drivers/STM32F1xx_HAL_Driver/stm32f1xx_hal_i2c.o
 .text.I2C_ConvertOtherXferOptions
                0x0000000008005384       0x34 ./Drivers/STM32F1xx_HAL_Driver/stm32f1xx_hal_i2c.o
 .text.HAL_RCC_OscConfig
                0x00000000080053b8      0x504 ./Drivers/STM32F1xx_HAL_Driver/stm32f1xx_hal_rcc.o
                0x00000000080053b8                HAL_RCC_OscConfig
 .text.HAL_RCC_ClockConfig
                0x00000000080058bc      0x1d4 ./Drivers/STM32F1xx_HAL_Driver/stm32f1xx_hal_rcc.o
                0x00000000080058bc                HAL_RCC_ClockConfig
 .text.HAL_RCC_GetSysClockFreq
                0x0000000008005a90       0xa8 ./Drivers/STM32F1xx_HAL_Driver/stm32f1xx_hal_rcc.o
                0x0000000008005a90                HAL_RCC_GetSysClockFreq
 .text.HAL_RCC_GetHCLKFreq
                0x0000000008005b38       0x14 ./Drivers/STM32F1xx_HAL_Driver/stm32f1xx_hal_rcc.o
                0x0000000008005b38                HAL_RCC_GetHCLKFreq
 .text.HAL_RCC_GetPCLK1Freq
                0x0000000008005b4c       0x28 ./Drivers/STM32F1xx_HAL_Driver/stm32f1xx_hal_rcc.o
                0x0000000008005b4c                HAL_RCC_GetPCLK1Freq
 .text.HAL_RCC_GetPCLK2Freq
                0x0000000008005b74       0x28 ./Drivers/STM32F1xx_HAL_Driver/stm32f1xx_hal_rcc.o
                0x0000000008005b74                HAL_RCC_GetPCLK2Freq
 .text.RCC_Delay
                0x0000000008005b9c       0x3c ./Drivers/STM32F1xx_HAL_Driver/stm32f1xx_hal_rcc.o
 .text.HAL_RCCEx_PeriphCLKConfig
                0x0000000008005bd8      0x16c ./Drivers/STM32F1xx_HAL_Driver/stm32f1xx_hal_rcc_ex.o
                0x0000000008005bd8                HAL_RCCEx_PeriphCLKConfig
 .text.HAL_RCCEx_GetPeriphCLKFreq
                0x0000000008005d44      0x16c ./Drivers/STM32F1xx_HAL_Driver/stm32f1xx_hal_rcc_ex.o
                0x0000000008005d44                HAL_RCCEx_GetPeriphCLKFreq
 .text.HAL_SPI_Init
                0x0000000008005eb0      0x108 ./Drivers/STM32F1xx_HAL_Driver/stm32f1xx_hal_spi.o
                0x0000000008005eb0                HAL_SPI_Init
 .text.HAL_SPI_Transmit
                0x0000000008005fb8      0x286 ./Drivers/STM32F1xx_HAL_Driver/stm32f1xx_hal_spi.o
                0x0000000008005fb8                HAL_SPI_Transmit
 *fill*         0x000000000800623e        0x2 
 .text.HAL_SPI_IRQHandler
                0x0000000008006240      0x1bc ./Drivers/STM32F1xx_HAL_Driver/stm32f1xx_hal_spi.o
                0x0000000008006240                HAL_SPI_IRQHandler
 .text.HAL_SPI_ErrorCallback
                0x00000000080063fc       0x12 ./Drivers/STM32F1xx_HAL_Driver/stm32f1xx_hal_spi.o
                0x00000000080063fc                HAL_SPI_ErrorCallback
 .text.SPI_DMAAbortOnError
                0x000000000800640e       0x28 ./Drivers/STM32F1xx_HAL_Driver/stm32f1xx_hal_spi.o
 *fill*         0x0000000008006436        0x2 
 .text.SPI_WaitFlagStateUntilTimeout
                0x0000000008006438      0x110 ./Drivers/STM32F1xx_HAL_Driver/stm32f1xx_hal_spi.o
 .text.SPI_EndRxTxTransaction
                0x0000000008006548       0x3c ./Drivers/STM32F1xx_HAL_Driver/stm32f1xx_hal_spi.o
 .text.HAL_UART_Init
                0x0000000008006584       0xa0 ./Drivers/STM32F1xx_HAL_Driver/stm32f1xx_hal_uart.o
                0x0000000008006584                HAL_UART_Init
 .text.HAL_UART_Transmit
                0x0000000008006624      0x106 ./Drivers/STM32F1xx_HAL_Driver/stm32f1xx_hal_uart.o
                0x0000000008006624                HAL_UART_Transmit
 .text.HAL_UART_Receive
                0x000000000800672a      0x124 ./Drivers/STM32F1xx_HAL_Driver/stm32f1xx_hal_uart.o
                0x000000000800672a                HAL_UART_Receive
 *fill*         0x000000000800684e        0x2 
 .text.HAL_UART_IRQHandler
                0x0000000008006850      0x524 ./Drivers/STM32F1xx_HAL_Driver/stm32f1xx_hal_uart.o
                0x0000000008006850                HAL_UART_IRQHandler
 .text.HAL_UART_TxCpltCallback
                0x0000000008006d74       0x12 ./Drivers/STM32F1xx_HAL_Driver/stm32f1xx_hal_uart.o
                0x0000000008006d74                HAL_UART_TxCpltCallback
 .text.HAL_UART_RxCpltCallback
                0x0000000008006d86       0x12 ./Drivers/STM32F1xx_HAL_Driver/stm32f1xx_hal_uart.o
                0x0000000008006d86                HAL_UART_RxCpltCallback
 .text.HAL_UART_ErrorCallback
                0x0000000008006d98       0x12 ./Drivers/STM32F1xx_HAL_Driver/stm32f1xx_hal_uart.o
                0x0000000008006d98                HAL_UART_ErrorCallback
 .text.HAL_UARTEx_RxEventCallback
                0x0000000008006daa       0x16 ./Drivers/STM32F1xx_HAL_Driver/stm32f1xx_hal_uart.o
                0x0000000008006daa                HAL_UARTEx_RxEventCallback
 .text.UART_WaitOnFlagUntilTimeout
                0x0000000008006dc0       0xdc ./Drivers/STM32F1xx_HAL_Driver/stm32f1xx_hal_uart.o
 .text.UART_EndRxTransfer
                0x0000000008006e9c       0xc4 ./Drivers/STM32F1xx_HAL_Driver/stm32f1xx_hal_uart.o
 .text.UART_DMAAbortOnError
                0x0000000008006f60       0x28 ./Drivers/STM32F1xx_HAL_Driver/stm32f1xx_hal_uart.o
 .text.UART_Transmit_IT
                0x0000000008006f88       0x9e ./Drivers/STM32F1xx_HAL_Driver/stm32f1xx_hal_uart.o
 .text.UART_EndTransmit_IT
                0x0000000008007026       0x30 ./Drivers/STM32F1xx_HAL_Driver/stm32f1xx_hal_uart.o
 .text.UART_Receive_IT
                0x0000000008007056      0x17c ./Drivers/STM32F1xx_HAL_Driver/stm32f1xx_hal_uart.o
 *fill*         0x00000000080071d2        0x2 
 .text.UART_SetConfig
                0x00000000080071d4      0x11c ./Drivers/STM32F1xx_HAL_Driver/stm32f1xx_hal_uart.o
 .text.memset   0x00000000080072f0       0x10 C:/ST/STM32CubeIDE_1.13.0/STM32CubeIDE/plugins/com.st.stm32cube.ide.mcu.externaltools.gnu-tools-for-stm32.11.3.rel1.win32_1.1.100.202309141235/tools/bin/../lib/gcc/arm-none-eabi/11.3.1/../../../../arm-none-eabi/lib/thumb/v7-m/nofp\libc_nano.a(libc_a-memset.o)
                0x00000000080072f0                memset
 .text.__libc_init_array
                0x0000000008007300       0x48 C:/ST/STM32CubeIDE_1.13.0/STM32CubeIDE/plugins/com.st.stm32cube.ide.mcu.externaltools.gnu-tools-for-stm32.11.3.rel1.win32_1.1.100.202309141235/tools/bin/../lib/gcc/arm-none-eabi/11.3.1/../../../../arm-none-eabi/lib/thumb/v7-m/nofp\libc_nano.a(libc_a-init.o)
                0x0000000008007300                __libc_init_array
 *(.glue_7)
 .glue_7        0x0000000008007348        0x0 linker stubs
 *(.glue_7t)
 .glue_7t       0x0000000008007348        0x0 linker stubs
 *(.eh_frame)
 .eh_frame      0x0000000008007348        0x0 C:/ST/STM32CubeIDE_1.13.0/STM32CubeIDE/plugins/com.st.stm32cube.ide.mcu.externaltools.gnu-tools-for-stm32.11.3.rel1.win32_1.1.100.202309141235/tools/bin/../lib/gcc/arm-none-eabi/11.3.1/thumb/v7-m/nofp/crtbegin.o
 *(.init)
 .init          0x0000000008007348        0x4 C:/ST/STM32CubeIDE_1.13.0/STM32CubeIDE/plugins/com.st.stm32cube.ide.mcu.externaltools.gnu-tools-for-stm32.11.3.rel1.win32_1.1.100.202309141235/tools/bin/../lib/gcc/arm-none-eabi/11.3.1/thumb/v7-m/nofp/crti.o
                0x0000000008007348                _init
 .init          0x000000000800734c        0x8 C:/ST/STM32CubeIDE_1.13.0/STM32CubeIDE/plugins/com.st.stm32cube.ide.mcu.externaltools.gnu-tools-for-stm32.11.3.rel1.win32_1.1.100.202309141235/tools/bin/../lib/gcc/arm-none-eabi/11.3.1/thumb/v7-m/nofp/crtn.o
 *(.fini)
 .fini          0x0000000008007354        0x4 C:/ST/STM32CubeIDE_1.13.0/STM32CubeIDE/plugins/com.st.stm32cube.ide.mcu.externaltools.gnu-tools-for-stm32.11.3.rel1.win32_1.1.100.202309141235/tools/bin/../lib/gcc/arm-none-eabi/11.3.1/thumb/v7-m/nofp/crti.o
                0x0000000008007354                _fini
 .fini          0x0000000008007358        0x8 C:/ST/STM32CubeIDE_1.13.0/STM32CubeIDE/plugins/com.st.stm32cube.ide.mcu.externaltools.gnu-tools-for-stm32.11.3.rel1.win32_1.1.100.202309141235/tools/bin/../lib/gcc/arm-none-eabi/11.3.1/thumb/v7-m/nofp/crtn.o
                0x0000000008007360                . = ALIGN (0x4)
                0x0000000008007360                _etext = .

.vfp11_veneer   0x0000000008007360        0x0
 .vfp11_veneer  0x0000000008007360        0x0 linker stubs

.v4_bx          0x0000000008007360        0x0
 .v4_bx         0x0000000008007360        0x0 linker stubs

.iplt           0x0000000008007360        0x0
 .iplt          0x0000000008007360        0x0 C:/ST/STM32CubeIDE_1.13.0/STM32CubeIDE/plugins/com.st.stm32cube.ide.mcu.externaltools.gnu-tools-for-stm32.11.3.rel1.win32_1.1.100.202309141235/tools/bin/../lib/gcc/arm-none-eabi/11.3.1/thumb/v7-m/nofp/crtbegin.o

.rodata         0x0000000008007360      0x1d4
                0x0000000008007360                . = ALIGN (0x4)
 *(.rodata)
 *(.rodata*)
 .rodata.freqs  0x0000000008007360       0x50 ./Application/User/Core/main.o
 .rodata.Norm_freqs
                0x00000000080073b0       0x50 ./Application/User/Core/main.o
 .rodata.Full_Freqs_Lst
                0x0000000008007400       0xf4 ./Application/User/Core/main.o
 .rodata.AHBPrescTable
                0x00000000080074f4       0x10 ./Drivers/CMSIS/system_stm32f1xx.o
                0x00000000080074f4                AHBPrescTable
 .rodata.APBPrescTable
                0x0000000008007504        0x8 ./Drivers/CMSIS/system_stm32f1xx.o
                0x0000000008007504                APBPrescTable
 .rodata.aPLLMULFactorTable.1
                0x000000000800750c       0x10 ./Drivers/STM32F1xx_HAL_Driver/stm32f1xx_hal_rcc.o
 .rodata.aPredivFactorTable.0
                0x000000000800751c        0x2 ./Drivers/STM32F1xx_HAL_Driver/stm32f1xx_hal_rcc.o
 *fill*         0x000000000800751e        0x2 
 .rodata.aPLLMULFactorTable.1
                0x0000000008007520       0x10 ./Drivers/STM32F1xx_HAL_Driver/stm32f1xx_hal_rcc_ex.o
 .rodata.aPredivFactorTable.0
                0x0000000008007530        0x2 ./Drivers/STM32F1xx_HAL_Driver/stm32f1xx_hal_rcc_ex.o
                0x0000000008007534                . = ALIGN (0x4)
 *fill*         0x0000000008007532        0x2 

.rel.dyn        0x0000000008007534        0x0
 .rel.iplt      0x0000000008007534        0x0 C:/ST/STM32CubeIDE_1.13.0/STM32CubeIDE/plugins/com.st.stm32cube.ide.mcu.externaltools.gnu-tools-for-stm32.11.3.rel1.win32_1.1.100.202309141235/tools/bin/../lib/gcc/arm-none-eabi/11.3.1/thumb/v7-m/nofp/crtbegin.o

.ARM.extab      0x0000000008007534        0x0
                0x0000000008007534                . = ALIGN (0x4)
 *(.ARM.extab* .gnu.linkonce.armextab.*)
                0x0000000008007534                . = ALIGN (0x4)

.ARM            0x0000000008007534        0x0
                0x0000000008007534                . = ALIGN (0x4)
                0x0000000008007534                __exidx_start = .
 *(.ARM.exidx*)
                0x0000000008007534                __exidx_end = .
                0x0000000008007534                . = ALIGN (0x4)

.preinit_array  0x0000000008007534        0x0
                0x0000000008007534                . = ALIGN (0x4)
                0x0000000008007534                PROVIDE (__preinit_array_start = .)
 *(.preinit_array*)
                0x0000000008007534                PROVIDE (__preinit_array_end = .)
                0x0000000008007534                . = ALIGN (0x4)

.init_array     0x0000000008007534        0x4
                0x0000000008007534                . = ALIGN (0x4)
                0x0000000008007534                PROVIDE (__init_array_start = .)
 *(SORT_BY_NAME(.init_array.*))
 *(.init_array*)
 .init_array    0x0000000008007534        0x4 C:/ST/STM32CubeIDE_1.13.0/STM32CubeIDE/plugins/com.st.stm32cube.ide.mcu.externaltools.gnu-tools-for-stm32.11.3.rel1.win32_1.1.100.202309141235/tools/bin/../lib/gcc/arm-none-eabi/11.3.1/thumb/v7-m/nofp/crtbegin.o
                0x0000000008007538                PROVIDE (__init_array_end = .)
                0x0000000008007538                . = ALIGN (0x4)

.fini_array     0x0000000008007538        0x4
                0x0000000008007538                . = ALIGN (0x4)
                [!provide]                        PROVIDE (__fini_array_start = .)
 *(SORT_BY_NAME(.fini_array.*))
 *(.fini_array*)
 .fini_array    0x0000000008007538        0x4 C:/ST/STM32CubeIDE_1.13.0/STM32CubeIDE/plugins/com.st.stm32cube.ide.mcu.externaltools.gnu-tools-for-stm32.11.3.rel1.win32_1.1.100.202309141235/tools/bin/../lib/gcc/arm-none-eabi/11.3.1/thumb/v7-m/nofp/crtbegin.o
                [!provide]                        PROVIDE (__fini_array_end = .)
                0x000000000800753c                . = ALIGN (0x4)
                0x000000000800753c                _sidata = LOADADDR (.data)

.data           0x0000000020000000       0x38 load address 0x000000000800753c
                0x0000000020000000                . = ALIGN (0x4)
                0x0000000020000000                _sdata = .
 *(.data)
 *(.data*)
 .data.SPI1_OUT
                0x0000000020000000        0x8 ./Application/User/Core/main.o
                0x0000000020000000                SPI1_OUT
 .data.LvlRSSI  0x0000000020000008        0x2 ./Application/User/Core/main.o
                0x0000000020000008                LvlRSSI
 *fill*         0x000000002000000a        0x2 
 .data.command_word1
                0x000000002000000c       0x10 ./Application/User/Core/main.o
                0x000000002000000c                command_word1
 .data.command_start_freq
                0x000000002000001c       0x10 ./Application/User/Core/main.o
                0x000000002000001c                command_start_freq
 .data.SystemCoreClock
                0x000000002000002c        0x4 ./Drivers/CMSIS/system_stm32f1xx.o
                0x000000002000002c                SystemCoreClock
 .data.uwTickPrio
                0x0000000020000030        0x4 ./Drivers/STM32F1xx_HAL_Driver/stm32f1xx_hal.o
                0x0000000020000030                uwTickPrio
 .data.uwTickFreq
                0x0000000020000034        0x1 ./Drivers/STM32F1xx_HAL_Driver/stm32f1xx_hal.o
                0x0000000020000034                uwTickFreq
 *(.RamFunc)
 *(.RamFunc*)
                0x0000000020000038                . = ALIGN (0x4)
 *fill*         0x0000000020000035        0x3 
                0x0000000020000038                _edata = .

.igot.plt       0x0000000020000038        0x0 load address 0x0000000008007574
 .igot.plt      0x0000000020000038        0x0 C:/ST/STM32CubeIDE_1.13.0/STM32CubeIDE/plugins/com.st.stm32cube.ide.mcu.externaltools.gnu-tools-for-stm32.11.3.rel1.win32_1.1.100.202309141235/tools/bin/../lib/gcc/arm-none-eabi/11.3.1/thumb/v7-m/nofp/crtbegin.o
                0x0000000020000038                . = ALIGN (0x4)

.bss            0x0000000020000038      0x7d0 load address 0x0000000008007574
                0x0000000020000038                _sbss = .
                0x0000000020000038                __bss_start__ = _sbss
 *(.bss)
 .bss           0x0000000020000038       0x1c C:/ST/STM32CubeIDE_1.13.0/STM32CubeIDE/plugins/com.st.stm32cube.ide.mcu.externaltools.gnu-tools-for-stm32.11.3.rel1.win32_1.1.100.202309141235/tools/bin/../lib/gcc/arm-none-eabi/11.3.1/thumb/v7-m/nofp/crtbegin.o
 *(.bss*)
 .bss.hadc1     0x0000000020000054       0x30 ./Application/User/Core/adc.o
                0x0000000020000054                hadc1
 .bss.hdma_adc1
                0x0000000020000084       0x44 ./Application/User/Core/adc.o
                0x0000000020000084                hdma_adc1
 .bss.hi2c1     0x00000000200000c8       0x54 ./Application/User/Core/i2c.o
                0x00000000200000c8                hi2c1
 .bss.hi2c2     0x000000002000011c       0x54 ./Application/User/Core/i2c.o
                0x000000002000011c                hi2c2
 .bss.Packs     0x0000000020000170      0x2dc ./Application/User/Core/main.o
                0x0000000020000170                Packs
 .bss.CLK1_CNT  0x000000002000044c        0x1 ./Application/User/Core/main.o
                0x000000002000044c                CLK1_CNT
 *fill*         0x000000002000044d        0x1 
 .bss.i         0x000000002000044e        0x2 ./Application/User/Core/main.o
                0x000000002000044e                i
 .bss.j         0x0000000020000450        0x2 ./Application/User/Core/main.o
                0x0000000020000450                j
 .bss.k         0x0000000020000452        0x2 ./Application/User/Core/main.o
                0x0000000020000452                k
 .bss.l         0x0000000020000454        0x2 ./Application/User/Core/main.o
                0x0000000020000454                l
 *fill*         0x0000000020000456        0x2 
 .bss.mcuVoltage
                0x0000000020000458        0x4 ./Application/User/Core/main.o
                0x0000000020000458                mcuVoltage
 .bss.batteryVoltage
                0x000000002000045c        0x4 ./Application/User/Core/main.o
                0x000000002000045c                batteryVoltage
 .bss.adcDMA_Data
                0x0000000020000460        0x4 ./Application/User/Core/main.o
                0x0000000020000460                adcDMA_Data
 .bss.adcData   0x0000000020000464       0xf4 ./Application/User/Core/main.o
                0x0000000020000464                adcData
 .bss.TmpADC    0x0000000020000558        0x4 ./Application/User/Core/main.o
                0x0000000020000558                TmpADC
 .bss.Fnd_Idx   0x000000002000055c        0x1 ./Application/User/Core/main.o
                0x000000002000055c                Fnd_Idx
 *fill*         0x000000002000055d        0x1 
 .bss.maxRSSI   0x000000002000055e        0x2 ./Application/User/Core/main.o
                0x000000002000055e                maxRSSI
 .bss.AvgRSSI   0x0000000020000560        0x2 ./Application/User/Core/main.o
                0x0000000020000560                AvgRSSI
 *fill*         0x0000000020000562        0x2 
 .bss.SummRSSI  0x0000000020000564        0x4 ./Application/User/Core/main.o
                0x0000000020000564                SummRSSI
 .bss.RX_Freq   0x0000000020000568        0x2 ./Application/User/Core/main.o
                0x0000000020000568                RX_Freq
 *fill*         0x000000002000056a        0x2 
 .bss.Fix_freqs
                0x000000002000056c       0x50 ./Application/User/Core/main.o
                0x000000002000056c                Fix_freqs
 .bss.Fix_Norm_freqs
                0x00000000200005bc       0x50 ./Application/User/Core/main.o
                0x00000000200005bc                Fix_Norm_freqs
 .bss.Full_Freqs
                0x000000002000060c       0xf4 ./Application/User/Core/main.o
                0x000000002000060c                Full_Freqs
 .bss.receiveBuffer
                0x0000000020000700       0x1b ./Application/User/Core/main.o
                0x0000000020000700                receiveBuffer
 *fill*         0x000000002000071b        0x1 
 .bss.hspi1     0x000000002000071c       0x58 ./Application/User/Core/spi.o
                0x000000002000071c                hspi1
 .bss.huart1    0x0000000020000774       0x48 ./Application/User/Core/usart.o
                0x0000000020000774                huart1
 .bss.huart2    0x00000000200007bc       0x48 ./Application/User/Core/usart.o
                0x00000000200007bc                huart2
 .bss.uwTick    0x0000000020000804        0x4 ./Drivers/STM32F1xx_HAL_Driver/stm32f1xx_hal.o
                0x0000000020000804                uwTick
 *(COMMON)
                0x0000000020000808                . = ALIGN (0x4)
                0x0000000020000808                _ebss = .
                0x0000000020000808                __bss_end__ = _ebss

._user_heap_stack
                0x0000000020000808      0x600 load address 0x0000000008007574
                0x0000000020000808                . = ALIGN (0x8)
                [!provide]                        PROVIDE (end = .)
                0x0000000020000808                PROVIDE (_end = .)
                0x0000000020000a08                . = (. + _Min_Heap_Size)
 *fill*         0x0000000020000808      0x200 
                0x0000000020000e08                . = (. + _Min_Stack_Size)
 *fill*         0x0000000020000a08      0x400 
                0x0000000020000e08                . = ALIGN (0x8)

/DISCARD/
 libc.a(*)
 libm.a(*)
 libgcc.a(*)

.ARM.attributes
                0x0000000000000000       0x29
 *(.ARM.attributes)
 .ARM.attributes
                0x0000000000000000       0x1d C:/ST/STM32CubeIDE_1.13.0/STM32CubeIDE/plugins/com.st.stm32cube.ide.mcu.externaltools.gnu-tools-for-stm32.11.3.rel1.win32_1.1.100.202309141235/tools/bin/../lib/gcc/arm-none-eabi/11.3.1/thumb/v7-m/nofp/crti.o
 .ARM.attributes
                0x000000000000001d       0x2d C:/ST/STM32CubeIDE_1.13.0/STM32CubeIDE/plugins/com.st.stm32cube.ide.mcu.externaltools.gnu-tools-for-stm32.11.3.rel1.win32_1.1.100.202309141235/tools/bin/../lib/gcc/arm-none-eabi/11.3.1/thumb/v7-m/nofp/crtbegin.o
 .ARM.attributes
                0x000000000000004a       0x2d ./Application/User/Core/RX5808.o
 .ARM.attributes
                0x0000000000000077       0x2d ./Application/User/Core/adc.o
 .ARM.attributes
                0x00000000000000a4       0x2d ./Application/User/Core/dma.o
 .ARM.attributes
                0x00000000000000d1       0x2d ./Application/User/Core/gpio.o
 .ARM.attributes
                0x00000000000000fe       0x2d ./Application/User/Core/i2c.o
 .ARM.attributes
                0x000000000000012b       0x2d ./Application/User/Core/main.o
 .ARM.attributes
                0x0000000000000158       0x2d ./Application/User/Core/spi.o
 .ARM.attributes
                0x0000000000000185       0x2d ./Application/User/Core/stm32f1xx_hal_msp.o
 .ARM.attributes
                0x00000000000001b2       0x2d ./Application/User/Core/stm32f1xx_it.o
 .ARM.attributes
                0x00000000000001df       0x2d ./Application/User/Core/usart.o
 .ARM.attributes
                0x000000000000020c       0x21 ./Application/User/Startup/startup_stm32f103c8tx.o
 .ARM.attributes
                0x000000000000022d       0x2d ./Drivers/CMSIS/system_stm32f1xx.o
 .ARM.attributes
                0x000000000000025a       0x2d ./Drivers/STM32F1xx_HAL_Driver/stm32f1xx_hal.o
 .ARM.attributes
                0x0000000000000287       0x2d ./Drivers/STM32F1xx_HAL_Driver/stm32f1xx_hal_adc.o
 .ARM.attributes
                0x00000000000002b4       0x2d ./Drivers/STM32F1xx_HAL_Driver/stm32f1xx_hal_adc_ex.o
 .ARM.attributes
                0x00000000000002e1       0x2d ./Drivers/STM32F1xx_HAL_Driver/stm32f1xx_hal_cortex.o
 .ARM.attributes
                0x000000000000030e       0x2d ./Drivers/STM32F1xx_HAL_Driver/stm32f1xx_hal_dma.o
 .ARM.attributes
                0x000000000000033b       0x2d ./Drivers/STM32F1xx_HAL_Driver/stm32f1xx_hal_gpio.o
 .ARM.attributes
                0x0000000000000368       0x2d ./Drivers/STM32F1xx_HAL_Driver/stm32f1xx_hal_i2c.o
 .ARM.attributes
                0x0000000000000395       0x2d ./Drivers/STM32F1xx_HAL_Driver/stm32f1xx_hal_rcc.o
 .ARM.attributes
                0x00000000000003c2       0x2d ./Drivers/STM32F1xx_HAL_Driver/stm32f1xx_hal_rcc_ex.o
 .ARM.attributes
                0x00000000000003ef       0x2d ./Drivers/STM32F1xx_HAL_Driver/stm32f1xx_hal_spi.o
 .ARM.attributes
                0x000000000000041c       0x2d ./Drivers/STM32F1xx_HAL_Driver/stm32f1xx_hal_uart.o
 .ARM.attributes
                0x0000000000000449       0x2d C:/ST/STM32CubeIDE_1.13.0/STM32CubeIDE/plugins/com.st.stm32cube.ide.mcu.externaltools.gnu-tools-for-stm32.11.3.rel1.win32_1.1.100.202309141235/tools/bin/../lib/gcc/arm-none-eabi/11.3.1/../../../../arm-none-eabi/lib/thumb/v7-m/nofp\libc_nano.a(libc_a-memset.o)
 .ARM.attributes
                0x0000000000000476       0x2d C:/ST/STM32CubeIDE_1.13.0/STM32CubeIDE/plugins/com.st.stm32cube.ide.mcu.externaltools.gnu-tools-for-stm32.11.3.rel1.win32_1.1.100.202309141235/tools/bin/../lib/gcc/arm-none-eabi/11.3.1/../../../../arm-none-eabi/lib/thumb/v7-m/nofp\libc_nano.a(libc_a-init.o)
 .ARM.attributes
                0x00000000000004a3       0x1d C:/ST/STM32CubeIDE_1.13.0/STM32CubeIDE/plugins/com.st.stm32cube.ide.mcu.externaltools.gnu-tools-for-stm32.11.3.rel1.win32_1.1.100.202309141235/tools/bin/../lib/gcc/arm-none-eabi/11.3.1/thumb/v7-m/nofp\libgcc.a(_arm_addsubdf3.o)
 .ARM.attributes
                0x00000000000004c0       0x1d C:/ST/STM32CubeIDE_1.13.0/STM32CubeIDE/plugins/com.st.stm32cube.ide.mcu.externaltools.gnu-tools-for-stm32.11.3.rel1.win32_1.1.100.202309141235/tools/bin/../lib/gcc/arm-none-eabi/11.3.1/thumb/v7-m/nofp\libgcc.a(_arm_muldivdf3.o)
 .ARM.attributes
                0x00000000000004dd       0x1d C:/ST/STM32CubeIDE_1.13.0/STM32CubeIDE/plugins/com.st.stm32cube.ide.mcu.externaltools.gnu-tools-for-stm32.11.3.rel1.win32_1.1.100.202309141235/tools/bin/../lib/gcc/arm-none-eabi/11.3.1/thumb/v7-m/nofp\libgcc.a(_arm_truncdfsf2.o)
 .ARM.attributes
                0x00000000000004fa       0x1d C:/ST/STM32CubeIDE_1.13.0/STM32CubeIDE/plugins/com.st.stm32cube.ide.mcu.externaltools.gnu-tools-for-stm32.11.3.rel1.win32_1.1.100.202309141235/tools/bin/../lib/gcc/arm-none-eabi/11.3.1/thumb/v7-m/nofp\libgcc.a(_arm_addsubsf3.o)
 .ARM.attributes
                0x0000000000000517       0x1d C:/ST/STM32CubeIDE_1.13.0/STM32CubeIDE/plugins/com.st.stm32cube.ide.mcu.externaltools.gnu-tools-for-stm32.11.3.rel1.win32_1.1.100.202309141235/tools/bin/../lib/gcc/arm-none-eabi/11.3.1/thumb/v7-m/nofp\libgcc.a(_arm_muldivsf3.o)
 .ARM.attributes
                0x0000000000000534       0x1d C:/ST/STM32CubeIDE_1.13.0/STM32CubeIDE/plugins/com.st.stm32cube.ide.mcu.externaltools.gnu-tools-for-stm32.11.3.rel1.win32_1.1.100.202309141235/tools/bin/../lib/gcc/arm-none-eabi/11.3.1/thumb/v7-m/nofp/crtn.o
OUTPUT(F103_HW_SPI_UART.elf elf32-littlearm)
LOAD linker stubs
LOAD C:/ST/STM32CubeIDE_1.13.0/STM32CubeIDE/plugins/com.st.stm32cube.ide.mcu.externaltools.gnu-tools-for-stm32.11.3.rel1.win32_1.1.100.202309141235/tools/bin/../lib/gcc/arm-none-eabi/11.3.1/../../../../arm-none-eabi/lib/thumb/v7-m/nofp\libc.a
LOAD C:/ST/STM32CubeIDE_1.13.0/STM32CubeIDE/plugins/com.st.stm32cube.ide.mcu.externaltools.gnu-tools-for-stm32.11.3.rel1.win32_1.1.100.202309141235/tools/bin/../lib/gcc/arm-none-eabi/11.3.1/../../../../arm-none-eabi/lib/thumb/v7-m/nofp\libm.a
LOAD C:/ST/STM32CubeIDE_1.13.0/STM32CubeIDE/plugins/com.st.stm32cube.ide.mcu.externaltools.gnu-tools-for-stm32.11.3.rel1.win32_1.1.100.202309141235/tools/bin/../lib/gcc/arm-none-eabi/11.3.1/thumb/v7-m/nofp\libgcc.a

.comment        0x0000000000000000       0x43
 .comment       0x0000000000000000       0x43 C:/ST/STM32CubeIDE_1.13.0/STM32CubeIDE/plugins/com.st.stm32cube.ide.mcu.externaltools.gnu-tools-for-stm32.11.3.rel1.win32_1.1.100.202309141235/tools/bin/../lib/gcc/arm-none-eabi/11.3.1/thumb/v7-m/nofp/crtbegin.o
                                         0x44 (size before relaxing)
 .comment       0x0000000000000043       0x44 ./Application/User/Core/RX5808.o
 .comment       0x0000000000000043       0x44 ./Application/User/Core/adc.o
 .comment       0x0000000000000043       0x44 ./Application/User/Core/dma.o
 .comment       0x0000000000000043       0x44 ./Application/User/Core/gpio.o
 .comment       0x0000000000000043       0x44 ./Application/User/Core/i2c.o
 .comment       0x0000000000000043       0x44 ./Application/User/Core/main.o
 .comment       0x0000000000000043       0x44 ./Application/User/Core/spi.o
 .comment       0x0000000000000043       0x44 ./Application/User/Core/stm32f1xx_hal_msp.o
 .comment       0x0000000000000043       0x44 ./Application/User/Core/stm32f1xx_it.o
 .comment       0x0000000000000043       0x44 ./Application/User/Core/usart.o
 .comment       0x0000000000000043       0x44 ./Drivers/CMSIS/system_stm32f1xx.o
 .comment       0x0000000000000043       0x44 ./Drivers/STM32F1xx_HAL_Driver/stm32f1xx_hal.o
 .comment       0x0000000000000043       0x44 ./Drivers/STM32F1xx_HAL_Driver/stm32f1xx_hal_adc.o
 .comment       0x0000000000000043       0x44 ./Drivers/STM32F1xx_HAL_Driver/stm32f1xx_hal_adc_ex.o
 .comment       0x0000000000000043       0x44 ./Drivers/STM32F1xx_HAL_Driver/stm32f1xx_hal_cortex.o
 .comment       0x0000000000000043       0x44 ./Drivers/STM32F1xx_HAL_Driver/stm32f1xx_hal_dma.o
 .comment       0x0000000000000043       0x44 ./Drivers/STM32F1xx_HAL_Driver/stm32f1xx_hal_gpio.o
 .comment       0x0000000000000043       0x44 ./Drivers/STM32F1xx_HAL_Driver/stm32f1xx_hal_i2c.o
 .comment       0x0000000000000043       0x44 ./Drivers/STM32F1xx_HAL_Driver/stm32f1xx_hal_rcc.o
 .comment       0x0000000000000043       0x44 ./Drivers/STM32F1xx_HAL_Driver/stm32f1xx_hal_rcc_ex.o
 .comment       0x0000000000000043       0x44 ./Drivers/STM32F1xx_HAL_Driver/stm32f1xx_hal_spi.o
 .comment       0x0000000000000043       0x44 ./Drivers/STM32F1xx_HAL_Driver/stm32f1xx_hal_uart.o

.debug_info     0x0000000000000000    0x107dd
 .debug_info    0x0000000000000000      0x445 ./Application/User/Core/RX5808.o
 .debug_info    0x0000000000000445      0x9f7 ./Application/User/Core/adc.o
 .debug_info    0x0000000000000e3c      0x34c ./Application/User/Core/dma.o
 .debug_info    0x0000000000001188      0x49b ./Application/User/Core/gpio.o
 .debug_info    0x0000000000001623      0xacf ./Application/User/Core/i2c.o
 .debug_info    0x00000000000020f2     0x1488 ./Application/User/Core/main.o
 .debug_info    0x000000000000357a      0x9ac ./Application/User/Core/spi.o
 .debug_info    0x0000000000003f26      0x274 ./Application/User/Core/stm32f1xx_hal_msp.o
 .debug_info    0x000000000000419a      0xfc0 ./Application/User/Core/stm32f1xx_it.o
 .debug_info    0x000000000000515a      0xa81 ./Application/User/Core/usart.o
 .debug_info    0x0000000000005bdb       0x23 ./Application/User/Startup/startup_stm32f103c8tx.o
 .debug_info    0x0000000000005bfe      0x222 ./Drivers/CMSIS/system_stm32f1xx.o
 .debug_info    0x0000000000005e20      0x704 ./Drivers/STM32F1xx_HAL_Driver/stm32f1xx_hal.o
 .debug_info    0x0000000000006524      0xc50 ./Drivers/STM32F1xx_HAL_Driver/stm32f1xx_hal_adc.o
 .debug_info    0x0000000000007174      0xa10 ./Drivers/STM32F1xx_HAL_Driver/stm32f1xx_hal_adc_ex.o
 .debug_info    0x0000000000007b84      0xa87 ./Drivers/STM32F1xx_HAL_Driver/stm32f1xx_hal_cortex.o
 .debug_info    0x000000000000860b      0x6d2 ./Drivers/STM32F1xx_HAL_Driver/stm32f1xx_hal_dma.o
 .debug_info    0x0000000000008cdd      0x5ab ./Drivers/STM32F1xx_HAL_Driver/stm32f1xx_hal_gpio.o
 .debug_info    0x0000000000009288     0x2515 ./Drivers/STM32F1xx_HAL_Driver/stm32f1xx_hal_i2c.o
 .debug_info    0x000000000000b79d      0x7d5 ./Drivers/STM32F1xx_HAL_Driver/stm32f1xx_hal_rcc.o
 .debug_info    0x000000000000bf72      0x3c0 ./Drivers/STM32F1xx_HAL_Driver/stm32f1xx_hal_rcc_ex.o
 .debug_info    0x000000000000c332     0x1503 ./Drivers/STM32F1xx_HAL_Driver/stm32f1xx_hal_spi.o
 .debug_info    0x000000000000d835     0x2fa8 ./Drivers/STM32F1xx_HAL_Driver/stm32f1xx_hal_uart.o

.debug_abbrev   0x0000000000000000     0x2d83
 .debug_abbrev  0x0000000000000000      0x1d1 ./Application/User/Core/RX5808.o
 .debug_abbrev  0x00000000000001d1      0x229 ./Application/User/Core/adc.o
 .debug_abbrev  0x00000000000003fa      0x115 ./Application/User/Core/dma.o
 .debug_abbrev  0x000000000000050f      0x179 ./Application/User/Core/gpio.o
 .debug_abbrev  0x0000000000000688      0x21a ./Application/User/Core/i2c.o
 .debug_abbrev  0x00000000000008a2      0x2e2 ./Application/User/Core/main.o
 .debug_abbrev  0x0000000000000b84      0x217 ./Application/User/Core/spi.o
 .debug_abbrev  0x0000000000000d9b       0xe0 ./Application/User/Core/stm32f1xx_hal_msp.o
 .debug_abbrev  0x0000000000000e7b      0x206 ./Application/User/Core/stm32f1xx_it.o
 .debug_abbrev  0x0000000000001081      0x21b ./Application/User/Core/usart.o
 .debug_abbrev  0x000000000000129c       0x12 ./Application/User/Startup/startup_stm32f103c8tx.o
 .debug_abbrev  0x00000000000012ae      0x13f ./Drivers/CMSIS/system_stm32f1xx.o
 .debug_abbrev  0x00000000000013ed      0x201 ./Drivers/STM32F1xx_HAL_Driver/stm32f1xx_hal.o
 .debug_abbrev  0x00000000000015ee      0x225 ./Drivers/STM32F1xx_HAL_Driver/stm32f1xx_hal_adc.o
 .debug_abbrev  0x0000000000001813      0x249 ./Drivers/STM32F1xx_HAL_Driver/stm32f1xx_hal_adc_ex.o
 .debug_abbrev  0x0000000000001a5c      0x2f8 ./Drivers/STM32F1xx_HAL_Driver/stm32f1xx_hal_cortex.o
 .debug_abbrev  0x0000000000001d54      0x20b ./Drivers/STM32F1xx_HAL_Driver/stm32f1xx_hal_dma.o
 .debug_abbrev  0x0000000000001f5f      0x1ca ./Drivers/STM32F1xx_HAL_Driver/stm32f1xx_hal_gpio.o
 .debug_abbrev  0x0000000000002129      0x2a3 ./Drivers/STM32F1xx_HAL_Driver/stm32f1xx_hal_i2c.o
 .debug_abbrev  0x00000000000023cc      0x2b3 ./Drivers/STM32F1xx_HAL_Driver/stm32f1xx_hal_rcc.o
 .debug_abbrev  0x000000000000267f      0x188 ./Drivers/STM32F1xx_HAL_Driver/stm32f1xx_hal_rcc_ex.o
 .debug_abbrev  0x0000000000002807      0x284 ./Drivers/STM32F1xx_HAL_Driver/stm32f1xx_hal_spi.o
 .debug_abbrev  0x0000000000002a8b      0x2f8 ./Drivers/STM32F1xx_HAL_Driver/stm32f1xx_hal_uart.o

.debug_aranges  0x0000000000000000      0xe60
 .debug_aranges
                0x0000000000000000       0x58 ./Application/User/Core/RX5808.o
 .debug_aranges
                0x0000000000000058       0x30 ./Application/User/Core/adc.o
 .debug_aranges
                0x0000000000000088       0x20 ./Application/User/Core/dma.o
 .debug_aranges
                0x00000000000000a8       0x20 ./Application/User/Core/gpio.o
 .debug_aranges
                0x00000000000000c8       0x38 ./Application/User/Core/i2c.o
 .debug_aranges
                0x0000000000000100       0x70 ./Application/User/Core/main.o
 .debug_aranges
                0x0000000000000170       0x30 ./Application/User/Core/spi.o
 .debug_aranges
                0x00000000000001a0       0x20 ./Application/User/Core/stm32f1xx_hal_msp.o
 .debug_aranges
                0x00000000000001c0       0xb0 ./Application/User/Core/stm32f1xx_it.o
 .debug_aranges
                0x0000000000000270       0x38 ./Application/User/Core/usart.o
 .debug_aranges
                0x00000000000002a8       0x28 ./Application/User/Startup/startup_stm32f103c8tx.o
 .debug_aranges
                0x00000000000002d0       0x28 ./Drivers/CMSIS/system_stm32f1xx.o
 .debug_aranges
                0x00000000000002f8       0xe0 ./Drivers/STM32F1xx_HAL_Driver/stm32f1xx_hal.o
 .debug_aranges
                0x00000000000003d8       0xf0 ./Drivers/STM32F1xx_HAL_Driver/stm32f1xx_hal_adc.o
 .debug_aranges
                0x00000000000004c8       0x80 ./Drivers/STM32F1xx_HAL_Driver/stm32f1xx_hal_adc_ex.o
 .debug_aranges
                0x0000000000000548      0x100 ./Drivers/STM32F1xx_HAL_Driver/stm32f1xx_hal_cortex.o
 .debug_aranges
                0x0000000000000648       0x80 ./Drivers/STM32F1xx_HAL_Driver/stm32f1xx_hal_dma.o
 .debug_aranges
                0x00000000000006c8       0x58 ./Drivers/STM32F1xx_HAL_Driver/stm32f1xx_hal_gpio.o
 .debug_aranges
                0x0000000000000720      0x2a8 ./Drivers/STM32F1xx_HAL_Driver/stm32f1xx_hal_i2c.o
 .debug_aranges
                0x00000000000009c8       0x90 ./Drivers/STM32F1xx_HAL_Driver/stm32f1xx_hal_rcc.o
 .debug_aranges
                0x0000000000000a58       0x30 ./Drivers/STM32F1xx_HAL_Driver/stm32f1xx_hal_rcc_ex.o
 .debug_aranges
                0x0000000000000a88      0x1d0 ./Drivers/STM32F1xx_HAL_Driver/stm32f1xx_hal_spi.o
 .debug_aranges
                0x0000000000000c58      0x208 ./Drivers/STM32F1xx_HAL_Driver/stm32f1xx_hal_uart.o

.debug_rnglists
                0x0000000000000000      0xb1d
 .debug_rnglists
                0x0000000000000000       0x3d ./Application/User/Core/RX5808.o
 .debug_rnglists
                0x000000000000003d       0x21 ./Application/User/Core/adc.o
 .debug_rnglists
                0x000000000000005e       0x13 ./Application/User/Core/dma.o
 .debug_rnglists
                0x0000000000000071       0x14 ./Application/User/Core/gpio.o
 .debug_rnglists
                0x0000000000000085       0x27 ./Application/User/Core/i2c.o
 .debug_rnglists
                0x00000000000000ac       0x51 ./Application/User/Core/main.o
 .debug_rnglists
                0x00000000000000fd       0x20 ./Application/User/Core/spi.o
 .debug_rnglists
                0x000000000000011d       0x13 ./Application/User/Core/stm32f1xx_hal_msp.o
 .debug_rnglists
                0x0000000000000130       0x7f ./Application/User/Core/stm32f1xx_it.o
 .debug_rnglists
                0x00000000000001af       0x26 ./Application/User/Core/usart.o
 .debug_rnglists
                0x00000000000001d5       0x19 ./Application/User/Startup/startup_stm32f103c8tx.o
 .debug_rnglists
                0x00000000000001ee       0x1a ./Drivers/CMSIS/system_stm32f1xx.o
 .debug_rnglists
                0x0000000000000208       0xa3 ./Drivers/STM32F1xx_HAL_Driver/stm32f1xx_hal.o
 .debug_rnglists
                0x00000000000002ab       0xbc ./Drivers/STM32F1xx_HAL_Driver/stm32f1xx_hal_adc.o
 .debug_rnglists
                0x0000000000000367       0x65 ./Drivers/STM32F1xx_HAL_Driver/stm32f1xx_hal_adc_ex.o
 .debug_rnglists
                0x00000000000003cc       0xbb ./Drivers/STM32F1xx_HAL_Driver/stm32f1xx_hal_cortex.o
 .debug_rnglists
                0x0000000000000487       0x64 ./Drivers/STM32F1xx_HAL_Driver/stm32f1xx_hal_dma.o
 .debug_rnglists
                0x00000000000004eb       0x3f ./Drivers/STM32F1xx_HAL_Driver/stm32f1xx_hal_gpio.o
 .debug_rnglists
                0x000000000000052a      0x23c ./Drivers/STM32F1xx_HAL_Driver/stm32f1xx_hal_i2c.o
 .debug_rnglists
                0x0000000000000766       0x6c ./Drivers/STM32F1xx_HAL_Driver/stm32f1xx_hal_rcc.o
 .debug_rnglists
                0x00000000000007d2       0x21 ./Drivers/STM32F1xx_HAL_Driver/stm32f1xx_hal_rcc_ex.o
 .debug_rnglists
                0x00000000000007f3      0x16e ./Drivers/STM32F1xx_HAL_Driver/stm32f1xx_hal_spi.o
 .debug_rnglists
                0x0000000000000961      0x1bc ./Drivers/STM32F1xx_HAL_Driver/stm32f1xx_hal_uart.o

.debug_macro    0x0000000000000000    0x18385
 .debug_macro   0x0000000000000000      0x1dd ./Application/User/Core/RX5808.o
 .debug_macro   0x00000000000001dd      0xa9c ./Application/User/Core/RX5808.o
 .debug_macro   0x0000000000000c79      0x22d ./Application/User/Core/RX5808.o
 .debug_macro   0x0000000000000ea6       0x2e ./Application/User/Core/RX5808.o
 .debug_macro   0x0000000000000ed4       0x22 ./Application/User/Core/RX5808.o
 .debug_macro   0x0000000000000ef6       0x22 ./Application/User/Core/RX5808.o
 .debug_macro   0x0000000000000f18       0x8e ./Application/User/Core/RX5808.o
 .debug_macro   0x0000000000000fa6       0x51 ./Application/User/Core/RX5808.o
 .debug_macro   0x0000000000000ff7      0x103 ./Application/User/Core/RX5808.o
 .debug_macro   0x00000000000010fa       0x6a ./Application/User/Core/RX5808.o
 .debug_macro   0x0000000000001164      0x1df ./Application/User/Core/RX5808.o
 .debug_macro   0x0000000000001343       0x1c ./Application/User/Core/RX5808.o
 .debug_macro   0x000000000000135f       0x22 ./Application/User/Core/RX5808.o
 .debug_macro   0x0000000000001381       0xbd ./Application/User/Core/RX5808.o
 .debug_macro   0x000000000000143e      0xd23 ./Application/User/Core/RX5808.o
 .debug_macro   0x0000000000002161     0xe09e ./Application/User/Core/RX5808.o
 .debug_macro   0x00000000000101ff       0x6d ./Application/User/Core/RX5808.o
 .debug_macro   0x000000000001026c     0x348d ./Application/User/Core/RX5808.o
 .debug_macro   0x00000000000136f9      0x174 ./Application/User/Core/RX5808.o
 .debug_macro   0x000000000001386d       0x5c ./Application/User/Core/RX5808.o
 .debug_macro   0x00000000000138c9      0x5bc ./Application/User/Core/RX5808.o
 .debug_macro   0x0000000000013e85      0x289 ./Application/User/Core/RX5808.o
 .debug_macro   0x000000000001410e      0x1cb ./Application/User/Core/RX5808.o
 .debug_macro   0x00000000000142d9      0x114 ./Application/User/Core/RX5808.o
 .debug_macro   0x00000000000143ed      0x1b2 ./Application/User/Core/RX5808.o
 .debug_macro   0x000000000001459f       0x27 ./Application/User/Core/RX5808.o
 .debug_macro   0x00000000000145c6      0x136 ./Application/User/Core/RX5808.o
 .debug_macro   0x00000000000146fc      0x1bc ./Application/User/Core/RX5808.o
 .debug_macro   0x00000000000148b8       0x34 ./Application/User/Core/RX5808.o
 .debug_macro   0x00000000000148ec       0x3c ./Application/User/Core/RX5808.o
 .debug_macro   0x0000000000014928       0x57 ./Application/User/Core/RX5808.o
 .debug_macro   0x000000000001497f      0x46a ./Application/User/Core/RX5808.o
 .debug_macro   0x0000000000014de9      0x1b5 ./Application/User/Core/RX5808.o
 .debug_macro   0x0000000000014f9e       0x87 ./Application/User/Core/RX5808.o
 .debug_macro   0x0000000000015025      0x240 ./Application/User/Core/RX5808.o
 .debug_macro   0x0000000000015265      0x287 ./Application/User/Core/RX5808.o
 .debug_macro   0x00000000000154ec      0x140 ./Application/User/Core/RX5808.o
 .debug_macro   0x000000000001562c      0x217 ./Application/User/Core/RX5808.o
 .debug_macro   0x0000000000015843      0x28e ./Application/User/Core/RX5808.o
 .debug_macro   0x0000000000015ad1       0x83 ./Application/User/Core/RX5808.o
 .debug_macro   0x0000000000015b54      0x1a1 ./Application/User/Core/RX5808.o
 .debug_macro   0x0000000000015cf5      0x1cf ./Application/User/Core/adc.o
 .debug_macro   0x0000000000015ec4      0x1cf ./Application/User/Core/dma.o
 .debug_macro   0x0000000000016093      0x1cf ./Application/User/Core/gpio.o
 .debug_macro   0x0000000000016262      0x1cf ./Application/User/Core/i2c.o
 .debug_macro   0x0000000000016431      0x269 ./Application/User/Core/main.o
 .debug_macro   0x000000000001669a      0x1cf ./Application/User/Core/spi.o
 .debug_macro   0x0000000000016869      0x1c5 ./Application/User/Core/stm32f1xx_hal_msp.o
 .debug_macro   0x0000000000016a2e      0x1d9 ./Application/User/Core/stm32f1xx_it.o
 .debug_macro   0x0000000000016c07      0x1cf ./Application/User/Core/usart.o
 .debug_macro   0x0000000000016dd6      0x1b6 ./Drivers/CMSIS/system_stm32f1xx.o
 .debug_macro   0x0000000000016f8c      0x1da ./Drivers/STM32F1xx_HAL_Driver/stm32f1xx_hal.o
 .debug_macro   0x0000000000017166      0x1d3 ./Drivers/STM32F1xx_HAL_Driver/stm32f1xx_hal_adc.o
 .debug_macro   0x0000000000017339      0x1c8 ./Drivers/STM32F1xx_HAL_Driver/stm32f1xx_hal_adc_ex.o
 .debug_macro   0x0000000000017501      0x1b6 ./Drivers/STM32F1xx_HAL_Driver/stm32f1xx_hal_cortex.o
 .debug_macro   0x00000000000176b7      0x1b6 ./Drivers/STM32F1xx_HAL_Driver/stm32f1xx_hal_dma.o
 .debug_macro   0x000000000001786d      0x221 ./Drivers/STM32F1xx_HAL_Driver/stm32f1xx_hal_gpio.o
 .debug_macro   0x0000000000017a8e      0x204 ./Drivers/STM32F1xx_HAL_Driver/stm32f1xx_hal_i2c.o
 .debug_macro   0x0000000000017c92      0x1c8 ./Drivers/STM32F1xx_HAL_Driver/stm32f1xx_hal_rcc.o
 .debug_macro   0x0000000000017e5a      0x1b6 ./Drivers/STM32F1xx_HAL_Driver/stm32f1xx_hal_rcc_ex.o
 .debug_macro   0x0000000000018010      0x1be ./Drivers/STM32F1xx_HAL_Driver/stm32f1xx_hal_spi.o
 .debug_macro   0x00000000000181ce      0x1b7 ./Drivers/STM32F1xx_HAL_Driver/stm32f1xx_hal_uart.o

.debug_line     0x0000000000000000    0x1433c
 .debug_line    0x0000000000000000      0x8f7 ./Application/User/Core/RX5808.o
 .debug_line    0x00000000000008f7      0x811 ./Application/User/Core/adc.o
 .debug_line    0x0000000000001108      0x765 ./Application/User/Core/dma.o
 .debug_line    0x000000000000186d      0x7d6 ./Application/User/Core/gpio.o
 .debug_line    0x0000000000002043      0x846 ./Application/User/Core/i2c.o
 .debug_line    0x0000000000002889      0xb04 ./Application/User/Core/main.o
 .debug_line    0x000000000000338d      0x7da ./Application/User/Core/spi.o
 .debug_line    0x0000000000003b67      0x76b ./Application/User/Core/stm32f1xx_hal_msp.o
 .debug_line    0x00000000000042d2      0x94b ./Application/User/Core/stm32f1xx_it.o
 .debug_line    0x0000000000004c1d      0x850 ./Application/User/Core/usart.o
 .debug_line    0x000000000000546d       0x78 ./Application/User/Startup/startup_stm32f103c8tx.o
 .debug_line    0x00000000000054e5      0x7e8 ./Drivers/CMSIS/system_stm32f1xx.o
 .debug_line    0x0000000000005ccd      0xa15 ./Drivers/STM32F1xx_HAL_Driver/stm32f1xx_hal.o
 .debug_line    0x00000000000066e2     0x1092 ./Drivers/STM32F1xx_HAL_Driver/stm32f1xx_hal_adc.o
 .debug_line    0x0000000000007774      0xdcc ./Drivers/STM32F1xx_HAL_Driver/stm32f1xx_hal_adc_ex.o
 .debug_line    0x0000000000008540      0xbfd ./Drivers/STM32F1xx_HAL_Driver/stm32f1xx_hal_cortex.o
 .debug_line    0x000000000000913d      0xe6e ./Drivers/STM32F1xx_HAL_Driver/stm32f1xx_hal_dma.o
 .debug_line    0x0000000000009fab      0xaae ./Drivers/STM32F1xx_HAL_Driver/stm32f1xx_hal_gpio.o
 .debug_line    0x000000000000aa59     0x3b8c ./Drivers/STM32F1xx_HAL_Driver/stm32f1xx_hal_i2c.o
 .debug_line    0x000000000000e5e5      0xe1e ./Drivers/STM32F1xx_HAL_Driver/stm32f1xx_hal_rcc.o
 .debug_line    0x000000000000f403      0x959 ./Drivers/STM32F1xx_HAL_Driver/stm32f1xx_hal_rcc_ex.o
 .debug_line    0x000000000000fd5c     0x1c9d ./Drivers/STM32F1xx_HAL_Driver/stm32f1xx_hal_spi.o
 .debug_line    0x00000000000119f9     0x2943 ./Drivers/STM32F1xx_HAL_Driver/stm32f1xx_hal_uart.o

.debug_str      0x0000000000000000    0x88d3d
 .debug_str     0x0000000000000000    0x849b0 ./Application/User/Core/RX5808.o
                                      0x84d0b (size before relaxing)
 .debug_str     0x00000000000849b0      0x69a ./Application/User/Core/adc.o
                                      0x85358 (size before relaxing)
 .debug_str     0x000000000008504a       0x51 ./Application/User/Core/dma.o
                                      0x84ee4 (size before relaxing)
 .debug_str     0x000000000008509b       0x54 ./Application/User/Core/gpio.o
                                      0x84f79 (size before relaxing)
 .debug_str     0x00000000000850ef      0x306 ./Application/User/Core/i2c.o
                                      0x85488 (size before relaxing)
 .debug_str     0x00000000000853f5      0x9c3 ./Application/User/Core/main.o
                                      0x859fb (size before relaxing)
 .debug_str     0x0000000000085db8       0x63 ./Application/User/Core/spi.o
                                      0x8539e (size before relaxing)
 .debug_str     0x0000000000085e1b       0x54 ./Application/User/Core/stm32f1xx_hal_msp.o
                                      0x84c0e (size before relaxing)
 .debug_str     0x0000000000085e6f      0x245 ./Application/User/Core/stm32f1xx_it.o
                                      0x85766 (size before relaxing)
 .debug_str     0x00000000000860b4       0x68 ./Application/User/Core/usart.o
                                      0x8541e (size before relaxing)
 .debug_str     0x000000000008611c       0x40 ./Application/User/Startup/startup_stm32f103c8tx.o
                                         0x7e (size before relaxing)
 .debug_str     0x000000000008615c       0xa6 ./Drivers/CMSIS/system_stm32f1xx.o
                                      0x84017 (size before relaxing)
 .debug_str     0x0000000000086202      0x3a2 ./Drivers/STM32F1xx_HAL_Driver/stm32f1xx_hal.o
                                      0x8474a (size before relaxing)
 .debug_str     0x00000000000865a4      0x379 ./Drivers/STM32F1xx_HAL_Driver/stm32f1xx_hal_adc.o
                                      0x846fb (size before relaxing)
 .debug_str     0x000000000008691d      0x2e4 ./Drivers/STM32F1xx_HAL_Driver/stm32f1xx_hal_adc_ex.o
                                      0x846cb (size before relaxing)
 .debug_str     0x0000000000086c01      0x2bc ./Drivers/STM32F1xx_HAL_Driver/stm32f1xx_hal_cortex.o
                                      0x84696 (size before relaxing)
 .debug_str     0x0000000000086ebd      0x20a ./Drivers/STM32F1xx_HAL_Driver/stm32f1xx_hal_dma.o
                                      0x843c0 (size before relaxing)
 .debug_str     0x00000000000870c7      0x2dd ./Drivers/STM32F1xx_HAL_Driver/stm32f1xx_hal_gpio.o
                                      0x8439d (size before relaxing)
 .debug_str     0x00000000000873a4      0xb9d ./Drivers/STM32F1xx_HAL_Driver/stm32f1xx_hal_i2c.o
                                      0x850de (size before relaxing)
 .debug_str     0x0000000000087f41      0x231 ./Drivers/STM32F1xx_HAL_Driver/stm32f1xx_hal_rcc.o
                                      0x84446 (size before relaxing)
 .debug_str     0x0000000000088172       0xa2 ./Drivers/STM32F1xx_HAL_Driver/stm32f1xx_hal_rcc_ex.o
                                      0x84196 (size before relaxing)
 .debug_str     0x0000000000088214      0x52a ./Drivers/STM32F1xx_HAL_Driver/stm32f1xx_hal_spi.o
                                      0x84943 (size before relaxing)
 .debug_str     0x000000000008873e      0x5ff ./Drivers/STM32F1xx_HAL_Driver/stm32f1xx_hal_uart.o
                                      0x84ab7 (size before relaxing)

.debug_frame    0x0000000000000000     0x3b28
 .debug_frame   0x0000000000000000      0x144 ./Application/User/Core/RX5808.o
 .debug_frame   0x0000000000000144       0x7c ./Application/User/Core/adc.o
 .debug_frame   0x00000000000001c0       0x34 ./Application/User/Core/dma.o
 .debug_frame   0x00000000000001f4       0x34 ./Application/User/Core/gpio.o
 .debug_frame   0x0000000000000228       0x90 ./Application/User/Core/i2c.o
 .debug_frame   0x00000000000002b8      0x190 ./Application/User/Core/main.o
 .debug_frame   0x0000000000000448       0x74 ./Application/User/Core/spi.o
 .debug_frame   0x00000000000004bc       0x38 ./Application/User/Core/stm32f1xx_hal_msp.o
 .debug_frame   0x00000000000004f4      0x21c ./Application/User/Core/stm32f1xx_it.o
 .debug_frame   0x0000000000000710       0x90 ./Application/User/Core/usart.o
 .debug_frame   0x00000000000007a0       0x58 ./Drivers/CMSIS/system_stm32f1xx.o
 .debug_frame   0x00000000000007f8      0x334 ./Drivers/STM32F1xx_HAL_Driver/stm32f1xx_hal.o
 .debug_frame   0x0000000000000b2c      0x40c ./Drivers/STM32F1xx_HAL_Driver/stm32f1xx_hal_adc.o
 .debug_frame   0x0000000000000f38      0x200 ./Drivers/STM32F1xx_HAL_Driver/stm32f1xx_hal_adc_ex.o
 .debug_frame   0x0000000000001138      0x428 ./Drivers/STM32F1xx_HAL_Driver/stm32f1xx_hal_cortex.o
 .debug_frame   0x0000000000001560      0x208 ./Drivers/STM32F1xx_HAL_Driver/stm32f1xx_hal_dma.o
 .debug_frame   0x0000000000001768      0x14c ./Drivers/STM32F1xx_HAL_Driver/stm32f1xx_hal_gpio.o
 .debug_frame   0x00000000000018b4      0xc84 ./Drivers/STM32F1xx_HAL_Driver/stm32f1xx_hal_i2c.o
 .debug_frame   0x0000000000002538      0x218 ./Drivers/STM32F1xx_HAL_Driver/stm32f1xx_hal_rcc.o
 .debug_frame   0x0000000000002750       0x80 ./Drivers/STM32F1xx_HAL_Driver/stm32f1xx_hal_rcc_ex.o
 .debug_frame   0x00000000000027d0      0x824 ./Drivers/STM32F1xx_HAL_Driver/stm32f1xx_hal_spi.o
 .debug_frame   0x0000000000002ff4      0x944 ./Drivers/STM32F1xx_HAL_Driver/stm32f1xx_hal_uart.o
 .debug_frame   0x0000000000003938       0x20 C:/ST/STM32CubeIDE_1.13.0/STM32CubeIDE/plugins/com.st.stm32cube.ide.mcu.externaltools.gnu-tools-for-stm32.11.3.rel1.win32_1.1.100.202309141235/tools/bin/../lib/gcc/arm-none-eabi/11.3.1/../../../../arm-none-eabi/lib/thumb/v7-m/nofp\libc_nano.a(libc_a-memset.o)
 .debug_frame   0x0000000000003958       0x2c C:/ST/STM32CubeIDE_1.13.0/STM32CubeIDE/plugins/com.st.stm32cube.ide.mcu.externaltools.gnu-tools-for-stm32.11.3.rel1.win32_1.1.100.202309141235/tools/bin/../lib/gcc/arm-none-eabi/11.3.1/../../../../arm-none-eabi/lib/thumb/v7-m/nofp\libc_nano.a(libc_a-init.o)
 .debug_frame   0x0000000000003984       0xac C:/ST/STM32CubeIDE_1.13.0/STM32CubeIDE/plugins/com.st.stm32cube.ide.mcu.externaltools.gnu-tools-for-stm32.11.3.rel1.win32_1.1.100.202309141235/tools/bin/../lib/gcc/arm-none-eabi/11.3.1/thumb/v7-m/nofp\libgcc.a(_arm_addsubdf3.o)
 .debug_frame   0x0000000000003a30       0x50 C:/ST/STM32CubeIDE_1.13.0/STM32CubeIDE/plugins/com.st.stm32cube.ide.mcu.externaltools.gnu-tools-for-stm32.11.3.rel1.win32_1.1.100.202309141235/tools/bin/../lib/gcc/arm-none-eabi/11.3.1/thumb/v7-m/nofp\libgcc.a(_arm_muldivdf3.o)
 .debug_frame   0x0000000000003a80       0x24 C:/ST/STM32CubeIDE_1.13.0/STM32CubeIDE/plugins/com.st.stm32cube.ide.mcu.externaltools.gnu-tools-for-stm32.11.3.rel1.win32_1.1.100.202309141235/tools/bin/../lib/gcc/arm-none-eabi/11.3.1/thumb/v7-m/nofp\libgcc.a(_arm_truncdfsf2.o)
 .debug_frame   0x0000000000003aa4       0x4c C:/ST/STM32CubeIDE_1.13.0/STM32CubeIDE/plugins/com.st.stm32cube.ide.mcu.externaltools.gnu-tools-for-stm32.11.3.rel1.win32_1.1.100.202309141235/tools/bin/../lib/gcc/arm-none-eabi/11.3.1/thumb/v7-m/nofp\libgcc.a(_arm_addsubsf3.o)
 .debug_frame   0x0000000000003af0       0x38 C:/ST/STM32CubeIDE_1.13.0/STM32CubeIDE/plugins/com.st.stm32cube.ide.mcu.externaltools.gnu-tools-for-stm32.11.3.rel1.win32_1.1.100.202309141235/tools/bin/../lib/gcc/arm-none-eabi/11.3.1/thumb/v7-m/nofp\libgcc.a(_arm_muldivsf3.o)

.debug_line_str
                0x0000000000000000       0x72
 .debug_line_str
                0x0000000000000000       0x72 ./Application/User/Startup/startup_stm32f103c8tx.o
                                         0x8a (size before relaxing)
